******************************************************************************
                  TI ARM Linker PC v15.12.3                    
******************************************************************************
>> Linked Mon Apr 10 11:06:40 2017

OUTPUT FILE NAME:   <rev1.0.out>
ENTRY POINT SYMBOL: "_c_int00"  address: 00007db9


MEMORY CONFIGURATION

         name            origin    length      used     unused   attr    fill
----------------------  --------  ---------  --------  --------  ----  --------
  MAIN                  00000000   00040000  000083d2  00037c2e  R  X
  INFO                  00200000   00004000  00000000  00004000  R  X
  SRAM_CODE             01000000   00010000  0000f9c0  00000640  RW X
  SRAM_DATA             20000000   00010000  0000f9c0  00000640  RW  


SEGMENT ALLOCATION MAP

run origin  load origin   length   init length attrs members
----------  ----------- ---------- ----------- ----- -------
00000000    00000000    000083d4   000083d4    r-x
  00000000    00000000    000000e4   000000e4    r-- .intvecs
  000000e4    000000e4    00007ec6   00007ec6    r-x .text
  00007fac    00007fac    000002d4   000002d4    r-- .const
  00008280    00008280    00000154   00000154    r-- .cinit
20000000    20000000    0000f7c0   00000000    rw-
  20000000    20000000    000000e4   00000000    rw- .vtable
  200000e4    200000e4    0000f684   00000000    rw- .data
  2000f768    2000f768    00000058   00000000    rw- .bss
2000fe00    2000fe00    00000200   00000000    rw-
  2000fe00    2000fe00    00000200   00000000    rw- .stack


SECTION ALLOCATION MAP

 output                                  attributes/
section   page    origin      length       input sections
--------  ----  ----------  ----------   ----------------
.intvecs   0    00000000    000000e4     
                  00000000    000000e4     startup_msp432p401r_ccs.obj (.intvecs:retain)

.binit     0    00000000    00000000     

.text      0    000000e4    00007ec6     
                  000000e4    000015a8     flash.obj (.text)
                  0000168c    0000139c     main.obj (.text)
                  00002a28    00000d7c     cs.obj (.text)
                  000037a4    000008e0     adc14.obj (.text)
                  00004084    000008a4     spi.obj (.text)
                  00004928    00000838     pcm.obj (.text)
                  00005160    000007a8     i2c.obj (.text)
                  00005908    00000508     rtc_c.obj (.text)
                  00005e10    00000480     gpio.obj (.text)
                  00006290    0000041c     uart.obj (.text)
                  000066ac    000003f0     interrupt.obj (.text)
                  00006a9c    00000370     adc_rev1.obj (.text)
                  00006e0c    0000032c     system_msp432p401r.obj (.text)
                  00007138    00000244     sysctl.obj (.text)
                  0000737c    000001e0     spi_rev1.obj (.text)
                  0000755c    00000194     uart_rev1.obj (.text)
                  000076f0    00000178     gpio_rev1.obj (.text)
                  00007868    00000150     i2c_rev1.obj (.text)
                  000079b8    000000d8     wdt_a.obj (.text)
                  00007a90    000000c0     fpu.obj (.text)
                  00007b50    0000009c     rtsv7M4_T_le_v4SPD16_eabi.lib : memcpy_t2.obj (.text)
                  00007bec    0000007a                                   : memset_t2.obj (.text)
                  00007c66    00000002                                   : mpu_init.obj (.text)
                  00007c68    00000074     systick.obj (.text)
                  00007cdc    00000070     rtsv7M4_T_le_v4SPD16_eabi.lib : autoinit.obj (.text)
                  00007d4c    0000006a                                   : copy_decompress_rle.obj (.text)
                  00007db6    00000002                                   : startup.obj (.text)
                  00007db8    00000054                                   : boot.obj (.text)
                  00007e0c    00000054                                   : exit.obj (.text)
                  00007e60    0000004c                                   : cpy_tbl.obj (.text)
                  00007eac    0000003e     cpu.obj (.text)
                  00007eea    00000030     rtsv7M4_T_le_v4SPD16_eabi.lib : strncpy.obj (.text)
                  00007f1a    00000028                                   : strncat.obj (.text)
                  00007f42    00000002     --HOLE-- [fill = 0]
                  00007f44    00000018                                   : args_main.obj (.text)
                  00007f5c    00000014                                   : _lock.obj (.text)
                  00007f70    00000014                                   : strlen.obj (.text)
                  00007f84    0000000e                                   : copy_decompress_none.obj (.text:decompress:none)
                  00007f92    0000000e     startup_msp432p401r_ccs.obj (.text)
                  00007fa0    00000006     rtsv7M4_T_le_v4SPD16_eabi.lib : copy_decompress_rle.obj (.text:decompress:rle24)
                  00007fa6    00000004                                   : pre_init.obj (.text)

.const     0    00007fac    000002d4     
                  00007fac    000000c0     adc_rev1.obj (.const:adc_info)
                  0000806c    00000080     adc14.obj (.const:_ctlRegs)
                  000080ec    00000050     interrupt.obj (.const:g_pulRegs)
                  0000813c    00000048     i2c_rev1.obj (.const:i2c_cs)
                  00008184    00000028     spi_rev1.obj (.const:spi_cs)
                  000081ac    00000024     uart_rev1.obj (.const:uartConfig)
                  000081d0    00000020     interrupt.obj (.const:g_pulPriority)
                  000081f0    0000001c     gpio.obj (.const:GPIO_PORT_TO_INT)
                  0000820c    0000001c     spi_rev1.obj (.const:spiMasterConfig_A)
                  00008228    0000001c     spi_rev1.obj (.const:spiMasterConfig_B)
                  00008244    00000014     i2c_rev1.obj (.const:i2cConfig)
                  00008258    00000008     flash.obj (.const)
                  00008260    00000008     interrupt.obj (.const:g_pulDisRegs)
                  00008268    00000008     interrupt.obj (.const:g_pulEnRegs)
                  00008270    00000008     interrupt.obj (.const:g_pulPendRegs)
                  00008278    00000008     interrupt.obj (.const:g_pulUnpendRegs)

.cinit     0    00008280    00000154     
                  00008280    00000114     (.cinit..data.load) [load image, compression = rle]
                  00008394    00000004     --HOLE-- [fill = 0]
                  00008398    00000009     (.cinit..bss.load) [load image, compression = rle]
                  000083a1    00000007     --HOLE-- [fill = 0]
                  000083a8    00000009     (.cinit..vtable.load) [load image, compression = rle]
                  000083b1    00000003     --HOLE-- [fill = 0]
                  000083b4    00000008     (__TI_handler_table)
                  000083bc    00000018     (__TI_cinit_table)

.init_array 
*          0    00000000    00000000     UNINITIALIZED

.vtable    0    20000000    000000e4     UNINITIALIZED
                  20000000    000000e4     interrupt.obj (.vtable)

.data      0    200000e4    0000f684     UNINITIALIZED
                  200000e4    0000f440     main.obj (.data:gpio_info)
                  2000f524    00000101     main.obj (.data:uart_data)
                  2000f625    00000080     uart_rev1.obj (.data:pieceOfString$2)
                  2000f6a5    00000002     uart_rev1.obj (.data)
                  2000f6a7    00000001     --HOLE--
                  2000f6a8    00000040     flash.obj (.data:__getBurstProgramRegs)
                  2000f6e8    00000030     gpio.obj (.data:GPIO_PORT_TO_BASE)
                  2000f718    0000001c     main.obj (.data:spiMasterConfig_A2)
                  2000f734    00000017     main.obj (.data)
                  2000f74b    00000001     --HOLE--
                  2000f74c    0000000c     rtsv7M4_T_le_v4SPD16_eabi.lib : exit.obj (.data:$O1$$)
                  2000f758    00000008                                   : _lock.obj (.data:$O1$$)
                  2000f760    00000004                                   : stkdepth_vars.obj (.data)
                  2000f764    00000004     system_msp432p401r.obj (.data)

.bss       0    2000f768    00000058     UNINITIALIZED
                  2000f768    00000014     (.common:gpio_edge_falling)
                  2000f77c    00000014     (.common:gpio_edge_rising)
                  2000f790    00000014     (.common:gpio_io_input)
                  2000f7a4    00000014     (.common:gpio_io_output)
                  2000f7b8    00000008     cs.obj (.bss)

.stack     0    2000fe00    00000200     UNINITIALIZED
                  2000fe00    00000200     --HOLE--

MODULE SUMMARY

       Module                        code    ro data   rw data
       ------                        ----    -------   -------
    .\
       main.obj                      5020    0         125832 
       adc_rev1.obj                  880     192       0      
       system_msp432p401r.obj        812     0         8      
       uart_rev1.obj                 404     36        260    
       spi_rev1.obj                  480     96        0      
       i2c_rev1.obj                  336     92        0      
       gpio_rev1.obj                 376     0         0      
       startup_msp432p401r_ccs.obj   14      228       0      
    +--+-----------------------------+-------+---------+---------+
       Total:                        8322    644       126100 
                                                              
    .\driverlib\MSP432P4xx\
       flash.obj                     5544    8         128    
       cs.obj                        3452    0         16     
       adc14.obj                     2272    128       0      
       spi.obj                       2212    0         0      
       pcm.obj                       2104    0         0      
       i2c.obj                       1960    0         0      
       interrupt.obj                 1008    144       456    
       rtc_c.obj                     1288    0         0      
       gpio.obj                      1152    28        96     
       uart.obj                      1052    0         0      
       sysctl.obj                    580     0         0      
       wdt_a.obj                     216     0         0      
       fpu.obj                       192     0         0      
       systick.obj                   116     0         0      
       cpu.obj                       62      0         0      
    +--+-----------------------------+-------+---------+---------+
       Total:                        23210   308       696    
                                                              
    C:\ti\ccsv6\tools\compiler\arm_15.12.3.LTS\lib\rtsv7M4_T_le_v4SPD16_eabi.lib
       memcpy_t2.obj                 156     0         0      
       memset_t2.obj                 122     0         0      
       autoinit.obj                  112     0         0      
       copy_decompress_rle.obj       112     0         0      
       exit.obj                      84      0         24     
       boot.obj                      84      0         0      
       cpy_tbl.obj                   76      0         0      
       strncpy.obj                   48      0         0      
       strncat.obj                   40      0         0      
       _lock.obj                     20      0         16     
       args_main.obj                 24      0         0      
       strlen.obj                    20      0         0      
       copy_decompress_none.obj      14      0         0      
       stkdepth_vars.obj             0       0         8      
       pre_init.obj                  4       0         0      
       mpu_init.obj                  2       0         0      
       startup.obj                   2       0         0      
    +--+-----------------------------+-------+---------+---------+
       Total:                        920     0         48     
                                                              
       Stack:                        0       0         1024   
       Linker Generated:             0       326       0      
    +--+-----------------------------+-------+---------+---------+
       Grand Total:                  32452   1278      127868 


LINKER GENERATED COPY TABLES

__TI_cinit_table @ 000083bc records: 3, size/record: 8, table size: 24
	.data: load addr=00008280, load size=00000114 bytes, run addr=200000e4, run size=0000f684 bytes, compression=rle
	.bss: load addr=00008398, load size=00000009 bytes, run addr=2000f768, run size=00000058 bytes, compression=rle
	.vtable: load addr=000083a8, load size=00000009 bytes, run addr=20000000, run size=000000e4 bytes, compression=rle


LINKER GENERATED HANDLER TABLE

__TI_handler_table @ 000083b4 records: 2, size/record: 4, table size: 8
	index: 0, handler: __TI_decompress_rle24
	index: 1, handler: __TI_decompress_none


GLOBAL SYMBOLS: SORTED ALPHABETICALLY BY Name 

address   name                                       
-------   ----                                       
00002191  ADC14_IRQHandler                           
00002191  ADC14_IRQHandler                           
00003ff9  ADC14_clearInterruptFlag                   
00003b99  ADC14_configureConversionMemory            
00003a41  ADC14_configureMultiSequenceMode           
00003ad7  ADC14_configureSingleSampleMode            
00003cd1  ADC14_disableComparatorWindow              
00003b6f  ADC14_disableConversion                    
00003f73  ADC14_disableInterrupt                     
00003915  ADC14_disableModule                        
00003eef  ADC14_disableReferenceBurst                
00003955  ADC14_disableSampleTimer                   
00003c41  ADC14_enableComparatorWindow               
00003b2d  ADC14_enableConversion                     
00003f47  ADC14_enableInterrupt                      
0000390d  ADC14_enableModule                         
00003ed9  ADC14_enableReferenceBurst                 
0000392b  ADC14_enableSampleTimer                    
00003fc9  ADC14_getEnabledInterruptStatus            
00003f9f  ADC14_getInterruptStatus                   
00003df9  ADC14_getMultiSequenceResult               
000039cb  ADC14_getResolution                        
00003ddf  ADC14_getResult                            
00003e65  ADC14_getResultArray                       
0000396b  ADC14_initModule                           
00003b7b  ADC14_isBusy                               
00004029  ADC14_registerInterrupt                    
00003d2f  ADC14_setComparatorWindowValue             
00003f05  ADC14_setPowerMode                         
000039b1  ADC14_setResolution                        
00003db5  ADC14_setResultFormat                      
00003a17  ADC14_setSampleHoldTime                    
000039d5  ADC14_setSampleHoldTrigger                 
00003b4d  ADC14_toggleConversionTrigger              
0000403d  ADC14_unregisterInterrupt                  
00007f9f  AES256_IRQHandler                          
00007f9f  BusFault_Handler                           
00007e0d  C$$EXIT                                    
00007f9f  COMP_E0_IRQHandler                         
00007f9f  COMP_E1_IRQHandler                         
00007ee1  CPU_basepriGet                             
00007ed3  CPU_basepriSet                             
00007ead  CPU_cpsid                                  
00007ec3  CPU_cpsie                                  
00007eb9  CPU_primask                                
00007ecf  CPU_wfi                                    
00007f9f  CS_IRQHandler                              
00003729  CS_clearInterruptFlag                      
00002fd1  CS_disableClockRequest                     
000030b7  CS_disableDCOExternalResistor              
000035fd  CS_disableFaultCounter                     
000036e7  CS_disableInterrupt                        
00002fa9  CS_enableClockRequest                      
00003019  CS_enableDCOExternalResistor               
000035d1  CS_enableFaultCounter                      
000036c5  CS_enableInterrupt                         
00003569  CS_getACLK                                 
00003529  CS_getBCLK                                 
000031b1  CS_getDCOFrequency                         
0000370f  CS_getEnabledInterruptStatus               
00003545  CS_getHSMCLK                               
00003709  CS_getInterruptStatus                      
000035af  CS_getMCLK                                 
0000358d  CS_getSMCLK                                
00002cc9  CS_initClockSignal                         
0000374b  CS_registerInterrupt                       
00003629  CS_resetFaultCounter                       
000030d5  CS_setDCOCenteredFrequency                 
00003041  CS_setDCOExternalResistorCalibration       
00003351  CS_setDCOFrequency                         
00002c8d  CS_setExternalClockSourceFrequency         
00002ff3  CS_setReferenceOscillatorFrequency         
00003675  CS_startFaultCounter                       
00002dcd  CS_startHFXT                               
00002df1  CS_startHFXTWithTimeout                    
00002eb5  CS_startLFXT                               
00002ed9  CS_startLFXTWithTimeout                    
0000310d  CS_tuneDCOFrequency                        
0000375f  CS_unregisterInterrupt                     
00007f9f  DMA_ERR_IRQHandler                         
00007f9f  DMA_INT0_IRQHandler                        
00007f9f  DMA_INT1_IRQHandler                        
00007f9f  DMA_INT2_IRQHandler                        
00007f9f  DMA_INT3_IRQHandler                        
00007f9f  DebugMon_Handler                           
00007f9f  Default_Handler                            
000021a5  EUSCIA0_IRQHandler                         
000021a5  EUSCIA0_IRQHandler                         
00007f9f  EUSCIA1_IRQHandler                         
00007f9f  EUSCIA2_IRQHandler                         
00007f9f  EUSCIA3_IRQHandler                         
00007f9f  EUSCIB0_IRQHandler                         
00007f9f  EUSCIB1_IRQHandler                         
00007f9f  EUSCIB2_IRQHandler                         
00007f9f  EUSCIB3_IRQHandler                         
000047f3  EUSCI_A_SPI_changeClockPhasePolarity       
000048a7  EUSCI_A_SPI_clearInterruptFlag             
000048d7  EUSCI_A_SPI_disable                        
00004875  EUSCI_A_SPI_disableInterrupt               
000048c1  EUSCI_A_SPI_enable                         
0000485b  EUSCI_A_SPI_enableInterrupt                
0000488f  EUSCI_A_SPI_getInterruptStatus             
000048ed  EUSCI_A_SPI_getReceiveBufferAddressForDMA  
000048fb  EUSCI_A_SPI_getTransmitBufferAddressForDMA 
00004909  EUSCI_A_SPI_isBusy                         
00004773  EUSCI_A_SPI_masterChangeClock              
0000484b  EUSCI_A_SPI_receiveData                    
00004753  EUSCI_A_SPI_select4PinFunctionality        
000047a9  EUSCI_A_SPI_slaveInit                      
00004835  EUSCI_A_SPI_transmitData                   
00004625  EUSCI_B_SPI_changeClockPhasePolarity       
000046d9  EUSCI_B_SPI_clearInterruptFlag             
00004709  EUSCI_B_SPI_disable                        
000046a7  EUSCI_B_SPI_disableInterrupt               
000046f3  EUSCI_B_SPI_enable                         
0000468d  EUSCI_B_SPI_enableInterrupt                
000046c1  EUSCI_B_SPI_getInterruptStatus             
0000471f  EUSCI_B_SPI_getReceiveBufferAddressForDMA  
0000472d  EUSCI_B_SPI_getTransmitBufferAddressForDMA 
0000473b  EUSCI_B_SPI_isBusy                         
000045a9  EUSCI_B_SPI_masterChangeClock              
0000467d  EUSCI_B_SPI_receiveData                    
00004589  EUSCI_B_SPI_select4PinFunctionality        
000045db  EUSCI_B_SPI_slaveInit                      
00004667  EUSCI_B_SPI_transmitData                   
00007f9f  FLCTL_IRQHandler                           
00007f9f  FPU_IRQHandler                             
00007aa3  FPU_disableModule                          
00007acf  FPU_disableStacking                        
00007ac3  FPU_enableLazyStacking                     
00007a91  FPU_enableModule                           
00007ab1  FPU_enableStacking                         
00007b0f  FPU_setFlushToZeroMode                     
00007adb  FPU_setHalfPrecisionMode                   
00007af5  FPU_setNaNMode                             
00007b29  FPU_setRoundingMode                        
0000113b  FlashCtl_clearInterruptFlag                
00000ffb  FlashCtl_clearProgramVerification          
00001111  FlashCtl_disableInterrupt                  
00000661  FlashCtl_disableReadBuffering              
00001065  FlashCtl_disableWordProgramming            
000010fd  FlashCtl_enableInterrupt                   
0000060d  FlashCtl_enableReadBuffering               
00001035  FlashCtl_enableWordProgramming             
00000c8d  FlashCtl_eraseSector                       
0000112b  FlashCtl_getEnabledInterruptStatus         
00001125  FlashCtl_getInterruptStatus                
0000028f  FlashCtl_getMemoryInfo                     
00000af1  FlashCtl_getReadMode                       
000010cb  FlashCtl_getWaitState                      
00000b1b  FlashCtl_initiateMassErase                 
00000db5  FlashCtl_initiateSectorErase               
00000791  FlashCtl_isSectorProtected                 
00001071  FlashCtl_isWordProgrammingEnabled          
00000b41  FlashCtl_performMassErase                  
00000e55  FlashCtl_programMemory                     
00000731  FlashCtl_protectSector                     
0000114f  FlashCtl_registerInterrupt                 
00000fc1  FlashCtl_setProgramVerification            
00000a85  FlashCtl_setReadMode                       
0000108d  FlashCtl_setWaitState                      
000006c1  FlashCtl_unprotectSector                   
00001163  FlashCtl_unregisterInterrupt               
0000081d  FlashCtl_verifyMemory                      
00006133  GPIO_clearInterruptFlag                    
000060f3  GPIO_disableInterrupt                      
000060d1  GPIO_enableInterrupt                       
0000618b  GPIO_getEnabledInterruptStatus             
000060a3  GPIO_getInputPinValue                      
00006115  GPIO_getInterruptStatus                    
00006155  GPIO_interruptEdgeSelect                   
0000624b  GPIO_registerInterrupt                     
00005e4b  GPIO_setAsInputPin                         
00005fff  GPIO_setAsInputPinWithPullDownResistor     
00006051  GPIO_setAsInputPinWithPullUpResistor       
00005e11  GPIO_setAsOutputPin                        
00005f15  GPIO_setAsPeripheralModuleFunctionInputPin 
00005e91  GPIO_setAsPeripheralModuleFunctionOutputPin
00006207  GPIO_setDriveStrengthHigh                  
00006229  GPIO_setDriveStrengthLow                   
00005f99  GPIO_setOutputHighOnPin                    
00005fbb  GPIO_setOutputLowOnPin                     
00005fdd  GPIO_toggleOutputOnPin                     
0000626b  GPIO_unregisterInterrupt                   
00007f9f  HardFault_Handler                          
000057c1  I2C_clearInterruptFlag                     
000057ab  I2C_disableInterrupt                       
00005213  I2C_disableModule                          
00005775  I2C_disableMultiMasterMode                 
00005795  I2C_enableInterrupt                        
000051fd  I2C_enableModule                           
00005755  I2C_enableMultiMasterMode                  
000057ef  I2C_getEnabledInterruptStatus              
000057d7  I2C_getInterruptStatus                     
000057ff  I2C_getMode                                
000056fb  I2C_getReceiveBufferAddressForDMA          
00005709  I2C_getTransmitBufferAddressForDMA         
00005161  I2C_initMaster                             
000051c3  I2C_initSlave                              
000052b7  I2C_isBusBusy                              
00005729  I2C_masterIsStartSent                      
00005717  I2C_masterIsStopSent                       
00005621  I2C_masterReceiveMultiByteFinish           
0000565f  I2C_masterReceiveMultiByteFinishWithTimeout
00005609  I2C_masterReceiveMultiByteNext             
000056bd  I2C_masterReceiveMultiByteStop             
000056d1  I2C_masterReceiveSingle                    
00005259  I2C_masterReceiveSingleByte                
000055ef  I2C_masterReceiveStart                     
000054cf  I2C_masterSendMultiByteFinish              
0000551d  I2C_masterSendMultiByteFinishWithTimeout   
00005465  I2C_masterSendMultiByteNext                
00005491  I2C_masterSendMultiByteNextWithTimeout     
000053bb  I2C_masterSendMultiByteStart               
00005409  I2C_masterSendMultiByteStartWithTimeout    
00005589  I2C_masterSendMultiByteStop                
000055b3  I2C_masterSendMultiByteStopWithTimeout     
000052c9  I2C_masterSendSingleByte                   
0000532f  I2C_masterSendSingleByteWithTimeout        
00005741  I2C_masterSendStart                        
00005815  I2C_registerInterrupt                      
0000523d  I2C_setMode                                
00005229  I2C_setSlaveAddress                        
000052a3  I2C_slaveGetData                           
0000528d  I2C_slavePutData                           
000058d7  I2C_slaveSendNAK                           
0000587b  I2C_unregisterInterrupt                    
0000686f  Interrupt_disableInterrupt                 
000066bf  Interrupt_disableMaster                    
00006a6d  Interrupt_disableSleepOnIsrExit            
000067fd  Interrupt_enableInterrupt                  
000066af  Interrupt_enableMaster                     
00006a5b  Interrupt_enableSleepOnIsrExit             
000067d7  Interrupt_getPriority                      
0000674f  Interrupt_getPriorityGrouping              
00006a3b  Interrupt_getPriorityMask                  
00006a55  Interrupt_getVectorTableAddress            
000068e1  Interrupt_isEnabled                        
0000696d  Interrupt_pendInterrupt                    
000066cf  Interrupt_registerInterrupt                
00006787  Interrupt_setPriority                      
00006735  Interrupt_setPriorityGrouping              
00006a2b  Interrupt_setPriorityMask                  
00006a45  Interrupt_setVectorTableAddress            
000069dd  Interrupt_unpendInterrupt                  
00006721  Interrupt_unregisterInterrupt              
00007f9f  MemManage_Handler                          
00007f9f  NMI_Handler                                
00007f9f  PCM_IRQHandler                             
00005103  PCM_clearInterruptFlag                     
000050d9  PCM_disableInterrupt                       
000050b1  PCM_disableRudeMode                        
000050c5  PCM_enableInterrupt                        
0000509f  PCM_enableRudeMode                         
00004aab  PCM_getCoreVoltageLevel                    
000050f3  PCM_getEnabledInterruptStatus              
000050ed  PCM_getInterruptStatus                     
00004a51  PCM_getPowerMode                           
00005093  PCM_getPowerState                          
00004fc5  PCM_gotoLPM0                               
00004fe3  PCM_gotoLPM0InterruptSafe                  
00004fff  PCM_gotoLPM3                               
00005077  PCM_gotoLPM3InterruptSafe                  
00004f99  PCM_gotoLPM4                               
00004fa9  PCM_gotoLPM4InterruptSafe                  
00005117  PCM_registerInterrupt                      
00004a1f  PCM_setCoreVoltageLevel                    
00004a41  PCM_setCoreVoltageLevelNonBlocking         
00004a2f  PCM_setCoreVoltageLevelWithTimeout         
00004c51  PCM_setPowerMode                           
00004c61  PCM_setPowerModeNonBlocking                
00004c71  PCM_setPowerModeWithTimeout                
00004f23  PCM_setPowerState                          
00004f45  PCM_setPowerStateNonBlocking               
00004f33  PCM_setPowerStateWithTimeout               
00004f55  PCM_shutdownDevice                         
0000512b  PCM_unregisterInterrupt                    
00007f9f  PORT1_IRQHandler                           
00002209  PORT2_IRQHandler                           
00002209  PORT2_IRQHandler                           
000024cd  PORT3_IRQHandler                           
000024cd  PORT3_IRQHandler                           
00007f9f  PORT4_IRQHandler                           
00007f9f  PORT5_IRQHandler                           
00007f9f  PORT6_IRQHandler                           
00007f9f  PSS_IRQHandler                             
00007f9f  PendSV_Handler                             
00007f9f  RTC_C_IRQHandler                           
00005d65  RTC_C_clearInterruptFlag                   
00005baf  RTC_C_convertBCDToBinary                   
00005bc7  RTC_C_convertBinaryToBCD                   
00005b0b  RTC_C_definePrescaleEvent                  
00005c35  RTC_C_disableInterrupt                     
00005bdf  RTC_C_enableInterrupt                      
00005a3d  RTC_C_getCalendarTime                      
00005d05  RTC_C_getEnabledInterruptStatus            
00005c9d  RTC_C_getInterruptStatus                   
00005b33  RTC_C_getPrescaleValue                     
00005927  RTC_C_holdClock                            
000059cb  RTC_C_initCalendar                         
00005dab  RTC_C_registerInterrupt                    
00005aa3  RTC_C_setCalendarAlarm                     
00005adb  RTC_C_setCalendarEvent                     
00005975  RTC_C_setCalibrationData                   
00005945  RTC_C_setCalibrationFrequency              
00005b5f  RTC_C_setPrescaleValue                     
000059a1  RTC_C_setTemperatureCompensation           
00005909  RTC_C_startClock                           
00005dc9  RTC_C_unregisterInterrupt                  
00007f93  Reset_Handler                              
UNDEFED   SHT$$INIT_ARRAY$$Base                      
UNDEFED   SHT$$INIT_ARRAY$$Limit                     
00004247  SPI_changeClockPhasePolarity               
000041a1  SPI_changeMasterClock                      
000043f9  SPI_clearInterruptFlag                     
0000437b  SPI_disableInterrupt                       
000042d5  SPI_disableModule                          
00004355  SPI_enableInterrupt                        
000042b9  SPI_enableModule                           
000043c9  SPI_getEnabledInterruptStatus              
000043a1  SPI_getInterruptStatus                     
000042f1  SPI_getReceiveBufferAddressForDMA          
0000430d  SPI_getTransmitBufferAddressForDMA         
000040b5  SPI_initMaster                             
000041c9  SPI_initSlave                              
00004339  SPI_isBusy                                 
0000429d  SPI_receiveData                            
0000441f  SPI_registerInterrupt                      
0000417b  SPI_selectFourPinFunctionality             
00004277  SPI_transmitData                           
000044dd  SPI_unregisterInterrupt                    
00007f9f  SVC_Handler                                
0000732b  SysCtl_disableGlitchFilter                 
000071bb  SysCtl_disableNMISource                    
000072c3  SysCtl_disablePeripheralAtCPUHalt          
00007205  SysCtl_disableSRAMBank                     
00007289  SysCtl_disableSRAMBankRetention            
0000731f  SysCtl_enableGlitchFilter                  
000071cf  SysCtl_enableNMISource                     
000072af  SysCtl_enablePeripheralAtCPUHalt           
000071e9  SysCtl_enableSRAMBank                      
0000726d  SysCtl_enableSRAMBankRetention             
000071b5  SysCtl_getFlashSize                        
000071e3  SysCtl_getNMISourceStatus                  
000071af  SysCtl_getSRAMSize                         
00007139  SysCtl_getTLVInfo                          
00007337  SysCtl_getTempCalibrationConstant          
000072a5  SysCtl_rebootDevice                        
000072fb  SysCtl_setWDTPasswordViolationResetType    
000072d7  SysCtl_setWDTTimeoutResetType              
000026dd  SysTick_Handler                            
000026dd  SysTick_Handler                            
00007ca5  SysTick_disableInterrupt                   
00007c75  SysTick_disableModule                      
00007c99  SysTick_enableInterrupt                    
00007c69  SysTick_enableModule                       
00007cc3  SysTick_getPeriod                          
00007ccb  SysTick_getValue                           
00007c81  SysTick_registerInterrupt                  
00007cb1  SysTick_setPeriod                          
00007c8f  SysTick_unregisterInterrupt                
2000f764  SystemCoreClock                            
00006e0d  SystemCoreClockUpdate                      
00007081  SystemInit                                 
00007f9f  T32_INT1_IRQHandler                        
00007f9f  T32_INT2_IRQHandler                        
00007f9f  T32_INTC_IRQHandler                        
00007f9f  TA0_0_IRQHandler                           
00007f9f  TA0_N_IRQHandler                           
00007f9f  TA1_0_IRQHandler                           
00007f9f  TA1_N_IRQHandler                           
00007f9f  TA2_0_IRQHandler                           
00007f9f  TA2_N_IRQHandler                           
00007f9f  TA3_0_IRQHandler                           
00007f9f  TA3_N_IRQHandler                           
000065a5  UART_clearInterruptFlag                    
000064fd  UART_disableInterrupt                      
000063df  UART_disableModule                         
000064cd  UART_enableInterrupt                       
000063c9  UART_enableModule                          
00006549  UART_getEnabledInterruptStatus             
0000652d  UART_getInterruptStatus                    
00006495  UART_getReceiveBufferAddressForDMA         
000064a3  UART_getTransmitBufferAddressForDMA        
00006291  UART_initModule                            
000063f5  UART_queryStatusFlags                      
000063a3  UART_receiveData                           
000065c5  UART_registerInterrupt                     
0000641d  UART_resetDormant                          
000064b1  UART_selectDeglitchTime                    
00006409  UART_setDormant                            
00006431  UART_transmitAddress                       
0000644f  UART_transmitBreak                         
00006379  UART_transmitData                          
00006641  UART_unregisterInterrupt                   
00007f9f  UsageFault_Handler                         
4000480c  WDTCTL_SYM                                 
00007f9f  WDT_A_IRQHandler                           
000079f9  WDT_A_clearTimer                           
000079b9  WDT_A_holdTimer                            
00007a35  WDT_A_initIntervalTimer                    
00007a19  WDT_A_initWatchdogTimer                    
00007a69  WDT_A_registerInterrupt                    
00007a51  WDT_A_setPasswordViolationReset            
00007a5d  WDT_A_setTimeoutReset                      
000079d9  WDT_A_startTimer                           
00007a7d  WDT_A_unregisterInterrupt                  
00001567  __FlashCtl_remaskBurstDataPost             
0000144d  __FlashCtl_remaskBurstDataPre              
00001291  __FlashCtl_remaskData32Post                
00001375  __FlashCtl_remaskData32Pre                 
00001173  __FlashCtl_remaskData8Post                 
000011f3  __FlashCtl_remaskData8Pre                  
20010000  __STACK_END                                
00000200  __STACK_SIZE                               
000083bc  __TI_CINIT_Base                            
000083d4  __TI_CINIT_Limit                           
000083b4  __TI_Handler_Table_Base                    
000083bc  __TI_Handler_Table_Limit                   
00007cdd  __TI_auto_init                             
2000f74c  __TI_cleanup_ptr                           
00007f85  __TI_decompress_none                       
00007fa1  __TI_decompress_rle24                      
2000f750  __TI_dtors_ptr                             
2000f754  __TI_enable_exit_profile_output            
ffffffff  __TI_pprof_out_hndl                        
ffffffff  __TI_prof_data_size                        
ffffffff  __TI_prof_data_start                       
00000000  __TI_static_base__                         
00007bed  __aeabi_memclr                             
00007bed  __aeabi_memclr4                            
00007bed  __aeabi_memclr8                            
00007b51  __aeabi_memcpy                             
00007b51  __aeabi_memcpy4                            
00007b51  __aeabi_memcpy8                            
00007bef  __aeabi_memset                             
00007bef  __aeabi_memset4                            
00007bef  __aeabi_memset8                            
ffffffff  __binit__                                  
ffffffff  __c_args__                                 
00007c67  __mpu_init                                 
2000fe00  __stack                                    
00007f45  _args_main                                 
00007db9  _c_int00                                   
2000f758  _lock                                      
00007f6b  _nop                                       
00007f63  _register_lock                             
00007f5d  _register_unlock                           
00007db7  _system_post_cinit                         
00007fa7  _system_pre_init                           
2000f75c  _unlock                                    
00007e11  abort                                      
00007fac  adc_info                                   
00006a9d  adc_init                                   
00006c27  adc_read                                   
ffffffff  binit                                      
00007507  blink                                      
00006da5  char_to_hex                                
2000f746  clk_port                                   
00007e61  copy_in                                    
00007e19  exit                                       
20000000  g_pfnRAMVectors                            
2000f768  gpio_edge_falling                          
2000f73d  gpio_edge_falling_counter                  
2000f77c  gpio_edge_rising                           
2000f73c  gpio_edge_rising_counter                   
200000e4  gpio_info                                  
000076f1  gpio_init                                  
2000f738  gpio_input_len                             
2000f790  gpio_io_input                              
2000f73a  gpio_io_input_counter                      
2000f7a4  gpio_io_output                             
2000f73b  gpio_io_output_counter                     
00006d07  hex2str                                    
00008244  i2cConfig                                  
0000813c  i2c_cs                                     
00007869  i2c_init                                   
00007993  i2c_test                                   
0000789d  i2c_write8                                 
000078f1  i2c_write_pot                              
2000f744  input_clk_source                           
2000f740  input_data_counter                         
00000000  interruptVectors                           
00006c3f  itoa                                       
0000168d  main                                       
2000f760  main_func_sp                               
00007b51  memcpy                                     
00007bf5  memset                                     
00006dd1  numPlaces                                  
2000f745  output_clk_source                          
0000765b  receiveText                                
00006cb1  reverse                                    
0000768b  sendText                                   
000028cd  send_gpio_inputs                           
0000820c  spiMasterConfig_A                          
2000f718  spiMasterConfig_A2                         
00008228  spiMasterConfig_B                          
00008184  spi_cs                                     
2000f74a  spi_idx                                    
0000737d  spi_init                                   
2000f748  spi_input_len                              
000074d3  spi_test                                   
00007403  spi_write_dac                              
00007f71  strlen                                     
00007f1b  strncat                                    
00007eeb  strncpy                                    
2000f734  systick_idx                                
000081ac  uartConfig                                 
000075c9  uartReceive                                
2000f524  uart_data                                  
0000755d  uart_init                                  


GLOBAL SYMBOLS: SORTED BY Symbol Address 

address   name                                       
-------   ----                                       
00000000  __TI_static_base__                         
00000000  interruptVectors                           
00000200  __STACK_SIZE                               
0000028f  FlashCtl_getMemoryInfo                     
0000060d  FlashCtl_enableReadBuffering               
00000661  FlashCtl_disableReadBuffering              
000006c1  FlashCtl_unprotectSector                   
00000731  FlashCtl_protectSector                     
00000791  FlashCtl_isSectorProtected                 
0000081d  FlashCtl_verifyMemory                      
00000a85  FlashCtl_setReadMode                       
00000af1  FlashCtl_getReadMode                       
00000b1b  FlashCtl_initiateMassErase                 
00000b41  FlashCtl_performMassErase                  
00000c8d  FlashCtl_eraseSector                       
00000db5  FlashCtl_initiateSectorErase               
00000e55  FlashCtl_programMemory                     
00000fc1  FlashCtl_setProgramVerification            
00000ffb  FlashCtl_clearProgramVerification          
00001035  FlashCtl_enableWordProgramming             
00001065  FlashCtl_disableWordProgramming            
00001071  FlashCtl_isWordProgrammingEnabled          
0000108d  FlashCtl_setWaitState                      
000010cb  FlashCtl_getWaitState                      
000010fd  FlashCtl_enableInterrupt                   
00001111  FlashCtl_disableInterrupt                  
00001125  FlashCtl_getInterruptStatus                
0000112b  FlashCtl_getEnabledInterruptStatus         
0000113b  FlashCtl_clearInterruptFlag                
0000114f  FlashCtl_registerInterrupt                 
00001163  FlashCtl_unregisterInterrupt               
00001173  __FlashCtl_remaskData8Post                 
000011f3  __FlashCtl_remaskData8Pre                  
00001291  __FlashCtl_remaskData32Post                
00001375  __FlashCtl_remaskData32Pre                 
0000144d  __FlashCtl_remaskBurstDataPre              
00001567  __FlashCtl_remaskBurstDataPost             
0000168d  main                                       
00002191  ADC14_IRQHandler                           
00002191  ADC14_IRQHandler                           
000021a5  EUSCIA0_IRQHandler                         
000021a5  EUSCIA0_IRQHandler                         
00002209  PORT2_IRQHandler                           
00002209  PORT2_IRQHandler                           
000024cd  PORT3_IRQHandler                           
000024cd  PORT3_IRQHandler                           
000026dd  SysTick_Handler                            
000026dd  SysTick_Handler                            
000028cd  send_gpio_inputs                           
00002c8d  CS_setExternalClockSourceFrequency         
00002cc9  CS_initClockSignal                         
00002dcd  CS_startHFXT                               
00002df1  CS_startHFXTWithTimeout                    
00002eb5  CS_startLFXT                               
00002ed9  CS_startLFXTWithTimeout                    
00002fa9  CS_enableClockRequest                      
00002fd1  CS_disableClockRequest                     
00002ff3  CS_setReferenceOscillatorFrequency         
00003019  CS_enableDCOExternalResistor               
00003041  CS_setDCOExternalResistorCalibration       
000030b7  CS_disableDCOExternalResistor              
000030d5  CS_setDCOCenteredFrequency                 
0000310d  CS_tuneDCOFrequency                        
000031b1  CS_getDCOFrequency                         
00003351  CS_setDCOFrequency                         
00003529  CS_getBCLK                                 
00003545  CS_getHSMCLK                               
00003569  CS_getACLK                                 
0000358d  CS_getSMCLK                                
000035af  CS_getMCLK                                 
000035d1  CS_enableFaultCounter                      
000035fd  CS_disableFaultCounter                     
00003629  CS_resetFaultCounter                       
00003675  CS_startFaultCounter                       
000036c5  CS_enableInterrupt                         
000036e7  CS_disableInterrupt                        
00003709  CS_getInterruptStatus                      
0000370f  CS_getEnabledInterruptStatus               
00003729  CS_clearInterruptFlag                      
0000374b  CS_registerInterrupt                       
0000375f  CS_unregisterInterrupt                     
0000390d  ADC14_enableModule                         
00003915  ADC14_disableModule                        
0000392b  ADC14_enableSampleTimer                    
00003955  ADC14_disableSampleTimer                   
0000396b  ADC14_initModule                           
000039b1  ADC14_setResolution                        
000039cb  ADC14_getResolution                        
000039d5  ADC14_setSampleHoldTrigger                 
00003a17  ADC14_setSampleHoldTime                    
00003a41  ADC14_configureMultiSequenceMode           
00003ad7  ADC14_configureSingleSampleMode            
00003b2d  ADC14_enableConversion                     
00003b4d  ADC14_toggleConversionTrigger              
00003b6f  ADC14_disableConversion                    
00003b7b  ADC14_isBusy                               
00003b99  ADC14_configureConversionMemory            
00003c41  ADC14_enableComparatorWindow               
00003cd1  ADC14_disableComparatorWindow              
00003d2f  ADC14_setComparatorWindowValue             
00003db5  ADC14_setResultFormat                      
00003ddf  ADC14_getResult                            
00003df9  ADC14_getMultiSequenceResult               
00003e65  ADC14_getResultArray                       
00003ed9  ADC14_enableReferenceBurst                 
00003eef  ADC14_disableReferenceBurst                
00003f05  ADC14_setPowerMode                         
00003f47  ADC14_enableInterrupt                      
00003f73  ADC14_disableInterrupt                     
00003f9f  ADC14_getInterruptStatus                   
00003fc9  ADC14_getEnabledInterruptStatus            
00003ff9  ADC14_clearInterruptFlag                   
00004029  ADC14_registerInterrupt                    
0000403d  ADC14_unregisterInterrupt                  
000040b5  SPI_initMaster                             
0000417b  SPI_selectFourPinFunctionality             
000041a1  SPI_changeMasterClock                      
000041c9  SPI_initSlave                              
00004247  SPI_changeClockPhasePolarity               
00004277  SPI_transmitData                           
0000429d  SPI_receiveData                            
000042b9  SPI_enableModule                           
000042d5  SPI_disableModule                          
000042f1  SPI_getReceiveBufferAddressForDMA          
0000430d  SPI_getTransmitBufferAddressForDMA         
00004339  SPI_isBusy                                 
00004355  SPI_enableInterrupt                        
0000437b  SPI_disableInterrupt                       
000043a1  SPI_getInterruptStatus                     
000043c9  SPI_getEnabledInterruptStatus              
000043f9  SPI_clearInterruptFlag                     
0000441f  SPI_registerInterrupt                      
000044dd  SPI_unregisterInterrupt                    
00004589  EUSCI_B_SPI_select4PinFunctionality        
000045a9  EUSCI_B_SPI_masterChangeClock              
000045db  EUSCI_B_SPI_slaveInit                      
00004625  EUSCI_B_SPI_changeClockPhasePolarity       
00004667  EUSCI_B_SPI_transmitData                   
0000467d  EUSCI_B_SPI_receiveData                    
0000468d  EUSCI_B_SPI_enableInterrupt                
000046a7  EUSCI_B_SPI_disableInterrupt               
000046c1  EUSCI_B_SPI_getInterruptStatus             
000046d9  EUSCI_B_SPI_clearInterruptFlag             
000046f3  EUSCI_B_SPI_enable                         
00004709  EUSCI_B_SPI_disable                        
0000471f  EUSCI_B_SPI_getReceiveBufferAddressForDMA  
0000472d  EUSCI_B_SPI_getTransmitBufferAddressForDMA 
0000473b  EUSCI_B_SPI_isBusy                         
00004753  EUSCI_A_SPI_select4PinFunctionality        
00004773  EUSCI_A_SPI_masterChangeClock              
000047a9  EUSCI_A_SPI_slaveInit                      
000047f3  EUSCI_A_SPI_changeClockPhasePolarity       
00004835  EUSCI_A_SPI_transmitData                   
0000484b  EUSCI_A_SPI_receiveData                    
0000485b  EUSCI_A_SPI_enableInterrupt                
00004875  EUSCI_A_SPI_disableInterrupt               
0000488f  EUSCI_A_SPI_getInterruptStatus             
000048a7  EUSCI_A_SPI_clearInterruptFlag             
000048c1  EUSCI_A_SPI_enable                         
000048d7  EUSCI_A_SPI_disable                        
000048ed  EUSCI_A_SPI_getReceiveBufferAddressForDMA  
000048fb  EUSCI_A_SPI_getTransmitBufferAddressForDMA 
00004909  EUSCI_A_SPI_isBusy                         
00004a1f  PCM_setCoreVoltageLevel                    
00004a2f  PCM_setCoreVoltageLevelWithTimeout         
00004a41  PCM_setCoreVoltageLevelNonBlocking         
00004a51  PCM_getPowerMode                           
00004aab  PCM_getCoreVoltageLevel                    
00004c51  PCM_setPowerMode                           
00004c61  PCM_setPowerModeNonBlocking                
00004c71  PCM_setPowerModeWithTimeout                
00004f23  PCM_setPowerState                          
00004f33  PCM_setPowerStateWithTimeout               
00004f45  PCM_setPowerStateNonBlocking               
00004f55  PCM_shutdownDevice                         
00004f99  PCM_gotoLPM4                               
00004fa9  PCM_gotoLPM4InterruptSafe                  
00004fc5  PCM_gotoLPM0                               
00004fe3  PCM_gotoLPM0InterruptSafe                  
00004fff  PCM_gotoLPM3                               
00005077  PCM_gotoLPM3InterruptSafe                  
00005093  PCM_getPowerState                          
0000509f  PCM_enableRudeMode                         
000050b1  PCM_disableRudeMode                        
000050c5  PCM_enableInterrupt                        
000050d9  PCM_disableInterrupt                       
000050ed  PCM_getInterruptStatus                     
000050f3  PCM_getEnabledInterruptStatus              
00005103  PCM_clearInterruptFlag                     
00005117  PCM_registerInterrupt                      
0000512b  PCM_unregisterInterrupt                    
00005161  I2C_initMaster                             
000051c3  I2C_initSlave                              
000051fd  I2C_enableModule                           
00005213  I2C_disableModule                          
00005229  I2C_setSlaveAddress                        
0000523d  I2C_setMode                                
00005259  I2C_masterReceiveSingleByte                
0000528d  I2C_slavePutData                           
000052a3  I2C_slaveGetData                           
000052b7  I2C_isBusBusy                              
000052c9  I2C_masterSendSingleByte                   
0000532f  I2C_masterSendSingleByteWithTimeout        
000053bb  I2C_masterSendMultiByteStart               
00005409  I2C_masterSendMultiByteStartWithTimeout    
00005465  I2C_masterSendMultiByteNext                
00005491  I2C_masterSendMultiByteNextWithTimeout     
000054cf  I2C_masterSendMultiByteFinish              
0000551d  I2C_masterSendMultiByteFinishWithTimeout   
00005589  I2C_masterSendMultiByteStop                
000055b3  I2C_masterSendMultiByteStopWithTimeout     
000055ef  I2C_masterReceiveStart                     
00005609  I2C_masterReceiveMultiByteNext             
00005621  I2C_masterReceiveMultiByteFinish           
0000565f  I2C_masterReceiveMultiByteFinishWithTimeout
000056bd  I2C_masterReceiveMultiByteStop             
000056d1  I2C_masterReceiveSingle                    
000056fb  I2C_getReceiveBufferAddressForDMA          
00005709  I2C_getTransmitBufferAddressForDMA         
00005717  I2C_masterIsStopSent                       
00005729  I2C_masterIsStartSent                      
00005741  I2C_masterSendStart                        
00005755  I2C_enableMultiMasterMode                  
00005775  I2C_disableMultiMasterMode                 
00005795  I2C_enableInterrupt                        
000057ab  I2C_disableInterrupt                       
000057c1  I2C_clearInterruptFlag                     
000057d7  I2C_getInterruptStatus                     
000057ef  I2C_getEnabledInterruptStatus              
000057ff  I2C_getMode                                
00005815  I2C_registerInterrupt                      
0000587b  I2C_unregisterInterrupt                    
000058d7  I2C_slaveSendNAK                           
00005909  RTC_C_startClock                           
00005927  RTC_C_holdClock                            
00005945  RTC_C_setCalibrationFrequency              
00005975  RTC_C_setCalibrationData                   
000059a1  RTC_C_setTemperatureCompensation           
000059cb  RTC_C_initCalendar                         
00005a3d  RTC_C_getCalendarTime                      
00005aa3  RTC_C_setCalendarAlarm                     
00005adb  RTC_C_setCalendarEvent                     
00005b0b  RTC_C_definePrescaleEvent                  
00005b33  RTC_C_getPrescaleValue                     
00005b5f  RTC_C_setPrescaleValue                     
00005baf  RTC_C_convertBCDToBinary                   
00005bc7  RTC_C_convertBinaryToBCD                   
00005bdf  RTC_C_enableInterrupt                      
00005c35  RTC_C_disableInterrupt                     
00005c9d  RTC_C_getInterruptStatus                   
00005d05  RTC_C_getEnabledInterruptStatus            
00005d65  RTC_C_clearInterruptFlag                   
00005dab  RTC_C_registerInterrupt                    
00005dc9  RTC_C_unregisterInterrupt                  
00005e11  GPIO_setAsOutputPin                        
00005e4b  GPIO_setAsInputPin                         
00005e91  GPIO_setAsPeripheralModuleFunctionOutputPin
00005f15  GPIO_setAsPeripheralModuleFunctionInputPin 
00005f99  GPIO_setOutputHighOnPin                    
00005fbb  GPIO_setOutputLowOnPin                     
00005fdd  GPIO_toggleOutputOnPin                     
00005fff  GPIO_setAsInputPinWithPullDownResistor     
00006051  GPIO_setAsInputPinWithPullUpResistor       
000060a3  GPIO_getInputPinValue                      
000060d1  GPIO_enableInterrupt                       
000060f3  GPIO_disableInterrupt                      
00006115  GPIO_getInterruptStatus                    
00006133  GPIO_clearInterruptFlag                    
00006155  GPIO_interruptEdgeSelect                   
0000618b  GPIO_getEnabledInterruptStatus             
00006207  GPIO_setDriveStrengthHigh                  
00006229  GPIO_setDriveStrengthLow                   
0000624b  GPIO_registerInterrupt                     
0000626b  GPIO_unregisterInterrupt                   
00006291  UART_initModule                            
00006379  UART_transmitData                          
000063a3  UART_receiveData                           
000063c9  UART_enableModule                          
000063df  UART_disableModule                         
000063f5  UART_queryStatusFlags                      
00006409  UART_setDormant                            
0000641d  UART_resetDormant                          
00006431  UART_transmitAddress                       
0000644f  UART_transmitBreak                         
00006495  UART_getReceiveBufferAddressForDMA         
000064a3  UART_getTransmitBufferAddressForDMA        
000064b1  UART_selectDeglitchTime                    
000064cd  UART_enableInterrupt                       
000064fd  UART_disableInterrupt                      
0000652d  UART_getInterruptStatus                    
00006549  UART_getEnabledInterruptStatus             
000065a5  UART_clearInterruptFlag                    
000065c5  UART_registerInterrupt                     
00006641  UART_unregisterInterrupt                   
000066af  Interrupt_enableMaster                     
000066bf  Interrupt_disableMaster                    
000066cf  Interrupt_registerInterrupt                
00006721  Interrupt_unregisterInterrupt              
00006735  Interrupt_setPriorityGrouping              
0000674f  Interrupt_getPriorityGrouping              
00006787  Interrupt_setPriority                      
000067d7  Interrupt_getPriority                      
000067fd  Interrupt_enableInterrupt                  
0000686f  Interrupt_disableInterrupt                 
000068e1  Interrupt_isEnabled                        
0000696d  Interrupt_pendInterrupt                    
000069dd  Interrupt_unpendInterrupt                  
00006a2b  Interrupt_setPriorityMask                  
00006a3b  Interrupt_getPriorityMask                  
00006a45  Interrupt_setVectorTableAddress            
00006a55  Interrupt_getVectorTableAddress            
00006a5b  Interrupt_enableSleepOnIsrExit             
00006a6d  Interrupt_disableSleepOnIsrExit            
00006a9d  adc_init                                   
00006c27  adc_read                                   
00006c3f  itoa                                       
00006cb1  reverse                                    
00006d07  hex2str                                    
00006da5  char_to_hex                                
00006dd1  numPlaces                                  
00006e0d  SystemCoreClockUpdate                      
00007081  SystemInit                                 
00007139  SysCtl_getTLVInfo                          
000071af  SysCtl_getSRAMSize                         
000071b5  SysCtl_getFlashSize                        
000071bb  SysCtl_disableNMISource                    
000071cf  SysCtl_enableNMISource                     
000071e3  SysCtl_getNMISourceStatus                  
000071e9  SysCtl_enableSRAMBank                      
00007205  SysCtl_disableSRAMBank                     
0000726d  SysCtl_enableSRAMBankRetention             
00007289  SysCtl_disableSRAMBankRetention            
000072a5  SysCtl_rebootDevice                        
000072af  SysCtl_enablePeripheralAtCPUHalt           
000072c3  SysCtl_disablePeripheralAtCPUHalt          
000072d7  SysCtl_setWDTTimeoutResetType              
000072fb  SysCtl_setWDTPasswordViolationResetType    
0000731f  SysCtl_enableGlitchFilter                  
0000732b  SysCtl_disableGlitchFilter                 
00007337  SysCtl_getTempCalibrationConstant          
0000737d  spi_init                                   
00007403  spi_write_dac                              
000074d3  spi_test                                   
00007507  blink                                      
0000755d  uart_init                                  
000075c9  uartReceive                                
0000765b  receiveText                                
0000768b  sendText                                   
000076f1  gpio_init                                  
00007869  i2c_init                                   
0000789d  i2c_write8                                 
000078f1  i2c_write_pot                              
00007993  i2c_test                                   
000079b9  WDT_A_holdTimer                            
000079d9  WDT_A_startTimer                           
000079f9  WDT_A_clearTimer                           
00007a19  WDT_A_initWatchdogTimer                    
00007a35  WDT_A_initIntervalTimer                    
00007a51  WDT_A_setPasswordViolationReset            
00007a5d  WDT_A_setTimeoutReset                      
00007a69  WDT_A_registerInterrupt                    
00007a7d  WDT_A_unregisterInterrupt                  
00007a91  FPU_enableModule                           
00007aa3  FPU_disableModule                          
00007ab1  FPU_enableStacking                         
00007ac3  FPU_enableLazyStacking                     
00007acf  FPU_disableStacking                        
00007adb  FPU_setHalfPrecisionMode                   
00007af5  FPU_setNaNMode                             
00007b0f  FPU_setFlushToZeroMode                     
00007b29  FPU_setRoundingMode                        
00007b51  __aeabi_memcpy                             
00007b51  __aeabi_memcpy4                            
00007b51  __aeabi_memcpy8                            
00007b51  memcpy                                     
00007bed  __aeabi_memclr                             
00007bed  __aeabi_memclr4                            
00007bed  __aeabi_memclr8                            
00007bef  __aeabi_memset                             
00007bef  __aeabi_memset4                            
00007bef  __aeabi_memset8                            
00007bf5  memset                                     
00007c67  __mpu_init                                 
00007c69  SysTick_enableModule                       
00007c75  SysTick_disableModule                      
00007c81  SysTick_registerInterrupt                  
00007c8f  SysTick_unregisterInterrupt                
00007c99  SysTick_enableInterrupt                    
00007ca5  SysTick_disableInterrupt                   
00007cb1  SysTick_setPeriod                          
00007cc3  SysTick_getPeriod                          
00007ccb  SysTick_getValue                           
00007cdd  __TI_auto_init                             
00007db7  _system_post_cinit                         
00007db9  _c_int00                                   
00007e0d  C$$EXIT                                    
00007e11  abort                                      
00007e19  exit                                       
00007e61  copy_in                                    
00007ead  CPU_cpsid                                  
00007eb9  CPU_primask                                
00007ec3  CPU_cpsie                                  
00007ecf  CPU_wfi                                    
00007ed3  CPU_basepriSet                             
00007ee1  CPU_basepriGet                             
00007eeb  strncpy                                    
00007f1b  strncat                                    
00007f45  _args_main                                 
00007f5d  _register_unlock                           
00007f63  _register_lock                             
00007f6b  _nop                                       
00007f71  strlen                                     
00007f85  __TI_decompress_none                       
00007f93  Reset_Handler                              
00007f9f  AES256_IRQHandler                          
00007f9f  BusFault_Handler                           
00007f9f  COMP_E0_IRQHandler                         
00007f9f  COMP_E1_IRQHandler                         
00007f9f  CS_IRQHandler                              
00007f9f  DMA_ERR_IRQHandler                         
00007f9f  DMA_INT0_IRQHandler                        
00007f9f  DMA_INT1_IRQHandler                        
00007f9f  DMA_INT2_IRQHandler                        
00007f9f  DMA_INT3_IRQHandler                        
00007f9f  DebugMon_Handler                           
00007f9f  Default_Handler                            
00007f9f  EUSCIA1_IRQHandler                         
00007f9f  EUSCIA2_IRQHandler                         
00007f9f  EUSCIA3_IRQHandler                         
00007f9f  EUSCIB0_IRQHandler                         
00007f9f  EUSCIB1_IRQHandler                         
00007f9f  EUSCIB2_IRQHandler                         
00007f9f  EUSCIB3_IRQHandler                         
00007f9f  FLCTL_IRQHandler                           
00007f9f  FPU_IRQHandler                             
00007f9f  HardFault_Handler                          
00007f9f  MemManage_Handler                          
00007f9f  NMI_Handler                                
00007f9f  PCM_IRQHandler                             
00007f9f  PORT1_IRQHandler                           
00007f9f  PORT4_IRQHandler                           
00007f9f  PORT5_IRQHandler                           
00007f9f  PORT6_IRQHandler                           
00007f9f  PSS_IRQHandler                             
00007f9f  PendSV_Handler                             
00007f9f  RTC_C_IRQHandler                           
00007f9f  SVC_Handler                                
00007f9f  T32_INT1_IRQHandler                        
00007f9f  T32_INT2_IRQHandler                        
00007f9f  T32_INTC_IRQHandler                        
00007f9f  TA0_0_IRQHandler                           
00007f9f  TA0_N_IRQHandler                           
00007f9f  TA1_0_IRQHandler                           
00007f9f  TA1_N_IRQHandler                           
00007f9f  TA2_0_IRQHandler                           
00007f9f  TA2_N_IRQHandler                           
00007f9f  TA3_0_IRQHandler                           
00007f9f  TA3_N_IRQHandler                           
00007f9f  UsageFault_Handler                         
00007f9f  WDT_A_IRQHandler                           
00007fa1  __TI_decompress_rle24                      
00007fa7  _system_pre_init                           
00007fac  adc_info                                   
0000813c  i2c_cs                                     
00008184  spi_cs                                     
000081ac  uartConfig                                 
0000820c  spiMasterConfig_A                          
00008228  spiMasterConfig_B                          
00008244  i2cConfig                                  
000083b4  __TI_Handler_Table_Base                    
000083bc  __TI_CINIT_Base                            
000083bc  __TI_Handler_Table_Limit                   
000083d4  __TI_CINIT_Limit                           
20000000  g_pfnRAMVectors                            
200000e4  gpio_info                                  
2000f524  uart_data                                  
2000f718  spiMasterConfig_A2                         
2000f734  systick_idx                                
2000f738  gpio_input_len                             
2000f73a  gpio_io_input_counter                      
2000f73b  gpio_io_output_counter                     
2000f73c  gpio_edge_rising_counter                   
2000f73d  gpio_edge_falling_counter                  
2000f740  input_data_counter                         
2000f744  input_clk_source                           
2000f745  output_clk_source                          
2000f746  clk_port                                   
2000f748  spi_input_len                              
2000f74a  spi_idx                                    
2000f74c  __TI_cleanup_ptr                           
2000f750  __TI_dtors_ptr                             
2000f754  __TI_enable_exit_profile_output            
2000f758  _lock                                      
2000f75c  _unlock                                    
2000f760  main_func_sp                               
2000f764  SystemCoreClock                            
2000f768  gpio_edge_falling                          
2000f77c  gpio_edge_rising                           
2000f790  gpio_io_input                              
2000f7a4  gpio_io_output                             
2000fe00  __stack                                    
20010000  __STACK_END                                
4000480c  WDTCTL_SYM                                 
ffffffff  __TI_pprof_out_hndl                        
ffffffff  __TI_prof_data_size                        
ffffffff  __TI_prof_data_start                       
ffffffff  __binit__                                  
ffffffff  __c_args__                                 
ffffffff  binit                                      
UNDEFED   SHT$$INIT_ARRAY$$Base                      
UNDEFED   SHT$$INIT_ARRAY$$Limit                     

[511 symbols]
