<?xml version="1.0"?>
<link_info>
   <banner>TI ARM Linker PC v15.12.3.LTS</banner>
   <copyright>Copyright (c) 1996-2015 Texas Instruments Incorporated</copyright>
   <link_time>0x58eb9f80</link_time>
   <link_errors>0x0</link_errors>
   <output_file>rev1.0.out</output_file>
   <entry_point>
      <name>_c_int00</name>
      <address>0x7db9</address>
   </entry_point>
   <input_file_list>
      <input_file id="fl-2">
         <path>.\</path>
         <kind>object</kind>
         <file>adc_rev1.obj</file>
         <name>adc_rev1.obj</name>
      </input_file>
      <input_file id="fl-3">
         <path>.\</path>
         <kind>object</kind>
         <file>gpio_rev1.obj</file>
         <name>gpio_rev1.obj</name>
      </input_file>
      <input_file id="fl-4">
         <path>.\</path>
         <kind>object</kind>
         <file>i2c_rev1.obj</file>
         <name>i2c_rev1.obj</name>
      </input_file>
      <input_file id="fl-5">
         <path>.\</path>
         <kind>object</kind>
         <file>main.obj</file>
         <name>main.obj</name>
      </input_file>
      <input_file id="fl-6">
         <path>.\</path>
         <kind>object</kind>
         <file>spi_rev1.obj</file>
         <name>spi_rev1.obj</name>
      </input_file>
      <input_file id="fl-7">
         <path>.\</path>
         <kind>object</kind>
         <file>startup_msp432p401r_ccs.obj</file>
         <name>startup_msp432p401r_ccs.obj</name>
      </input_file>
      <input_file id="fl-8">
         <path>.\</path>
         <kind>object</kind>
         <file>system_msp432p401r.obj</file>
         <name>system_msp432p401r.obj</name>
      </input_file>
      <input_file id="fl-9">
         <path>.\</path>
         <kind>object</kind>
         <file>uart_rev1.obj</file>
         <name>uart_rev1.obj</name>
      </input_file>
      <input_file id="fl-a">
         <path>.\driverlib\MSP432P4xx\</path>
         <kind>object</kind>
         <file>adc14.obj</file>
         <name>adc14.obj</name>
      </input_file>
      <input_file id="fl-b">
         <path>.\driverlib\MSP432P4xx\</path>
         <kind>object</kind>
         <file>aes256.obj</file>
         <name>aes256.obj</name>
      </input_file>
      <input_file id="fl-c">
         <path>.\driverlib\MSP432P4xx\</path>
         <kind>object</kind>
         <file>comp_e.obj</file>
         <name>comp_e.obj</name>
      </input_file>
      <input_file id="fl-d">
         <path>.\driverlib\MSP432P4xx\</path>
         <kind>object</kind>
         <file>cpu.obj</file>
         <name>cpu.obj</name>
      </input_file>
      <input_file id="fl-e">
         <path>.\driverlib\MSP432P4xx\</path>
         <kind>object</kind>
         <file>crc32.obj</file>
         <name>crc32.obj</name>
      </input_file>
      <input_file id="fl-f">
         <path>.\driverlib\MSP432P4xx\</path>
         <kind>object</kind>
         <file>cs.obj</file>
         <name>cs.obj</name>
      </input_file>
      <input_file id="fl-10">
         <path>.\driverlib\MSP432P4xx\</path>
         <kind>object</kind>
         <file>dma.obj</file>
         <name>dma.obj</name>
      </input_file>
      <input_file id="fl-11">
         <path>.\driverlib\MSP432P4xx\</path>
         <kind>object</kind>
         <file>flash.obj</file>
         <name>flash.obj</name>
      </input_file>
      <input_file id="fl-12">
         <path>.\driverlib\MSP432P4xx\</path>
         <kind>object</kind>
         <file>fpu.obj</file>
         <name>fpu.obj</name>
      </input_file>
      <input_file id="fl-13">
         <path>.\driverlib\MSP432P4xx\</path>
         <kind>object</kind>
         <file>gpio.obj</file>
         <name>gpio.obj</name>
      </input_file>
      <input_file id="fl-14">
         <path>.\driverlib\MSP432P4xx\</path>
         <kind>object</kind>
         <file>i2c.obj</file>
         <name>i2c.obj</name>
      </input_file>
      <input_file id="fl-15">
         <path>.\driverlib\MSP432P4xx\</path>
         <kind>object</kind>
         <file>interrupt.obj</file>
         <name>interrupt.obj</name>
      </input_file>
      <input_file id="fl-16">
         <path>.\driverlib\MSP432P4xx\</path>
         <kind>object</kind>
         <file>mpu.obj</file>
         <name>mpu.obj</name>
      </input_file>
      <input_file id="fl-17">
         <path>.\driverlib\MSP432P4xx\</path>
         <kind>object</kind>
         <file>pcm.obj</file>
         <name>pcm.obj</name>
      </input_file>
      <input_file id="fl-18">
         <path>.\driverlib\MSP432P4xx\</path>
         <kind>object</kind>
         <file>pmap.obj</file>
         <name>pmap.obj</name>
      </input_file>
      <input_file id="fl-19">
         <path>.\driverlib\MSP432P4xx\</path>
         <kind>object</kind>
         <file>pss.obj</file>
         <name>pss.obj</name>
      </input_file>
      <input_file id="fl-1a">
         <path>.\driverlib\MSP432P4xx\</path>
         <kind>object</kind>
         <file>ref_a.obj</file>
         <name>ref_a.obj</name>
      </input_file>
      <input_file id="fl-1b">
         <path>.\driverlib\MSP432P4xx\</path>
         <kind>object</kind>
         <file>reset.obj</file>
         <name>reset.obj</name>
      </input_file>
      <input_file id="fl-1c">
         <path>.\driverlib\MSP432P4xx\</path>
         <kind>object</kind>
         <file>rtc_c.obj</file>
         <name>rtc_c.obj</name>
      </input_file>
      <input_file id="fl-1d">
         <path>.\driverlib\MSP432P4xx\</path>
         <kind>object</kind>
         <file>spi.obj</file>
         <name>spi.obj</name>
      </input_file>
      <input_file id="fl-1e">
         <path>.\driverlib\MSP432P4xx\</path>
         <kind>object</kind>
         <file>sysctl.obj</file>
         <name>sysctl.obj</name>
      </input_file>
      <input_file id="fl-1f">
         <path>.\driverlib\MSP432P4xx\</path>
         <kind>object</kind>
         <file>systick.obj</file>
         <name>systick.obj</name>
      </input_file>
      <input_file id="fl-20">
         <path>.\driverlib\MSP432P4xx\</path>
         <kind>object</kind>
         <file>timer32.obj</file>
         <name>timer32.obj</name>
      </input_file>
      <input_file id="fl-21">
         <path>.\driverlib\MSP432P4xx\</path>
         <kind>object</kind>
         <file>timer_a.obj</file>
         <name>timer_a.obj</name>
      </input_file>
      <input_file id="fl-22">
         <path>.\driverlib\MSP432P4xx\</path>
         <kind>object</kind>
         <file>uart.obj</file>
         <name>uart.obj</name>
      </input_file>
      <input_file id="fl-23">
         <path>.\driverlib\MSP432P4xx\</path>
         <kind>object</kind>
         <file>wdt_a.obj</file>
         <name>wdt_a.obj</name>
      </input_file>
      <input_file id="fl-dd">
         <path>C:\ti\ccsv6\tools\compiler\arm_15.12.3.LTS\lib\</path>
         <kind>archive</kind>
         <file>rtsv7M4_T_le_v4SPD16_eabi.lib</file>
         <name>boot.obj</name>
      </input_file>
      <input_file id="fl-de">
         <path>C:\ti\ccsv6\tools\compiler\arm_15.12.3.LTS\lib\</path>
         <kind>archive</kind>
         <file>rtsv7M4_T_le_v4SPD16_eabi.lib</file>
         <name>copy_decompress_none.obj</name>
      </input_file>
      <input_file id="fl-df">
         <path>C:\ti\ccsv6\tools\compiler\arm_15.12.3.LTS\lib\</path>
         <kind>archive</kind>
         <file>rtsv7M4_T_le_v4SPD16_eabi.lib</file>
         <name>copy_decompress_rle.obj</name>
      </input_file>
      <input_file id="fl-e0">
         <path>C:\ti\ccsv6\tools\compiler\arm_15.12.3.LTS\lib\</path>
         <kind>archive</kind>
         <file>rtsv7M4_T_le_v4SPD16_eabi.lib</file>
         <name>copy_zero_init.obj</name>
      </input_file>
      <input_file id="fl-e1">
         <path>C:\ti\ccsv6\tools\compiler\arm_15.12.3.LTS\lib\</path>
         <kind>archive</kind>
         <file>rtsv7M4_T_le_v4SPD16_eabi.lib</file>
         <name>exit.obj</name>
      </input_file>
      <input_file id="fl-e2">
         <path>C:\ti\ccsv6\tools\compiler\arm_15.12.3.LTS\lib\</path>
         <kind>archive</kind>
         <file>rtsv7M4_T_le_v4SPD16_eabi.lib</file>
         <name>memcpy_t2.obj</name>
      </input_file>
      <input_file id="fl-e3">
         <path>C:\ti\ccsv6\tools\compiler\arm_15.12.3.LTS\lib\</path>
         <kind>archive</kind>
         <file>rtsv7M4_T_le_v4SPD16_eabi.lib</file>
         <name>memset_t2.obj</name>
      </input_file>
      <input_file id="fl-e4">
         <path>C:\ti\ccsv6\tools\compiler\arm_15.12.3.LTS\lib\</path>
         <kind>archive</kind>
         <file>rtsv7M4_T_le_v4SPD16_eabi.lib</file>
         <name>mpu_init.obj</name>
      </input_file>
      <input_file id="fl-e5">
         <path>C:\ti\ccsv6\tools\compiler\arm_15.12.3.LTS\lib\</path>
         <kind>archive</kind>
         <file>rtsv7M4_T_le_v4SPD16_eabi.lib</file>
         <name>pre_init.obj</name>
      </input_file>
      <input_file id="fl-e6">
         <path>C:\ti\ccsv6\tools\compiler\arm_15.12.3.LTS\lib\</path>
         <kind>archive</kind>
         <file>rtsv7M4_T_le_v4SPD16_eabi.lib</file>
         <name>stkdepth_vars.obj</name>
      </input_file>
      <input_file id="fl-e7">
         <path>C:\ti\ccsv6\tools\compiler\arm_15.12.3.LTS\lib\</path>
         <kind>archive</kind>
         <file>rtsv7M4_T_le_v4SPD16_eabi.lib</file>
         <name>strlen.obj</name>
      </input_file>
      <input_file id="fl-e8">
         <path>C:\ti\ccsv6\tools\compiler\arm_15.12.3.LTS\lib\</path>
         <kind>archive</kind>
         <file>rtsv7M4_T_le_v4SPD16_eabi.lib</file>
         <name>strncat.obj</name>
      </input_file>
      <input_file id="fl-e9">
         <path>C:\ti\ccsv6\tools\compiler\arm_15.12.3.LTS\lib\</path>
         <kind>archive</kind>
         <file>rtsv7M4_T_le_v4SPD16_eabi.lib</file>
         <name>strncpy.obj</name>
      </input_file>
      <input_file id="fl-ea">
         <path>C:\ti\ccsv6\tools\compiler\arm_15.12.3.LTS\lib\</path>
         <kind>archive</kind>
         <file>rtsv7M4_T_le_v4SPD16_eabi.lib</file>
         <name>_lock.obj</name>
      </input_file>
      <input_file id="fl-eb">
         <path>C:\ti\ccsv6\tools\compiler\arm_15.12.3.LTS\lib\</path>
         <kind>archive</kind>
         <file>rtsv7M4_T_le_v4SPD16_eabi.lib</file>
         <name>args_main.obj</name>
      </input_file>
      <input_file id="fl-ec">
         <path>C:\ti\ccsv6\tools\compiler\arm_15.12.3.LTS\lib\</path>
         <kind>archive</kind>
         <file>rtsv7M4_T_le_v4SPD16_eabi.lib</file>
         <name>autoinit.obj</name>
      </input_file>
      <input_file id="fl-ed">
         <path>C:\ti\ccsv6\tools\compiler\arm_15.12.3.LTS\lib\</path>
         <kind>archive</kind>
         <file>rtsv7M4_T_le_v4SPD16_eabi.lib</file>
         <name>cpy_tbl.obj</name>
      </input_file>
      <input_file id="fl-ee">
         <path>C:\ti\ccsv6\tools\compiler\arm_15.12.3.LTS\lib\</path>
         <kind>archive</kind>
         <file>rtsv7M4_T_le_v4SPD16_eabi.lib</file>
         <name>startup.obj</name>
      </input_file>
   </input_file_list>
   <object_component_list>
      <object_component id="oc-2c">
         <name>.intvecs:retain</name>
         <load_address>0x0</load_address>
         <run_address>0x0</run_address>
         <size>0xe4</size>
         <input_file_ref idref="fl-7"/>
      </object_component>
      <object_component id="oc-170">
         <name>.text</name>
         <load_address>0xe4</load_address>
         <run_address>0xe4</run_address>
         <size>0x15a8</size>
         <input_file_ref idref="fl-11"/>
      </object_component>
      <object_component id="oc-7d">
         <name>.text</name>
         <load_address>0x168c</load_address>
         <run_address>0x168c</run_address>
         <size>0x139c</size>
         <input_file_ref idref="fl-5"/>
      </object_component>
      <object_component id="oc-17c">
         <name>.text</name>
         <load_address>0x2a28</load_address>
         <run_address>0x2a28</run_address>
         <size>0xd7c</size>
         <input_file_ref idref="fl-f"/>
      </object_component>
      <object_component id="oc-f2">
         <name>.text</name>
         <load_address>0x37a4</load_address>
         <run_address>0x37a4</run_address>
         <size>0x8e0</size>
         <input_file_ref idref="fl-a"/>
      </object_component>
      <object_component id="oc-125">
         <name>.text</name>
         <load_address>0x4084</load_address>
         <run_address>0x4084</run_address>
         <size>0x8a4</size>
         <input_file_ref idref="fl-1d"/>
      </object_component>
      <object_component id="oc-176">
         <name>.text</name>
         <load_address>0x4928</load_address>
         <run_address>0x4928</run_address>
         <size>0x838</size>
         <input_file_ref idref="fl-17"/>
      </object_component>
      <object_component id="oc-193">
         <name>.text</name>
         <load_address>0x5160</load_address>
         <run_address>0x5160</run_address>
         <size>0x7a8</size>
         <input_file_ref idref="fl-14"/>
      </object_component>
      <object_component id="oc-224">
         <name>.text</name>
         <load_address>0x5908</load_address>
         <run_address>0x5908</run_address>
         <size>0x508</size>
         <input_file_ref idref="fl-1c"/>
      </object_component>
      <object_component id="oc-f8">
         <name>.text</name>
         <load_address>0x5e10</load_address>
         <run_address>0x5e10</run_address>
         <size>0x480</size>
         <input_file_ref idref="fl-13"/>
      </object_component>
      <object_component id="oc-e6">
         <name>.text</name>
         <load_address>0x6290</load_address>
         <run_address>0x6290</run_address>
         <size>0x41c</size>
         <input_file_ref idref="fl-22"/>
      </object_component>
      <object_component id="oc-ec">
         <name>.text</name>
         <load_address>0x66ac</load_address>
         <run_address>0x66ac</run_address>
         <size>0x3f0</size>
         <input_file_ref idref="fl-15"/>
      </object_component>
      <object_component id="oc-ce">
         <name>.text</name>
         <load_address>0x6a9c</load_address>
         <run_address>0x6a9c</run_address>
         <size>0x370</size>
         <input_file_ref idref="fl-2"/>
      </object_component>
      <object_component id="oc-bb">
         <name>.text</name>
         <load_address>0x6e0c</load_address>
         <run_address>0x6e0c</run_address>
         <size>0x32c</size>
         <input_file_ref idref="fl-8"/>
      </object_component>
      <object_component id="oc-11d">
         <name>.text</name>
         <load_address>0x7138</load_address>
         <run_address>0x7138</run_address>
         <size>0x244</size>
         <input_file_ref idref="fl-1e"/>
      </object_component>
      <object_component id="oc-c8">
         <name>.text</name>
         <load_address>0x737c</load_address>
         <run_address>0x737c</run_address>
         <size>0x1e0</size>
         <input_file_ref idref="fl-6"/>
      </object_component>
      <object_component id="oc-da">
         <name>.text</name>
         <load_address>0x755c</load_address>
         <run_address>0x755c</run_address>
         <size>0x194</size>
         <input_file_ref idref="fl-9"/>
      </object_component>
      <object_component id="oc-e0">
         <name>.text</name>
         <load_address>0x76f0</load_address>
         <run_address>0x76f0</run_address>
         <size>0x178</size>
         <input_file_ref idref="fl-3"/>
      </object_component>
      <object_component id="oc-d4">
         <name>.text</name>
         <load_address>0x7868</load_address>
         <run_address>0x7868</run_address>
         <size>0x150</size>
         <input_file_ref idref="fl-4"/>
      </object_component>
      <object_component id="oc-c2">
         <name>.text</name>
         <load_address>0x79b8</load_address>
         <run_address>0x79b8</run_address>
         <size>0xd8</size>
         <input_file_ref idref="fl-23"/>
      </object_component>
      <object_component id="oc-182">
         <name>.text</name>
         <load_address>0x7a90</load_address>
         <run_address>0x7a90</run_address>
         <size>0xc0</size>
         <input_file_ref idref="fl-12"/>
      </object_component>
      <object_component id="oc-30">
         <name>.text</name>
         <load_address>0x7b50</load_address>
         <run_address>0x7b50</run_address>
         <size>0x9c</size>
         <input_file_ref idref="fl-e2"/>
      </object_component>
      <object_component id="oc-49">
         <name>.text</name>
         <load_address>0x7bec</load_address>
         <run_address>0x7bec</run_address>
         <size>0x7a</size>
         <input_file_ref idref="fl-e3"/>
      </object_component>
      <object_component id="oc-55">
         <name>.text</name>
         <load_address>0x7c66</load_address>
         <run_address>0x7c66</run_address>
         <size>0x2</size>
         <input_file_ref idref="fl-e4"/>
      </object_component>
      <object_component id="oc-10a">
         <name>.text</name>
         <load_address>0x7c68</load_address>
         <run_address>0x7c68</run_address>
         <size>0x74</size>
         <input_file_ref idref="fl-1f"/>
      </object_component>
      <object_component id="oc-61">
         <name>.text</name>
         <load_address>0x7cdc</load_address>
         <run_address>0x7cdc</run_address>
         <size>0x70</size>
         <input_file_ref idref="fl-ec"/>
      </object_component>
      <object_component id="oc-3c">
         <name>.text</name>
         <load_address>0x7d4c</load_address>
         <run_address>0x7d4c</run_address>
         <size>0x6a</size>
         <input_file_ref idref="fl-df"/>
      </object_component>
      <object_component id="oc-a6">
         <name>.text</name>
         <load_address>0x7db6</load_address>
         <run_address>0x7db6</run_address>
         <size>0x2</size>
         <input_file_ref idref="fl-ee"/>
      </object_component>
      <object_component id="oc-26">
         <name>.text</name>
         <load_address>0x7db8</load_address>
         <run_address>0x7db8</run_address>
         <size>0x54</size>
         <input_file_ref idref="fl-dd"/>
      </object_component>
      <object_component id="oc-6d">
         <name>.text</name>
         <load_address>0x7e0c</load_address>
         <run_address>0x7e0c</run_address>
         <size>0x54</size>
         <input_file_ref idref="fl-e1"/>
      </object_component>
      <object_component id="oc-a0">
         <name>.text</name>
         <load_address>0x7e60</load_address>
         <run_address>0x7e60</run_address>
         <size>0x4c</size>
         <input_file_ref idref="fl-ed"/>
      </object_component>
      <object_component id="oc-1aa">
         <name>.text</name>
         <load_address>0x7eac</load_address>
         <run_address>0x7eac</run_address>
         <size>0x3e</size>
         <input_file_ref idref="fl-d"/>
      </object_component>
      <object_component id="oc-fe">
         <name>.text</name>
         <load_address>0x7eea</load_address>
         <run_address>0x7eea</run_address>
         <size>0x30</size>
         <input_file_ref idref="fl-e9"/>
      </object_component>
      <object_component id="oc-104">
         <name>.text</name>
         <load_address>0x7f1a</load_address>
         <run_address>0x7f1a</run_address>
         <size>0x28</size>
         <input_file_ref idref="fl-e8"/>
      </object_component>
      <object_component id="oc-67">
         <name>.text</name>
         <load_address>0x7f44</load_address>
         <run_address>0x7f44</run_address>
         <size>0x18</size>
         <input_file_ref idref="fl-eb"/>
      </object_component>
      <object_component id="oc-153">
         <name>.text</name>
         <load_address>0x7f5c</load_address>
         <run_address>0x7f5c</run_address>
         <size>0x14</size>
         <input_file_ref idref="fl-ea"/>
      </object_component>
      <object_component id="oc-188">
         <name>.text</name>
         <load_address>0x7f70</load_address>
         <run_address>0x7f70</run_address>
         <size>0x14</size>
         <input_file_ref idref="fl-e7"/>
      </object_component>
      <object_component id="oc-14">
         <name>.text:decompress:none</name>
         <load_address>0x7f84</load_address>
         <run_address>0x7f84</run_address>
         <size>0xe</size>
         <input_file_ref idref="fl-de"/>
      </object_component>
      <object_component id="oc-77">
         <name>.text</name>
         <load_address>0x7f92</load_address>
         <run_address>0x7f92</run_address>
         <size>0xe</size>
         <input_file_ref idref="fl-7"/>
      </object_component>
      <object_component id="oc-1a">
         <name>.text:decompress:rle24</name>
         <load_address>0x7fa0</load_address>
         <run_address>0x7fa0</run_address>
         <size>0x6</size>
         <input_file_ref idref="fl-df"/>
      </object_component>
      <object_component id="oc-5b">
         <name>.text</name>
         <load_address>0x7fa6</load_address>
         <run_address>0x7fa6</run_address>
         <size>0x4</size>
         <input_file_ref idref="fl-e5"/>
      </object_component>
      <object_component id="oc-18e">
         <name>.const:adc_info</name>
         <load_address>0x7fac</load_address>
         <run_address>0x7fac</run_address>
         <size>0xc0</size>
         <input_file_ref idref="fl-2"/>
      </object_component>
      <object_component id="oc-1c7">
         <name>.const:_ctlRegs</name>
         <load_address>0x806c</load_address>
         <run_address>0x806c</run_address>
         <size>0x80</size>
         <input_file_ref idref="fl-a"/>
      </object_component>
      <object_component id="oc-1b6">
         <name>.const:g_pulRegs</name>
         <load_address>0x80ec</load_address>
         <run_address>0x80ec</run_address>
         <size>0x50</size>
         <input_file_ref idref="fl-15"/>
      </object_component>
      <object_component id="oc-19c">
         <name>.const:i2c_cs</name>
         <load_address>0x813c</load_address>
         <run_address>0x813c</run_address>
         <size>0x48</size>
         <input_file_ref idref="fl-4"/>
      </object_component>
      <object_component id="oc-16b">
         <name>.const:spi_cs</name>
         <load_address>0x8184</load_address>
         <run_address>0x8184</run_address>
         <size>0x28</size>
         <input_file_ref idref="fl-6"/>
      </object_component>
      <object_component id="oc-1a0">
         <name>.const:uartConfig</name>
         <load_address>0x81ac</load_address>
         <run_address>0x81ac</run_address>
         <size>0x24</size>
         <input_file_ref idref="fl-9"/>
      </object_component>
      <object_component id="oc-1b3">
         <name>.const:g_pulPriority</name>
         <load_address>0x81d0</load_address>
         <run_address>0x81d0</run_address>
         <size>0x20</size>
         <input_file_ref idref="fl-15"/>
      </object_component>
      <object_component id="oc-1cf">
         <name>.const:GPIO_PORT_TO_INT</name>
         <load_address>0x81f0</load_address>
         <run_address>0x81f0</run_address>
         <size>0x1c</size>
         <input_file_ref idref="fl-13"/>
      </object_component>
      <object_component id="oc-165">
         <name>.const:spiMasterConfig_A</name>
         <load_address>0x820c</load_address>
         <run_address>0x820c</run_address>
         <size>0x1c</size>
         <input_file_ref idref="fl-6"/>
      </object_component>
      <object_component id="oc-168">
         <name>.const:spiMasterConfig_B</name>
         <load_address>0x8228</load_address>
         <run_address>0x8228</run_address>
         <size>0x1c</size>
         <input_file_ref idref="fl-6"/>
      </object_component>
      <object_component id="oc-199">
         <name>.const:i2cConfig</name>
         <load_address>0x8244</load_address>
         <run_address>0x8244</run_address>
         <size>0x14</size>
         <input_file_ref idref="fl-4"/>
      </object_component>
      <object_component id="oc-21f">
         <name>.const</name>
         <load_address>0x8258</load_address>
         <run_address>0x8258</run_address>
         <size>0x8</size>
         <input_file_ref idref="fl-11"/>
      </object_component>
      <object_component id="oc-1bc">
         <name>.const:g_pulDisRegs</name>
         <load_address>0x8260</load_address>
         <run_address>0x8260</run_address>
         <size>0x8</size>
         <input_file_ref idref="fl-15"/>
      </object_component>
      <object_component id="oc-1b9">
         <name>.const:g_pulEnRegs</name>
         <load_address>0x8268</load_address>
         <run_address>0x8268</run_address>
         <size>0x8</size>
         <input_file_ref idref="fl-15"/>
      </object_component>
      <object_component id="oc-1bf">
         <name>.const:g_pulPendRegs</name>
         <load_address>0x8270</load_address>
         <run_address>0x8270</run_address>
         <size>0x8</size>
         <input_file_ref idref="fl-15"/>
      </object_component>
      <object_component id="oc-1c2">
         <name>.const:g_pulUnpendRegs</name>
         <load_address>0x8278</load_address>
         <run_address>0x8278</run_address>
         <size>0x8</size>
         <input_file_ref idref="fl-15"/>
      </object_component>
      <object_component id="oc-2bc">
         <name>.cinit..data.load</name>
         <load_address>0x8280</load_address>
         <run_address>0x8280</run_address>
         <size>0x114</size>
      </object_component>
      <object_component id="oc-2bd">
         <name>.cinit..bss.load</name>
         <load_address>0x8398</load_address>
         <run_address>0x8398</run_address>
         <size>0x9</size>
      </object_component>
      <object_component id="oc-2bb">
         <name>.cinit..vtable.load</name>
         <load_address>0x83a8</load_address>
         <run_address>0x83a8</run_address>
         <size>0x9</size>
      </object_component>
      <object_component id="oc-2b9">
         <name>__TI_handler_table</name>
         <load_address>0x83b4</load_address>
         <run_address>0x83b4</run_address>
         <size>0x8</size>
      </object_component>
      <object_component id="oc-2ba">
         <name>__TI_cinit_table</name>
         <load_address>0x83bc</load_address>
         <run_address>0x83bc</run_address>
         <size>0x18</size>
      </object_component>
      <object_component id="oc-296">
         <name>.binit</name>
         <load_address>0x0</load_address>
         <run_address>0x0</run_address>
         <size>0x0</size>
      </object_component>
      <object_component id="oc-1b0">
         <name>.vtable</name>
         <uninitialized>true</uninitialized>
         <run_address>0x20000000</run_address>
         <size>0xe4</size>
         <input_file_ref idref="fl-15"/>
      </object_component>
      <object_component id="oc-110">
         <name>.data:uart_data</name>
         <load_address>0x2000f524</load_address>
         <run_address>0x2000f524</run_address>
         <size>0x101</size>
         <input_file_ref idref="fl-5"/>
      </object_component>
      <object_component id="oc-113">
         <name>.data</name>
         <load_address>0x2000f734</load_address>
         <run_address>0x2000f734</run_address>
         <size>0x17</size>
         <input_file_ref idref="fl-5"/>
      </object_component>
      <object_component id="oc-116">
         <name>.data:gpio_info</name>
         <load_address>0x200000e4</load_address>
         <run_address>0x200000e4</run_address>
         <size>0xf440</size>
         <input_file_ref idref="fl-5"/>
      </object_component>
      <object_component id="oc-12b">
         <name>.data:spiMasterConfig_A2</name>
         <load_address>0x2000f718</load_address>
         <run_address>0x2000f718</run_address>
         <size>0x1c</size>
         <input_file_ref idref="fl-5"/>
      </object_component>
      <object_component id="oc-15f">
         <name>.data</name>
         <load_address>0x2000f764</load_address>
         <run_address>0x2000f764</run_address>
         <size>0x4</size>
         <input_file_ref idref="fl-8"/>
      </object_component>
      <object_component id="oc-1a3">
         <name>.data</name>
         <load_address>0x2000f6a5</load_address>
         <run_address>0x2000f6a5</run_address>
         <size>0x2</size>
         <input_file_ref idref="fl-9"/>
      </object_component>
      <object_component id="oc-1a4">
         <name>.data:pieceOfString$2</name>
         <load_address>0x2000f625</load_address>
         <run_address>0x2000f625</run_address>
         <size>0x80</size>
         <input_file_ref idref="fl-9"/>
      </object_component>
      <object_component id="oc-21c">
         <name>.data:__getBurstProgramRegs</name>
         <load_address>0x2000f6a8</load_address>
         <run_address>0x2000f6a8</run_address>
         <size>0x40</size>
         <input_file_ref idref="fl-11"/>
      </object_component>
      <object_component id="oc-1cc">
         <name>.data:GPIO_PORT_TO_BASE</name>
         <load_address>0x2000f6e8</load_address>
         <run_address>0x2000f6e8</run_address>
         <size>0x30</size>
         <input_file_ref idref="fl-13"/>
      </object_component>
      <object_component id="oc-b0">
         <name>.data:$O1$$</name>
         <load_address>0x2000f74c</load_address>
         <run_address>0x2000f74c</run_address>
         <size>0xc</size>
         <input_file_ref idref="fl-e1"/>
      </object_component>
      <object_component id="oc-73">
         <name>.data</name>
         <load_address>0x2000f760</load_address>
         <run_address>0x2000f760</run_address>
         <size>0x4</size>
         <input_file_ref idref="fl-e6"/>
      </object_component>
      <object_component id="oc-b3">
         <name>.data:$O1$$</name>
         <load_address>0x2000f758</load_address>
         <run_address>0x2000f758</run_address>
         <size>0x8</size>
         <input_file_ref idref="fl-ea"/>
      </object_component>
      <object_component id="oc-22c">
         <name>.bss</name>
         <uninitialized>true</uninitialized>
         <run_address>0x2000f7b8</run_address>
         <size>0x8</size>
         <input_file_ref idref="fl-f"/>
      </object_component>
      <object_component id="oc-11c">
         <name>.common:gpio_io_input</name>
         <uninitialized>true</uninitialized>
         <run_address>0x2000f790</run_address>
         <size>0x14</size>
      </object_component>
      <object_component id="oc-119">
         <name>.common:gpio_io_output</name>
         <uninitialized>true</uninitialized>
         <run_address>0x2000f7a4</run_address>
         <size>0x14</size>
      </object_component>
      <object_component id="oc-123">
         <name>.common:gpio_edge_rising</name>
         <uninitialized>true</uninitialized>
         <run_address>0x2000f77c</run_address>
         <size>0x14</size>
      </object_component>
      <object_component id="oc-124">
         <name>.common:gpio_edge_falling</name>
         <uninitialized>true</uninitialized>
         <run_address>0x2000f768</run_address>
         <size>0x14</size>
      </object_component>
      <object_component id="oc-2f">
         <name>.stack</name>
         <uninitialized>true</uninitialized>
         <run_address>0x2000fe00</run_address>
         <size>0x0</size>
         <input_file_ref idref="fl-dd"/>
      </object_component>
      <object_component id="oc-2be">
         <name>.stack</name>
         <uninitialized>true</uninitialized>
         <run_address>0x2000fe00</run_address>
         <size>0x0</size>
      </object_component>
      <object_component id="oc-192">
         <name>.debug_info</name>
         <load_address>0x0</load_address>
         <run_address>0x0</run_address>
         <size>0x810</size>
         <input_file_ref idref="fl-2"/>
      </object_component>
      <object_component id="oc-18f">
         <name>.debug_info</name>
         <load_address>0x810</load_address>
         <run_address>0x810</run_address>
         <size>0xd6</size>
         <input_file_ref idref="fl-2"/>
      </object_component>
      <object_component id="oc-cf">
         <name>.debug_info</name>
         <load_address>0x8e6</load_address>
         <run_address>0x8e6</run_address>
         <size>0x987</size>
         <input_file_ref idref="fl-2"/>
      </object_component>
      <object_component id="oc-1ec">
         <name>.debug_info</name>
         <load_address>0x126d</load_address>
         <run_address>0x126d</run_address>
         <size>0x103e</size>
         <input_file_ref idref="fl-2"/>
      </object_component>
      <object_component id="oc-1e7">
         <name>.debug_info</name>
         <load_address>0x22ab</load_address>
         <run_address>0x22ab</run_address>
         <size>0x37a3</size>
         <input_file_ref idref="fl-2"/>
      </object_component>
      <object_component id="oc-1fb">
         <name>.debug_info</name>
         <load_address>0x5a4e</load_address>
         <run_address>0x5a4e</run_address>
         <size>0xc8</size>
         <input_file_ref idref="fl-2"/>
      </object_component>
      <object_component id="oc-28b">
         <name>.debug_info</name>
         <load_address>0x5b16</load_address>
         <run_address>0x5b16</run_address>
         <size>0x9a</size>
         <input_file_ref idref="fl-2"/>
      </object_component>
      <object_component id="oc-275">
         <name>.debug_info</name>
         <load_address>0x5bb0</load_address>
         <run_address>0x5bb0</run_address>
         <size>0x1b5</size>
         <input_file_ref idref="fl-2"/>
      </object_component>
      <object_component id="oc-27c">
         <name>.debug_info</name>
         <load_address>0x5d65</load_address>
         <run_address>0x5d65</run_address>
         <size>0xc6</size>
         <input_file_ref idref="fl-2"/>
      </object_component>
      <object_component id="oc-12f">
         <name>.debug_info</name>
         <load_address>0x5e2b</load_address>
         <run_address>0x5e2b</run_address>
         <size>0x8b</size>
         <input_file_ref idref="fl-2"/>
      </object_component>
      <object_component id="oc-134">
         <name>.debug_info</name>
         <load_address>0x5eb6</load_address>
         <run_address>0x5eb6</run_address>
         <size>0x18b</size>
         <input_file_ref idref="fl-2"/>
      </object_component>
      <object_component id="oc-1f1">
         <name>.debug_info</name>
         <load_address>0x6041</load_address>
         <run_address>0x6041</run_address>
         <size>0x131</size>
         <input_file_ref idref="fl-2"/>
      </object_component>
      <object_component id="oc-243">
         <name>.debug_info</name>
         <load_address>0x6172</load_address>
         <run_address>0x6172</run_address>
         <size>0xee</size>
         <input_file_ref idref="fl-2"/>
      </object_component>
      <object_component id="oc-1f6">
         <name>.debug_info</name>
         <load_address>0x6260</load_address>
         <run_address>0x6260</run_address>
         <size>0x1e2</size>
         <input_file_ref idref="fl-2"/>
      </object_component>
      <object_component id="oc-e1">
         <name>.debug_info</name>
         <load_address>0x6442</load_address>
         <run_address>0x6442</run_address>
         <size>0x539</size>
         <input_file_ref idref="fl-3"/>
      </object_component>
      <object_component id="oc-23c">
         <name>.debug_info</name>
         <load_address>0x697b</load_address>
         <run_address>0x697b</run_address>
         <size>0x621</size>
         <input_file_ref idref="fl-4"/>
      </object_component>
      <object_component id="oc-19a">
         <name>.debug_info</name>
         <load_address>0x6f9c</load_address>
         <run_address>0x6f9c</run_address>
         <size>0xd8</size>
         <input_file_ref idref="fl-4"/>
      </object_component>
      <object_component id="oc-19d">
         <name>.debug_info</name>
         <load_address>0x7074</load_address>
         <run_address>0x7074</run_address>
         <size>0xd2</size>
         <input_file_ref idref="fl-4"/>
      </object_component>
      <object_component id="oc-d5">
         <name>.debug_info</name>
         <load_address>0x7146</load_address>
         <run_address>0x7146</run_address>
         <size>0x550</size>
         <input_file_ref idref="fl-4"/>
      </object_component>
      <object_component id="oc-8e">
         <name>.debug_info</name>
         <load_address>0x7696</load_address>
         <run_address>0x7696</run_address>
         <size>0x84</size>
         <input_file_ref idref="fl-4"/>
      </object_component>
      <object_component id="oc-11a">
         <name>.debug_info</name>
         <load_address>0x771a</load_address>
         <run_address>0x771a</run_address>
         <size>0xf37</size>
         <input_file_ref idref="fl-5"/>
      </object_component>
      <object_component id="oc-111">
         <name>.debug_info</name>
         <load_address>0x8651</load_address>
         <run_address>0x8651</run_address>
         <size>0xd4</size>
         <input_file_ref idref="fl-5"/>
      </object_component>
      <object_component id="oc-114">
         <name>.debug_info</name>
         <load_address>0x8725</load_address>
         <run_address>0x8725</run_address>
         <size>0x305</size>
         <input_file_ref idref="fl-5"/>
      </object_component>
      <object_component id="oc-117">
         <name>.debug_info</name>
         <load_address>0x8a2a</load_address>
         <run_address>0x8a2a</run_address>
         <size>0xd4</size>
         <input_file_ref idref="fl-5"/>
      </object_component>
      <object_component id="oc-12c">
         <name>.debug_info</name>
         <load_address>0x8afe</load_address>
         <run_address>0x8afe</run_address>
         <size>0xe6</size>
         <input_file_ref idref="fl-5"/>
      </object_component>
      <object_component id="oc-7e">
         <name>.debug_info</name>
         <load_address>0x8be4</load_address>
         <run_address>0x8be4</run_address>
         <size>0x1309</size>
         <input_file_ref idref="fl-5"/>
      </object_component>
      <object_component id="oc-1dc">
         <name>.debug_info</name>
         <load_address>0x9eed</load_address>
         <run_address>0x9eed</run_address>
         <size>0x6b</size>
         <input_file_ref idref="fl-5"/>
      </object_component>
      <object_component id="oc-16f">
         <name>.debug_info</name>
         <load_address>0x9f58</load_address>
         <run_address>0x9f58</run_address>
         <size>0x6bb</size>
         <input_file_ref idref="fl-6"/>
      </object_component>
      <object_component id="oc-166">
         <name>.debug_info</name>
         <load_address>0xa613</load_address>
         <run_address>0xa613</run_address>
         <size>0xe8</size>
         <input_file_ref idref="fl-6"/>
      </object_component>
      <object_component id="oc-169">
         <name>.debug_info</name>
         <load_address>0xa6fb</load_address>
         <run_address>0xa6fb</run_address>
         <size>0xe8</size>
         <input_file_ref idref="fl-6"/>
      </object_component>
      <object_component id="oc-16c">
         <name>.debug_info</name>
         <load_address>0xa7e3</load_address>
         <run_address>0xa7e3</run_address>
         <size>0xd2</size>
         <input_file_ref idref="fl-6"/>
      </object_component>
      <object_component id="oc-c9">
         <name>.debug_info</name>
         <load_address>0xa8b5</load_address>
         <run_address>0xa8b5</run_address>
         <size>0x5cd</size>
         <input_file_ref idref="fl-6"/>
      </object_component>
      <object_component id="oc-85">
         <name>.debug_info</name>
         <load_address>0xae82</load_address>
         <run_address>0xae82</run_address>
         <size>0x11d</size>
         <input_file_ref idref="fl-7"/>
      </object_component>
      <object_component id="oc-2d">
         <name>.debug_info</name>
         <load_address>0xaf9f</load_address>
         <run_address>0xaf9f</run_address>
         <size>0xf5</size>
         <input_file_ref idref="fl-7"/>
      </object_component>
      <object_component id="oc-78">
         <name>.debug_info</name>
         <load_address>0xb094</load_address>
         <run_address>0xb094</run_address>
         <size>0x1bc</size>
         <input_file_ref idref="fl-7"/>
      </object_component>
      <object_component id="oc-160">
         <name>.debug_info</name>
         <load_address>0xb250</load_address>
         <run_address>0xb250</run_address>
         <size>0xee</size>
         <input_file_ref idref="fl-8"/>
      </object_component>
      <object_component id="oc-bd">
         <name>.debug_info</name>
         <load_address>0xb33e</load_address>
         <run_address>0xb33e</run_address>
         <size>0x260</size>
         <input_file_ref idref="fl-8"/>
      </object_component>
      <object_component id="oc-1a6">
         <name>.debug_info</name>
         <load_address>0xb59e</load_address>
         <run_address>0xb59e</run_address>
         <size>0x537</size>
         <input_file_ref idref="fl-9"/>
      </object_component>
      <object_component id="oc-1a1">
         <name>.debug_info</name>
         <load_address>0xbad5</load_address>
         <run_address>0xbad5</run_address>
         <size>0xdb</size>
         <input_file_ref idref="fl-9"/>
      </object_component>
      <object_component id="oc-db">
         <name>.debug_info</name>
         <load_address>0xbbb0</load_address>
         <run_address>0xbbb0</run_address>
         <size>0x3ce</size>
         <input_file_ref idref="fl-9"/>
      </object_component>
      <object_component id="oc-1cb">
         <name>.debug_info</name>
         <load_address>0xbf7e</load_address>
         <run_address>0xbf7e</run_address>
         <size>0x4e5</size>
         <input_file_ref idref="fl-a"/>
      </object_component>
      <object_component id="oc-1c8">
         <name>.debug_info</name>
         <load_address>0xc463</load_address>
         <run_address>0xc463</run_address>
         <size>0xe7</size>
         <input_file_ref idref="fl-a"/>
      </object_component>
      <object_component id="oc-f5">
         <name>.debug_info</name>
         <load_address>0xc54a</load_address>
         <run_address>0xc54a</run_address>
         <size>0x22f8</size>
         <input_file_ref idref="fl-a"/>
      </object_component>
      <object_component id="oc-1ac">
         <name>.debug_info</name>
         <load_address>0xe842</load_address>
         <run_address>0xe842</run_address>
         <size>0x3c4</size>
         <input_file_ref idref="fl-d"/>
      </object_component>
      <object_component id="oc-230">
         <name>.debug_info</name>
         <load_address>0xec06</load_address>
         <run_address>0xec06</run_address>
         <size>0x5d7</size>
         <input_file_ref idref="fl-f"/>
      </object_component>
      <object_component id="oc-22d">
         <name>.debug_info</name>
         <load_address>0xf1dd</load_address>
         <run_address>0xf1dd</run_address>
         <size>0x104</size>
         <input_file_ref idref="fl-f"/>
      </object_component>
      <object_component id="oc-17f">
         <name>.debug_info</name>
         <load_address>0xf2e1</load_address>
         <run_address>0xf2e1</run_address>
         <size>0x22de</size>
         <input_file_ref idref="fl-f"/>
      </object_component>
      <object_component id="oc-223">
         <name>.debug_info</name>
         <load_address>0x115bf</load_address>
         <run_address>0x115bf</run_address>
         <size>0x600</size>
         <input_file_ref idref="fl-11"/>
      </object_component>
      <object_component id="oc-220">
         <name>.debug_info</name>
         <load_address>0x11bbf</load_address>
         <run_address>0x11bbf</run_address>
         <size>0x12b</size>
         <input_file_ref idref="fl-11"/>
      </object_component>
      <object_component id="oc-21d">
         <name>.debug_info</name>
         <load_address>0x11cea</load_address>
         <run_address>0x11cea</run_address>
         <size>0x101</size>
         <input_file_ref idref="fl-11"/>
      </object_component>
      <object_component id="oc-171">
         <name>.debug_info</name>
         <load_address>0x11deb</load_address>
         <run_address>0x11deb</run_address>
         <size>0x3bd3</size>
         <input_file_ref idref="fl-11"/>
      </object_component>
      <object_component id="oc-183">
         <name>.debug_info</name>
         <load_address>0x159be</load_address>
         <run_address>0x159be</run_address>
         <size>0x5e2</size>
         <input_file_ref idref="fl-12"/>
      </object_component>
      <object_component id="oc-1d3">
         <name>.debug_info</name>
         <load_address>0x15fa0</load_address>
         <run_address>0x15fa0</run_address>
         <size>0x4e0</size>
         <input_file_ref idref="fl-13"/>
      </object_component>
      <object_component id="oc-1d0">
         <name>.debug_info</name>
         <load_address>0x16480</load_address>
         <run_address>0x16480</run_address>
         <size>0xf6</size>
         <input_file_ref idref="fl-13"/>
      </object_component>
      <object_component id="oc-1cd">
         <name>.debug_info</name>
         <load_address>0x16576</load_address>
         <run_address>0x16576</run_address>
         <size>0xf8</size>
         <input_file_ref idref="fl-13"/>
      </object_component>
      <object_component id="oc-fa">
         <name>.debug_info</name>
         <load_address>0x1666e</load_address>
         <run_address>0x1666e</run_address>
         <size>0x19f9</size>
         <input_file_ref idref="fl-13"/>
      </object_component>
      <object_component id="oc-239">
         <name>.debug_info</name>
         <load_address>0x18067</load_address>
         <run_address>0x18067</run_address>
         <size>0x4cf</size>
         <input_file_ref idref="fl-14"/>
      </object_component>
      <object_component id="oc-194">
         <name>.debug_info</name>
         <load_address>0x18536</load_address>
         <run_address>0x18536</run_address>
         <size>0x2d1a</size>
         <input_file_ref idref="fl-14"/>
      </object_component>
      <object_component id="oc-1c6">
         <name>.debug_info</name>
         <load_address>0x1b250</load_address>
         <run_address>0x1b250</run_address>
         <size>0x46e</size>
         <input_file_ref idref="fl-15"/>
      </object_component>
      <object_component id="oc-1b4">
         <name>.debug_info</name>
         <load_address>0x1b6be</load_address>
         <run_address>0x1b6be</run_address>
         <size>0xf5</size>
         <input_file_ref idref="fl-15"/>
      </object_component>
      <object_component id="oc-1b7">
         <name>.debug_info</name>
         <load_address>0x1b7b3</load_address>
         <run_address>0x1b7b3</run_address>
         <size>0xed</size>
         <input_file_ref idref="fl-15"/>
      </object_component>
      <object_component id="oc-1ba">
         <name>.debug_info</name>
         <load_address>0x1b8a0</load_address>
         <run_address>0x1b8a0</run_address>
         <size>0xf1</size>
         <input_file_ref idref="fl-15"/>
      </object_component>
      <object_component id="oc-1bd">
         <name>.debug_info</name>
         <load_address>0x1b991</load_address>
         <run_address>0x1b991</run_address>
         <size>0xf3</size>
         <input_file_ref idref="fl-15"/>
      </object_component>
      <object_component id="oc-1c0">
         <name>.debug_info</name>
         <load_address>0x1ba84</load_address>
         <run_address>0x1ba84</run_address>
         <size>0xf5</size>
         <input_file_ref idref="fl-15"/>
      </object_component>
      <object_component id="oc-1c3">
         <name>.debug_info</name>
         <load_address>0x1bb79</load_address>
         <run_address>0x1bb79</run_address>
         <size>0xf9</size>
         <input_file_ref idref="fl-15"/>
      </object_component>
      <object_component id="oc-1b1">
         <name>.debug_info</name>
         <load_address>0x1bc72</load_address>
         <run_address>0x1bc72</run_address>
         <size>0xfa</size>
         <input_file_ref idref="fl-15"/>
      </object_component>
      <object_component id="oc-ee">
         <name>.debug_info</name>
         <load_address>0x1bd6c</load_address>
         <run_address>0x1bd6c</run_address>
         <size>0x119d</size>
         <input_file_ref idref="fl-15"/>
      </object_component>
      <object_component id="oc-22b">
         <name>.debug_info</name>
         <load_address>0x1cf09</load_address>
         <run_address>0x1cf09</run_address>
         <size>0x592</size>
         <input_file_ref idref="fl-17"/>
      </object_component>
      <object_component id="oc-179">
         <name>.debug_info</name>
         <load_address>0x1d49b</load_address>
         <run_address>0x1d49b</run_address>
         <size>0x238c</size>
         <input_file_ref idref="fl-17"/>
      </object_component>
      <object_component id="oc-27b">
         <name>.debug_info</name>
         <load_address>0x1f827</load_address>
         <run_address>0x1f827</run_address>
         <size>0x4cb</size>
         <input_file_ref idref="fl-1c"/>
      </object_component>
      <object_component id="oc-227">
         <name>.debug_info</name>
         <load_address>0x1fcf2</load_address>
         <run_address>0x1fcf2</run_address>
         <size>0x146e</size>
         <input_file_ref idref="fl-1c"/>
      </object_component>
      <object_component id="oc-203">
         <name>.debug_info</name>
         <load_address>0x21160</load_address>
         <run_address>0x21160</run_address>
         <size>0x4d4</size>
         <input_file_ref idref="fl-1d"/>
      </object_component>
      <object_component id="oc-127">
         <name>.debug_info</name>
         <load_address>0x21634</load_address>
         <run_address>0x21634</run_address>
         <size>0x3d65</size>
         <input_file_ref idref="fl-1d"/>
      </object_component>
      <object_component id="oc-201">
         <name>.debug_info</name>
         <load_address>0x25399</load_address>
         <run_address>0x25399</run_address>
         <size>0x3a6</size>
         <input_file_ref idref="fl-1e"/>
      </object_component>
      <object_component id="oc-11e">
         <name>.debug_info</name>
         <load_address>0x2573f</load_address>
         <run_address>0x2573f</run_address>
         <size>0xe9c</size>
         <input_file_ref idref="fl-1e"/>
      </object_component>
      <object_component id="oc-1d9">
         <name>.debug_info</name>
         <load_address>0x265db</load_address>
         <run_address>0x265db</run_address>
         <size>0x436</size>
         <input_file_ref idref="fl-1f"/>
      </object_component>
      <object_component id="oc-10d">
         <name>.debug_info</name>
         <load_address>0x26a11</load_address>
         <run_address>0x26a11</run_address>
         <size>0x67c</size>
         <input_file_ref idref="fl-1f"/>
      </object_component>
      <object_component id="oc-1a9">
         <name>.debug_info</name>
         <load_address>0x2708d</load_address>
         <run_address>0x2708d</run_address>
         <size>0x4ca</size>
         <input_file_ref idref="fl-22"/>
      </object_component>
      <object_component id="oc-e8">
         <name>.debug_info</name>
         <load_address>0x27557</load_address>
         <run_address>0x27557</run_address>
         <size>0x161b</size>
         <input_file_ref idref="fl-22"/>
      </object_component>
      <object_component id="oc-164">
         <name>.debug_info</name>
         <load_address>0x28b72</load_address>
         <run_address>0x28b72</run_address>
         <size>0x56e</size>
         <input_file_ref idref="fl-23"/>
      </object_component>
      <object_component id="oc-c3">
         <name>.debug_info</name>
         <load_address>0x290e0</load_address>
         <run_address>0x290e0</run_address>
         <size>0x8ac</size>
         <input_file_ref idref="fl-23"/>
      </object_component>
      <object_component id="oc-29">
         <name>.debug_info</name>
         <load_address>0x2998c</load_address>
         <run_address>0x2998c</run_address>
         <size>0x161</size>
         <input_file_ref idref="fl-dd"/>
      </object_component>
      <object_component id="oc-3b">
         <name>.debug_info</name>
         <load_address>0x29aed</load_address>
         <run_address>0x29aed</run_address>
         <size>0x141</size>
         <input_file_ref idref="fl-de"/>
      </object_component>
      <object_component id="oc-16">
         <name>.debug_info</name>
         <load_address>0x29c2e</load_address>
         <run_address>0x29c2e</run_address>
         <size>0x1e0</size>
         <input_file_ref idref="fl-de"/>
      </object_component>
      <object_component id="oc-36">
         <name>.debug_info</name>
         <load_address>0x29e0e</load_address>
         <run_address>0x29e0e</run_address>
         <size>0x46</size>
         <input_file_ref idref="fl-de"/>
      </object_component>
      <object_component id="oc-87">
         <name>.debug_info</name>
         <load_address>0x29e54</load_address>
         <run_address>0x29e54</run_address>
         <size>0x2c</size>
         <input_file_ref idref="fl-de"/>
      </object_component>
      <object_component id="oc-43">
         <name>.debug_info</name>
         <load_address>0x29e80</load_address>
         <run_address>0x29e80</run_address>
         <size>0x135</size>
         <input_file_ref idref="fl-df"/>
      </object_component>
      <object_component id="oc-3d">
         <name>.debug_info</name>
         <load_address>0x29fb5</load_address>
         <run_address>0x29fb5</run_address>
         <size>0x248</size>
         <input_file_ref idref="fl-df"/>
      </object_component>
      <object_component id="oc-1b">
         <name>.debug_info</name>
         <load_address>0x2a1fd</load_address>
         <run_address>0x2a1fd</run_address>
         <size>0x1b2</size>
         <input_file_ref idref="fl-df"/>
      </object_component>
      <object_component id="oc-44">
         <name>.debug_info</name>
         <load_address>0x2a3af</load_address>
         <run_address>0x2a3af</run_address>
         <size>0x39</size>
         <input_file_ref idref="fl-df"/>
      </object_component>
      <object_component id="oc-96">
         <name>.debug_info</name>
         <load_address>0x2a3e8</load_address>
         <run_address>0x2a3e8</run_address>
         <size>0x2c</size>
         <input_file_ref idref="fl-df"/>
      </object_component>
      <object_component id="oc-b7">
         <name>.debug_info</name>
         <load_address>0x2a414</load_address>
         <run_address>0x2a414</run_address>
         <size>0x235</size>
         <input_file_ref idref="fl-e1"/>
      </object_component>
      <object_component id="oc-b1">
         <name>.debug_info</name>
         <load_address>0x2a649</load_address>
         <run_address>0x2a649</run_address>
         <size>0x186</size>
         <input_file_ref idref="fl-e1"/>
      </object_component>
      <object_component id="oc-6e">
         <name>.debug_info</name>
         <load_address>0x2a7cf</load_address>
         <run_address>0x2a7cf</run_address>
         <size>0x215</size>
         <input_file_ref idref="fl-e1"/>
      </object_component>
      <object_component id="oc-31">
         <name>.debug_info</name>
         <load_address>0x2a9e4</load_address>
         <run_address>0x2a9e4</run_address>
         <size>0x112</size>
         <input_file_ref idref="fl-e2"/>
      </object_component>
      <object_component id="oc-4a">
         <name>.debug_info</name>
         <load_address>0x2aaf6</load_address>
         <run_address>0x2aaf6</run_address>
         <size>0x140</size>
         <input_file_ref idref="fl-e3"/>
      </object_component>
      <object_component id="oc-56">
         <name>.debug_info</name>
         <load_address>0x2ac36</load_address>
         <run_address>0x2ac36</run_address>
         <size>0x139</size>
         <input_file_ref idref="fl-e4"/>
      </object_component>
      <object_component id="oc-5c">
         <name>.debug_info</name>
         <load_address>0x2ad6f</load_address>
         <run_address>0x2ad6f</run_address>
         <size>0x149</size>
         <input_file_ref idref="fl-e5"/>
      </object_component>
      <object_component id="oc-74">
         <name>.debug_info</name>
         <load_address>0x2aeb8</load_address>
         <run_address>0x2aeb8</run_address>
         <size>0x10a</size>
         <input_file_ref idref="fl-e6"/>
      </object_component>
      <object_component id="oc-233">
         <name>.debug_info</name>
         <load_address>0x2afc2</load_address>
         <run_address>0x2afc2</run_address>
         <size>0xeb</size>
         <input_file_ref idref="fl-e7"/>
      </object_component>
      <object_component id="oc-189">
         <name>.debug_info</name>
         <load_address>0x2b0ad</load_address>
         <run_address>0x2b0ad</run_address>
         <size>0x22b</size>
         <input_file_ref idref="fl-e7"/>
      </object_component>
      <object_component id="oc-1d7">
         <name>.debug_info</name>
         <load_address>0x2b2d8</load_address>
         <run_address>0x2b2d8</run_address>
         <size>0xf2</size>
         <input_file_ref idref="fl-e8"/>
      </object_component>
      <object_component id="oc-107">
         <name>.debug_info</name>
         <load_address>0x2b3ca</load_address>
         <run_address>0x2b3ca</run_address>
         <size>0x24b</size>
         <input_file_ref idref="fl-e8"/>
      </object_component>
      <object_component id="oc-1d5">
         <name>.debug_info</name>
         <load_address>0x2b615</load_address>
         <run_address>0x2b615</run_address>
         <size>0xf7</size>
         <input_file_ref idref="fl-e9"/>
      </object_component>
      <object_component id="oc-ff">
         <name>.debug_info</name>
         <load_address>0x2b70c</load_address>
         <run_address>0x2b70c</run_address>
         <size>0x25a</size>
         <input_file_ref idref="fl-e9"/>
      </object_component>
      <object_component id="oc-15b">
         <name>.debug_info</name>
         <load_address>0x2b966</load_address>
         <run_address>0x2b966</run_address>
         <size>0x125</size>
         <input_file_ref idref="fl-ea"/>
      </object_component>
      <object_component id="oc-b4">
         <name>.debug_info</name>
         <load_address>0x2ba8b</load_address>
         <run_address>0x2ba8b</run_address>
         <size>0x114</size>
         <input_file_ref idref="fl-ea"/>
      </object_component>
      <object_component id="oc-154">
         <name>.debug_info</name>
         <load_address>0x2bb9f</load_address>
         <run_address>0x2bb9f</run_address>
         <size>0x220</size>
         <input_file_ref idref="fl-ea"/>
      </object_component>
      <object_component id="oc-af">
         <name>.debug_info</name>
         <load_address>0x2bdbf</load_address>
         <run_address>0x2bdbf</run_address>
         <size>0x167</size>
         <input_file_ref idref="fl-eb"/>
      </object_component>
      <object_component id="oc-6a">
         <name>.debug_info</name>
         <load_address>0x2bf26</load_address>
         <run_address>0x2bf26</run_address>
         <size>0x168</size>
         <input_file_ref idref="fl-eb"/>
      </object_component>
      <object_component id="oc-14c">
         <name>.debug_info</name>
         <load_address>0x2c08e</load_address>
         <run_address>0x2c08e</run_address>
         <size>0x5e</size>
         <input_file_ref idref="fl-eb"/>
      </object_component>
      <object_component id="oc-ad">
         <name>.debug_info</name>
         <load_address>0x2c0ec</load_address>
         <run_address>0x2c0ec</run_address>
         <size>0x2ea</size>
         <input_file_ref idref="fl-ec"/>
      </object_component>
      <object_component id="oc-63">
         <name>.debug_info</name>
         <load_address>0x2c3d6</load_address>
         <run_address>0x2c3d6</run_address>
         <size>0x191</size>
         <input_file_ref idref="fl-ec"/>
      </object_component>
      <object_component id="oc-140">
         <name>.debug_info</name>
         <load_address>0x2c567</load_address>
         <run_address>0x2c567</run_address>
         <size>0x39</size>
         <input_file_ref idref="fl-ec"/>
      </object_component>
      <object_component id="oc-145">
         <name>.debug_info</name>
         <load_address>0x2c5a0</load_address>
         <run_address>0x2c5a0</run_address>
         <size>0xcd</size>
         <input_file_ref idref="fl-ec"/>
      </object_component>
      <object_component id="oc-13c">
         <name>.debug_info</name>
         <load_address>0x2c66d</load_address>
         <run_address>0x2c66d</run_address>
         <size>0x1e1</size>
         <input_file_ref idref="fl-ed"/>
      </object_component>
      <object_component id="oc-a1">
         <name>.debug_info</name>
         <load_address>0x2c84e</load_address>
         <run_address>0x2c84e</run_address>
         <size>0x184</size>
         <input_file_ref idref="fl-ed"/>
      </object_component>
      <object_component id="oc-208">
         <name>.debug_info</name>
         <load_address>0x2c9d2</load_address>
         <run_address>0x2c9d2</run_address>
         <size>0x2c</size>
         <input_file_ref idref="fl-ed"/>
      </object_component>
      <object_component id="oc-a8">
         <name>.debug_info</name>
         <load_address>0x2c9fe</load_address>
         <run_address>0x2c9fe</run_address>
         <size>0x146</size>
         <input_file_ref idref="fl-ee"/>
      </object_component>
      <object_component id="oc-2bf">
         <name>.debug_info</name>
         <load_address>0x2cb44</load_address>
         <run_address>0x2cb44</run_address>
         <size>0xa4</size>
      </object_component>
      <object_component id="oc-237">
         <name>.debug_line</name>
         <load_address>0x0</load_address>
         <run_address>0x0</run_address>
         <size>0x231</size>
         <input_file_ref idref="fl-2"/>
      </object_component>
      <object_component id="oc-235">
         <name>.debug_line</name>
         <load_address>0x231</load_address>
         <run_address>0x231</run_address>
         <size>0x31</size>
         <input_file_ref idref="fl-2"/>
      </object_component>
      <object_component id="oc-d3">
         <name>.debug_line</name>
         <load_address>0x262</load_address>
         <run_address>0x262</run_address>
         <size>0x17e</size>
         <input_file_ref idref="fl-2"/>
      </object_component>
      <object_component id="oc-1ef">
         <name>.debug_line</name>
         <load_address>0x3e0</load_address>
         <run_address>0x3e0</run_address>
         <size>0x55</size>
         <input_file_ref idref="fl-2"/>
      </object_component>
      <object_component id="oc-1ea">
         <name>.debug_line</name>
         <load_address>0x435</load_address>
         <run_address>0x435</run_address>
         <size>0x52</size>
         <input_file_ref idref="fl-2"/>
      </object_component>
      <object_component id="oc-1fe">
         <name>.debug_line</name>
         <load_address>0x487</load_address>
         <run_address>0x487</run_address>
         <size>0x5e</size>
         <input_file_ref idref="fl-2"/>
      </object_component>
      <object_component id="oc-28e">
         <name>.debug_line</name>
         <load_address>0x4e5</load_address>
         <run_address>0x4e5</run_address>
         <size>0x6d</size>
         <input_file_ref idref="fl-2"/>
      </object_component>
      <object_component id="oc-278">
         <name>.debug_line</name>
         <load_address>0x552</load_address>
         <run_address>0x552</run_address>
         <size>0x70</size>
         <input_file_ref idref="fl-2"/>
      </object_component>
      <object_component id="oc-27f">
         <name>.debug_line</name>
         <load_address>0x5c2</load_address>
         <run_address>0x5c2</run_address>
         <size>0x6f</size>
         <input_file_ref idref="fl-2"/>
      </object_component>
      <object_component id="oc-132">
         <name>.debug_line</name>
         <load_address>0x631</load_address>
         <run_address>0x631</run_address>
         <size>0x20</size>
         <input_file_ref idref="fl-2"/>
      </object_component>
      <object_component id="oc-137">
         <name>.debug_line</name>
         <load_address>0x651</load_address>
         <run_address>0x651</run_address>
         <size>0x5f</size>
         <input_file_ref idref="fl-2"/>
      </object_component>
      <object_component id="oc-1f4">
         <name>.debug_line</name>
         <load_address>0x6b0</load_address>
         <run_address>0x6b0</run_address>
         <size>0x6d</size>
         <input_file_ref idref="fl-2"/>
      </object_component>
      <object_component id="oc-246">
         <name>.debug_line</name>
         <load_address>0x71d</load_address>
         <run_address>0x71d</run_address>
         <size>0x6e</size>
         <input_file_ref idref="fl-2"/>
      </object_component>
      <object_component id="oc-1f9">
         <name>.debug_line</name>
         <load_address>0x78b</load_address>
         <run_address>0x78b</run_address>
         <size>0x2d</size>
         <input_file_ref idref="fl-2"/>
      </object_component>
      <object_component id="oc-e5">
         <name>.debug_line</name>
         <load_address>0x7b8</load_address>
         <run_address>0x7b8</run_address>
         <size>0x73</size>
         <input_file_ref idref="fl-3"/>
      </object_component>
      <object_component id="oc-291">
         <name>.debug_line</name>
         <load_address>0x82b</load_address>
         <run_address>0x82b</run_address>
         <size>0xbb</size>
         <input_file_ref idref="fl-4"/>
      </object_component>
      <object_component id="oc-23b">
         <name>.debug_line</name>
         <load_address>0x8e6</load_address>
         <run_address>0x8e6</run_address>
         <size>0x31</size>
         <input_file_ref idref="fl-4"/>
      </object_component>
      <object_component id="oc-23e">
         <name>.debug_line</name>
         <load_address>0x917</load_address>
         <run_address>0x917</run_address>
         <size>0x31</size>
         <input_file_ref idref="fl-4"/>
      </object_component>
      <object_component id="oc-d9">
         <name>.debug_line</name>
         <load_address>0x948</load_address>
         <run_address>0x948</run_address>
         <size>0xac</size>
         <input_file_ref idref="fl-4"/>
      </object_component>
      <object_component id="oc-91">
         <name>.debug_line</name>
         <load_address>0x9f4</load_address>
         <run_address>0x9f4</run_address>
         <size>0x20</size>
         <input_file_ref idref="fl-4"/>
      </object_component>
      <object_component id="oc-1e6">
         <name>.debug_line</name>
         <load_address>0xa14</load_address>
         <run_address>0xa14</run_address>
         <size>0x33e</size>
         <input_file_ref idref="fl-5"/>
      </object_component>
      <object_component id="oc-1db">
         <name>.debug_line</name>
         <load_address>0xd52</load_address>
         <run_address>0xd52</run_address>
         <size>0x2d</size>
         <input_file_ref idref="fl-5"/>
      </object_component>
      <object_component id="oc-1e2">
         <name>.debug_line</name>
         <load_address>0xd7f</load_address>
         <run_address>0xd7f</run_address>
         <size>0x2d</size>
         <input_file_ref idref="fl-5"/>
      </object_component>
      <object_component id="oc-1e4">
         <name>.debug_line</name>
         <load_address>0xdac</load_address>
         <run_address>0xdac</run_address>
         <size>0x2d</size>
         <input_file_ref idref="fl-5"/>
      </object_component>
      <object_component id="oc-205">
         <name>.debug_line</name>
         <load_address>0xdd9</load_address>
         <run_address>0xdd9</run_address>
         <size>0x2d</size>
         <input_file_ref idref="fl-5"/>
      </object_component>
      <object_component id="oc-81">
         <name>.debug_line</name>
         <load_address>0xe06</load_address>
         <run_address>0xe06</run_address>
         <size>0x470</size>
         <input_file_ref idref="fl-5"/>
      </object_component>
      <object_component id="oc-1df">
         <name>.debug_line</name>
         <load_address>0x1276</load_address>
         <run_address>0x1276</run_address>
         <size>0x32</size>
         <input_file_ref idref="fl-5"/>
      </object_component>
      <object_component id="oc-21b">
         <name>.debug_line</name>
         <load_address>0x12a8</load_address>
         <run_address>0x12a8</run_address>
         <size>0xbb</size>
         <input_file_ref idref="fl-6"/>
      </object_component>
      <object_component id="oc-215">
         <name>.debug_line</name>
         <load_address>0x1363</load_address>
         <run_address>0x1363</run_address>
         <size>0x31</size>
         <input_file_ref idref="fl-6"/>
      </object_component>
      <object_component id="oc-217">
         <name>.debug_line</name>
         <load_address>0x1394</load_address>
         <run_address>0x1394</run_address>
         <size>0x31</size>
         <input_file_ref idref="fl-6"/>
      </object_component>
      <object_component id="oc-219">
         <name>.debug_line</name>
         <load_address>0x13c5</load_address>
         <run_address>0x13c5</run_address>
         <size>0x31</size>
         <input_file_ref idref="fl-6"/>
      </object_component>
      <object_component id="oc-cd">
         <name>.debug_line</name>
         <load_address>0x13f6</load_address>
         <run_address>0x13f6</run_address>
         <size>0xd6</size>
         <input_file_ref idref="fl-6"/>
      </object_component>
      <object_component id="oc-13a">
         <name>.debug_line</name>
         <load_address>0x14cc</load_address>
         <run_address>0x14cc</run_address>
         <size>0x40</size>
         <input_file_ref idref="fl-7"/>
      </object_component>
      <object_component id="oc-84">
         <name>.debug_line</name>
         <load_address>0x150c</load_address>
         <run_address>0x150c</run_address>
         <size>0x40</size>
         <input_file_ref idref="fl-7"/>
      </object_component>
      <object_component id="oc-7b">
         <name>.debug_line</name>
         <load_address>0x154c</load_address>
         <run_address>0x154c</run_address>
         <size>0x71</size>
         <input_file_ref idref="fl-7"/>
      </object_component>
      <object_component id="oc-211">
         <name>.debug_line</name>
         <load_address>0x15bd</load_address>
         <run_address>0x15bd</run_address>
         <size>0x3b</size>
         <input_file_ref idref="fl-8"/>
      </object_component>
      <object_component id="oc-bc">
         <name>.debug_line</name>
         <load_address>0x15f8</load_address>
         <run_address>0x15f8</run_address>
         <size>0x146</size>
         <input_file_ref idref="fl-8"/>
      </object_component>
      <object_component id="oc-242">
         <name>.debug_line</name>
         <load_address>0x173e</load_address>
         <run_address>0x173e</run_address>
         <size>0x10d</size>
         <input_file_ref idref="fl-9"/>
      </object_component>
      <object_component id="oc-240">
         <name>.debug_line</name>
         <load_address>0x184b</load_address>
         <run_address>0x184b</run_address>
         <size>0x32</size>
         <input_file_ref idref="fl-9"/>
      </object_component>
      <object_component id="oc-de">
         <name>.debug_line</name>
         <load_address>0x187d</load_address>
         <run_address>0x187d</run_address>
         <size>0xee</size>
         <input_file_ref idref="fl-9"/>
      </object_component>
      <object_component id="oc-25e">
         <name>.debug_line</name>
         <load_address>0x196b</load_address>
         <run_address>0x196b</run_address>
         <size>0x73</size>
         <input_file_ref idref="fl-a"/>
      </object_component>
      <object_component id="oc-25c">
         <name>.debug_line</name>
         <load_address>0x19de</load_address>
         <run_address>0x19de</run_address>
         <size>0x43</size>
         <input_file_ref idref="fl-a"/>
      </object_component>
      <object_component id="oc-f3">
         <name>.debug_line</name>
         <load_address>0x1a21</load_address>
         <run_address>0x1a21</run_address>
         <size>0x668</size>
         <input_file_ref idref="fl-a"/>
      </object_component>
      <object_component id="oc-1ae">
         <name>.debug_line</name>
         <load_address>0x2089</load_address>
         <run_address>0x2089</run_address>
         <size>0xe4</size>
         <input_file_ref idref="fl-d"/>
      </object_component>
      <object_component id="oc-286">
         <name>.debug_line</name>
         <load_address>0x216d</load_address>
         <run_address>0x216d</run_address>
         <size>0xc3</size>
         <input_file_ref idref="fl-f"/>
      </object_component>
      <object_component id="oc-284">
         <name>.debug_line</name>
         <load_address>0x2230</load_address>
         <run_address>0x2230</run_address>
         <size>0x40</size>
         <input_file_ref idref="fl-f"/>
      </object_component>
      <object_component id="oc-17e">
         <name>.debug_line</name>
         <load_address>0x2270</load_address>
         <run_address>0x2270</run_address>
         <size>0x88e</size>
         <input_file_ref idref="fl-f"/>
      </object_component>
      <object_component id="oc-274">
         <name>.debug_line</name>
         <load_address>0x2afe</load_address>
         <run_address>0x2afe</run_address>
         <size>0x110</size>
         <input_file_ref idref="fl-11"/>
      </object_component>
      <object_component id="oc-272">
         <name>.debug_line</name>
         <load_address>0x2c0e</load_address>
         <run_address>0x2c0e</run_address>
         <size>0x43</size>
         <input_file_ref idref="fl-11"/>
      </object_component>
      <object_component id="oc-270">
         <name>.debug_line</name>
         <load_address>0x2c51</load_address>
         <run_address>0x2c51</run_address>
         <size>0x43</size>
         <input_file_ref idref="fl-11"/>
      </object_component>
      <object_component id="oc-174">
         <name>.debug_line</name>
         <load_address>0x2c94</load_address>
         <run_address>0x2c94</run_address>
         <size>0xd3f</size>
         <input_file_ref idref="fl-11"/>
      </object_component>
      <object_component id="oc-186">
         <name>.debug_line</name>
         <load_address>0x39d3</load_address>
         <run_address>0x39d3</run_address>
         <size>0x12e</size>
         <input_file_ref idref="fl-12"/>
      </object_component>
      <object_component id="oc-264">
         <name>.debug_line</name>
         <load_address>0x3b01</load_address>
         <run_address>0x3b01</run_address>
         <size>0x73</size>
         <input_file_ref idref="fl-13"/>
      </object_component>
      <object_component id="oc-262">
         <name>.debug_line</name>
         <load_address>0x3b74</load_address>
         <run_address>0x3b74</run_address>
         <size>0x42</size>
         <input_file_ref idref="fl-13"/>
      </object_component>
      <object_component id="oc-260">
         <name>.debug_line</name>
         <load_address>0x3bb6</load_address>
         <run_address>0x3bb6</run_address>
         <size>0x42</size>
         <input_file_ref idref="fl-13"/>
      </object_component>
      <object_component id="oc-f9">
         <name>.debug_line</name>
         <load_address>0x3bf8</load_address>
         <run_address>0x3bf8</run_address>
         <size>0x2d1</size>
         <input_file_ref idref="fl-13"/>
      </object_component>
      <object_component id="oc-28a">
         <name>.debug_line</name>
         <load_address>0x3ec9</load_address>
         <run_address>0x3ec9</run_address>
         <size>0x73</size>
         <input_file_ref idref="fl-14"/>
      </object_component>
      <object_component id="oc-197">
         <name>.debug_line</name>
         <load_address>0x3f3c</load_address>
         <run_address>0x3f3c</run_address>
         <size>0x5d2</size>
         <input_file_ref idref="fl-14"/>
      </object_component>
      <object_component id="oc-25a">
         <name>.debug_line</name>
         <load_address>0x450e</load_address>
         <run_address>0x450e</run_address>
         <size>0x6d</size>
         <input_file_ref idref="fl-15"/>
      </object_component>
      <object_component id="oc-24e">
         <name>.debug_line</name>
         <load_address>0x457b</load_address>
         <run_address>0x457b</run_address>
         <size>0x47</size>
         <input_file_ref idref="fl-15"/>
      </object_component>
      <object_component id="oc-250">
         <name>.debug_line</name>
         <load_address>0x45c2</load_address>
         <run_address>0x45c2</run_address>
         <size>0x47</size>
         <input_file_ref idref="fl-15"/>
      </object_component>
      <object_component id="oc-252">
         <name>.debug_line</name>
         <load_address>0x4609</load_address>
         <run_address>0x4609</run_address>
         <size>0x47</size>
         <input_file_ref idref="fl-15"/>
      </object_component>
      <object_component id="oc-254">
         <name>.debug_line</name>
         <load_address>0x4650</load_address>
[...]
         <name>SysCtl_disableGlitchFilter</name>
         <value>0x732b</value>
         <object_component_ref idref="oc-11d"/>
      </symbol>
      <symbol id="sm-af1">
         <name>SysCtl_disableNMISource</name>
         <value>0x71bb</value>
         <object_component_ref idref="oc-11d"/>
      </symbol>
      <symbol id="sm-af2">
         <name>SysCtl_setWDTPasswordViolationResetType</name>
         <value>0x72fb</value>
         <object_component_ref idref="oc-11d"/>
      </symbol>
      <symbol id="sm-af3">
         <name>SysCtl_rebootDevice</name>
         <value>0x72a5</value>
         <object_component_ref idref="oc-11d"/>
      </symbol>
      <symbol id="sm-af4">
         <name>SysCtl_getFlashSize</name>
         <value>0x71b5</value>
         <object_component_ref idref="oc-11d"/>
      </symbol>
      <symbol id="sm-af5">
         <name>SysCtl_getTLVInfo</name>
         <value>0x7139</value>
         <object_component_ref idref="oc-11d"/>
      </symbol>
      <symbol id="sm-af6">
         <name>SysCtl_enableGlitchFilter</name>
         <value>0x731f</value>
         <object_component_ref idref="oc-11d"/>
      </symbol>
      <symbol id="sm-af7">
         <name>SysCtl_enableSRAMBankRetention</name>
         <value>0x726d</value>
         <object_component_ref idref="oc-11d"/>
      </symbol>
      <symbol id="sm-b10">
         <name>SysTick_setPeriod</name>
         <value>0x7cb1</value>
         <object_component_ref idref="oc-10a"/>
      </symbol>
      <symbol id="sm-b11">
         <name>SysTick_disableModule</name>
         <value>0x7c75</value>
         <object_component_ref idref="oc-10a"/>
      </symbol>
      <symbol id="sm-b12">
         <name>SysTick_disableInterrupt</name>
         <value>0x7ca5</value>
         <object_component_ref idref="oc-10a"/>
      </symbol>
      <symbol id="sm-b13">
         <name>SysTick_getPeriod</name>
         <value>0x7cc3</value>
         <object_component_ref idref="oc-10a"/>
      </symbol>
      <symbol id="sm-b14">
         <name>SysTick_registerInterrupt</name>
         <value>0x7c81</value>
         <object_component_ref idref="oc-10a"/>
      </symbol>
      <symbol id="sm-b15">
         <name>SysTick_getValue</name>
         <value>0x7ccb</value>
         <object_component_ref idref="oc-10a"/>
      </symbol>
      <symbol id="sm-b16">
         <name>SysTick_enableInterrupt</name>
         <value>0x7c99</value>
         <object_component_ref idref="oc-10a"/>
      </symbol>
      <symbol id="sm-b17">
         <name>SysTick_unregisterInterrupt</name>
         <value>0x7c8f</value>
         <object_component_ref idref="oc-10a"/>
      </symbol>
      <symbol id="sm-b18">
         <name>SysTick_enableModule</name>
         <value>0x7c69</value>
         <object_component_ref idref="oc-10a"/>
      </symbol>
      <symbol id="sm-b6c">
         <name>UART_unregisterInterrupt</name>
         <value>0x6641</value>
         <object_component_ref idref="oc-e6"/>
      </symbol>
      <symbol id="sm-b6d">
         <name>UART_enableInterrupt</name>
         <value>0x64cd</value>
         <object_component_ref idref="oc-e6"/>
      </symbol>
      <symbol id="sm-b6e">
         <name>UART_receiveData</name>
         <value>0x63a3</value>
         <object_component_ref idref="oc-e6"/>
      </symbol>
      <symbol id="sm-b6f">
         <name>UART_enableModule</name>
         <value>0x63c9</value>
         <object_component_ref idref="oc-e6"/>
      </symbol>
      <symbol id="sm-b70">
         <name>UART_disableModule</name>
         <value>0x63df</value>
         <object_component_ref idref="oc-e6"/>
      </symbol>
      <symbol id="sm-b71">
         <name>UART_getEnabledInterruptStatus</name>
         <value>0x6549</value>
         <object_component_ref idref="oc-e6"/>
      </symbol>
      <symbol id="sm-b72">
         <name>UART_transmitData</name>
         <value>0x6379</value>
         <object_component_ref idref="oc-e6"/>
      </symbol>
      <symbol id="sm-b73">
         <name>UART_transmitBreak</name>
         <value>0x644f</value>
         <object_component_ref idref="oc-e6"/>
      </symbol>
      <symbol id="sm-b74">
         <name>UART_registerInterrupt</name>
         <value>0x65c5</value>
         <object_component_ref idref="oc-e6"/>
      </symbol>
      <symbol id="sm-b75">
         <name>UART_selectDeglitchTime</name>
         <value>0x64b1</value>
         <object_component_ref idref="oc-e6"/>
      </symbol>
      <symbol id="sm-b76">
         <name>UART_getInterruptStatus</name>
         <value>0x652d</value>
         <object_component_ref idref="oc-e6"/>
      </symbol>
      <symbol id="sm-b77">
         <name>UART_getReceiveBufferAddressForDMA</name>
         <value>0x6495</value>
         <object_component_ref idref="oc-e6"/>
      </symbol>
      <symbol id="sm-b78">
         <name>UART_getTransmitBufferAddressForDMA</name>
         <value>0x64a3</value>
         <object_component_ref idref="oc-e6"/>
      </symbol>
      <symbol id="sm-b79">
         <name>UART_initModule</name>
         <value>0x6291</value>
         <object_component_ref idref="oc-e6"/>
      </symbol>
      <symbol id="sm-b7a">
         <name>UART_transmitAddress</name>
         <value>0x6431</value>
         <object_component_ref idref="oc-e6"/>
      </symbol>
      <symbol id="sm-b7b">
         <name>UART_clearInterruptFlag</name>
         <value>0x65a5</value>
         <object_component_ref idref="oc-e6"/>
      </symbol>
      <symbol id="sm-b7c">
         <name>UART_queryStatusFlags</name>
         <value>0x63f5</value>
         <object_component_ref idref="oc-e6"/>
      </symbol>
      <symbol id="sm-b7d">
         <name>UART_disableInterrupt</name>
         <value>0x64fd</value>
         <object_component_ref idref="oc-e6"/>
      </symbol>
      <symbol id="sm-b7e">
         <name>UART_setDormant</name>
         <value>0x6409</value>
         <object_component_ref idref="oc-e6"/>
      </symbol>
      <symbol id="sm-b7f">
         <name>UART_resetDormant</name>
         <value>0x641d</value>
         <object_component_ref idref="oc-e6"/>
      </symbol>
      <symbol id="sm-b96">
         <name>WDT_A_setTimeoutReset</name>
         <value>0x7a5d</value>
         <object_component_ref idref="oc-c2"/>
      </symbol>
      <symbol id="sm-b97">
         <name>WDT_A_registerInterrupt</name>
         <value>0x7a69</value>
         <object_component_ref idref="oc-c2"/>
      </symbol>
      <symbol id="sm-b98">
         <name>WDT_A_setPasswordViolationReset</name>
         <value>0x7a51</value>
         <object_component_ref idref="oc-c2"/>
      </symbol>
      <symbol id="sm-b99">
         <name>WDT_A_initIntervalTimer</name>
         <value>0x7a35</value>
         <object_component_ref idref="oc-c2"/>
      </symbol>
      <symbol id="sm-b9a">
         <name>WDT_A_clearTimer</name>
         <value>0x79f9</value>
         <object_component_ref idref="oc-c2"/>
      </symbol>
      <symbol id="sm-b9b">
         <name>WDT_A_holdTimer</name>
         <value>0x79b9</value>
         <object_component_ref idref="oc-c2"/>
      </symbol>
      <symbol id="sm-b9c">
         <name>WDT_A_initWatchdogTimer</name>
         <value>0x7a19</value>
         <object_component_ref idref="oc-c2"/>
      </symbol>
      <symbol id="sm-b9d">
         <name>WDT_A_startTimer</name>
         <value>0x79d9</value>
         <object_component_ref idref="oc-c2"/>
      </symbol>
      <symbol id="sm-b9e">
         <name>WDT_A_unregisterInterrupt</name>
         <value>0x7a7d</value>
         <object_component_ref idref="oc-c2"/>
      </symbol>
      <symbol id="sm-baf">
         <name>_c_int00</name>
         <value>0x7db9</value>
         <object_component_ref idref="oc-26"/>
      </symbol>
      <symbol id="sm-bb0">
         <name>__stack</name>
         <value>0x2000fe00</value>
         <object_component_ref idref="oc-2f"/>
      </symbol>
      <symbol id="sm-bc7">
         <name>__TI_decompress_none</name>
         <value>0x7f85</value>
         <object_component_ref idref="oc-14"/>
      </symbol>
      <symbol id="sm-bef">
         <name>__TI_decompress_rle24</name>
         <value>0x7fa1</value>
         <object_component_ref idref="oc-1a"/>
      </symbol>
      <symbol id="sm-c11">
         <name>C$$EXIT</name>
         <value>0x7e0d</value>
         <object_component_ref idref="oc-6d"/>
      </symbol>
      <symbol id="sm-c12">
         <name>abort</name>
         <value>0x7e11</value>
         <object_component_ref idref="oc-6d"/>
      </symbol>
      <symbol id="sm-c13">
         <name>exit</name>
         <value>0x7e19</value>
         <object_component_ref idref="oc-6d"/>
      </symbol>
      <symbol id="sm-c14">
         <name>__TI_dtors_ptr</name>
         <value>0x2000f750</value>
         <object_component_ref idref="oc-b0"/>
      </symbol>
      <symbol id="sm-c15">
         <name>__TI_cleanup_ptr</name>
         <value>0x2000f74c</value>
         <object_component_ref idref="oc-b0"/>
      </symbol>
      <symbol id="sm-c16">
         <name>__TI_enable_exit_profile_output</name>
         <value>0x2000f754</value>
         <object_component_ref idref="oc-b0"/>
      </symbol>
      <symbol id="sm-c31">
         <name>memcpy</name>
         <value>0x7b51</value>
         <object_component_ref idref="oc-30"/>
      </symbol>
      <symbol id="sm-c32">
         <name>__aeabi_memcpy</name>
         <value>0x7b51</value>
         <object_component_ref idref="oc-30"/>
      </symbol>
      <symbol id="sm-c33">
         <name>__aeabi_memcpy8</name>
         <value>0x7b51</value>
         <object_component_ref idref="oc-30"/>
      </symbol>
      <symbol id="sm-c34">
         <name>__aeabi_memcpy4</name>
         <value>0x7b51</value>
         <object_component_ref idref="oc-30"/>
      </symbol>
      <symbol id="sm-c43">
         <name>__aeabi_memset</name>
         <value>0x7bef</value>
         <object_component_ref idref="oc-49"/>
      </symbol>
      <symbol id="sm-c44">
         <name>memset</name>
         <value>0x7bf5</value>
         <object_component_ref idref="oc-49"/>
      </symbol>
      <symbol id="sm-c45">
         <name>__aeabi_memset8</name>
         <value>0x7bef</value>
         <object_component_ref idref="oc-49"/>
      </symbol>
      <symbol id="sm-c46">
         <name>__aeabi_memset4</name>
         <value>0x7bef</value>
         <object_component_ref idref="oc-49"/>
      </symbol>
      <symbol id="sm-c47">
         <name>__aeabi_memclr8</name>
         <value>0x7bed</value>
         <object_component_ref idref="oc-49"/>
      </symbol>
      <symbol id="sm-c48">
         <name>__aeabi_memclr4</name>
         <value>0x7bed</value>
         <object_component_ref idref="oc-49"/>
      </symbol>
      <symbol id="sm-c49">
         <name>__aeabi_memclr</name>
         <value>0x7bed</value>
         <object_component_ref idref="oc-49"/>
      </symbol>
      <symbol id="sm-c53">
         <name>__mpu_init</name>
         <value>0x7c67</value>
         <object_component_ref idref="oc-55"/>
      </symbol>
      <symbol id="sm-c5d">
         <name>_system_pre_init</name>
         <value>0x7fa7</value>
         <object_component_ref idref="oc-5b"/>
      </symbol>
      <symbol id="sm-c65">
         <name>main_func_sp</name>
         <value>0x2000f760</value>
         <object_component_ref idref="oc-73"/>
      </symbol>
      <symbol id="sm-c73">
         <name>strlen</name>
         <value>0x7f71</value>
         <object_component_ref idref="oc-188"/>
      </symbol>
      <symbol id="sm-c84">
         <name>strncat</name>
         <value>0x7f1b</value>
         <object_component_ref idref="oc-104"/>
      </symbol>
      <symbol id="sm-c94">
         <name>strncpy</name>
         <value>0x7eeb</value>
         <object_component_ref idref="oc-fe"/>
      </symbol>
      <symbol id="sm-cad">
         <name>_nop</name>
         <value>0x7f6b</value>
         <object_component_ref idref="oc-153"/>
      </symbol>
      <symbol id="sm-cae">
         <name>_lock</name>
         <value>0x2000f758</value>
         <object_component_ref idref="oc-b3"/>
      </symbol>
      <symbol id="sm-caf">
         <name>_unlock</name>
         <value>0x2000f75c</value>
         <object_component_ref idref="oc-b3"/>
      </symbol>
      <symbol id="sm-cb0">
         <name>_register_lock</name>
         <value>0x7f63</value>
         <object_component_ref idref="oc-153"/>
      </symbol>
      <symbol id="sm-cb1">
         <name>_register_unlock</name>
         <value>0x7f5d</value>
         <object_component_ref idref="oc-153"/>
      </symbol>
      <symbol id="sm-cc5">
         <name>_args_main</name>
         <value>0x7f45</value>
         <object_component_ref idref="oc-67"/>
      </symbol>
      <symbol id="sm-cea">
         <name>__TI_auto_init</name>
         <value>0x7cdd</value>
         <object_component_ref idref="oc-61"/>
      </symbol>
      <symbol id="sm-d04">
         <name>copy_in</name>
         <value>0x7e61</value>
         <object_component_ref idref="oc-a0"/>
      </symbol>
      <symbol id="sm-d0e">
         <name>_system_post_cinit</name>
         <value>0x7db7</value>
         <object_component_ref idref="oc-a6"/>
      </symbol>
      <symbol id="sm-d0f">
         <name>__TI_static_base__</name>
         <value>0x0</value>
      </symbol>
      <symbol id="sm-d12">
         <name>SHT$$INIT_ARRAY$$Limit</name>
         <value>0x0</value>
      </symbol>
      <symbol id="sm-d13">
         <name>SHT$$INIT_ARRAY$$Base</name>
         <value>0x0</value>
      </symbol>
      <symbol id="sm-d14">
         <name>NMI_Handler</name>
         <value>0x7f9f</value>
      </symbol>
      <symbol id="sm-d15">
         <name>HardFault_Handler</name>
         <value>0x7f9f</value>
      </symbol>
      <symbol id="sm-d16">
         <name>MemManage_Handler</name>
         <value>0x7f9f</value>
      </symbol>
      <symbol id="sm-d17">
         <name>BusFault_Handler</name>
         <value>0x7f9f</value>
      </symbol>
      <symbol id="sm-d18">
         <name>UsageFault_Handler</name>
         <value>0x7f9f</value>
      </symbol>
      <symbol id="sm-d19">
         <name>SVC_Handler</name>
         <value>0x7f9f</value>
      </symbol>
      <symbol id="sm-d1a">
         <name>DebugMon_Handler</name>
         <value>0x7f9f</value>
      </symbol>
      <symbol id="sm-d1b">
         <name>PendSV_Handler</name>
         <value>0x7f9f</value>
      </symbol>
      <symbol id="sm-d1c">
         <name>SysTick_Handler</name>
         <value>0x26dd</value>
      </symbol>
      <symbol id="sm-d1d">
         <name>PSS_IRQHandler</name>
         <value>0x7f9f</value>
      </symbol>
      <symbol id="sm-d1e">
         <name>CS_IRQHandler</name>
         <value>0x7f9f</value>
      </symbol>
      <symbol id="sm-d1f">
         <name>PCM_IRQHandler</name>
         <value>0x7f9f</value>
      </symbol>
      <symbol id="sm-d20">
         <name>WDT_A_IRQHandler</name>
         <value>0x7f9f</value>
      </symbol>
      <symbol id="sm-d21">
         <name>FPU_IRQHandler</name>
         <value>0x7f9f</value>
      </symbol>
      <symbol id="sm-d22">
         <name>FLCTL_IRQHandler</name>
         <value>0x7f9f</value>
      </symbol>
      <symbol id="sm-d23">
         <name>COMP_E0_IRQHandler</name>
         <value>0x7f9f</value>
      </symbol>
      <symbol id="sm-d24">
         <name>COMP_E1_IRQHandler</name>
         <value>0x7f9f</value>
      </symbol>
      <symbol id="sm-d25">
         <name>TA0_0_IRQHandler</name>
         <value>0x7f9f</value>
      </symbol>
      <symbol id="sm-d26">
         <name>TA0_N_IRQHandler</name>
         <value>0x7f9f</value>
      </symbol>
      <symbol id="sm-d27">
         <name>TA1_0_IRQHandler</name>
         <value>0x7f9f</value>
      </symbol>
      <symbol id="sm-d28">
         <name>TA1_N_IRQHandler</name>
         <value>0x7f9f</value>
      </symbol>
      <symbol id="sm-d29">
         <name>TA2_0_IRQHandler</name>
         <value>0x7f9f</value>
      </symbol>
      <symbol id="sm-d2a">
         <name>TA2_N_IRQHandler</name>
         <value>0x7f9f</value>
      </symbol>
      <symbol id="sm-d2b">
         <name>TA3_0_IRQHandler</name>
         <value>0x7f9f</value>
      </symbol>
      <symbol id="sm-d2c">
         <name>TA3_N_IRQHandler</name>
         <value>0x7f9f</value>
      </symbol>
      <symbol id="sm-d2d">
         <name>EUSCIA0_IRQHandler</name>
         <value>0x21a5</value>
      </symbol>
      <symbol id="sm-d2e">
         <name>EUSCIA1_IRQHandler</name>
         <value>0x7f9f</value>
      </symbol>
      <symbol id="sm-d2f">
         <name>EUSCIA2_IRQHandler</name>
         <value>0x7f9f</value>
      </symbol>
      <symbol id="sm-d30">
         <name>EUSCIA3_IRQHandler</name>
         <value>0x7f9f</value>
      </symbol>
      <symbol id="sm-d31">
         <name>EUSCIB0_IRQHandler</name>
         <value>0x7f9f</value>
      </symbol>
      <symbol id="sm-d32">
         <name>EUSCIB1_IRQHandler</name>
         <value>0x7f9f</value>
      </symbol>
      <symbol id="sm-d33">
         <name>EUSCIB2_IRQHandler</name>
         <value>0x7f9f</value>
      </symbol>
      <symbol id="sm-d34">
         <name>EUSCIB3_IRQHandler</name>
         <value>0x7f9f</value>
      </symbol>
      <symbol id="sm-d35">
         <name>ADC14_IRQHandler</name>
         <value>0x2191</value>
      </symbol>
      <symbol id="sm-d36">
         <name>T32_INT1_IRQHandler</name>
         <value>0x7f9f</value>
      </symbol>
      <symbol id="sm-d37">
         <name>T32_INT2_IRQHandler</name>
         <value>0x7f9f</value>
      </symbol>
      <symbol id="sm-d38">
         <name>T32_INTC_IRQHandler</name>
         <value>0x7f9f</value>
      </symbol>
      <symbol id="sm-d39">
         <name>AES256_IRQHandler</name>
         <value>0x7f9f</value>
      </symbol>
      <symbol id="sm-d3a">
         <name>RTC_C_IRQHandler</name>
         <value>0x7f9f</value>
      </symbol>
      <symbol id="sm-d3b">
         <name>DMA_ERR_IRQHandler</name>
         <value>0x7f9f</value>
      </symbol>
      <symbol id="sm-d3c">
         <name>DMA_INT3_IRQHandler</name>
         <value>0x7f9f</value>
      </symbol>
      <symbol id="sm-d3d">
         <name>DMA_INT2_IRQHandler</name>
         <value>0x7f9f</value>
      </symbol>
      <symbol id="sm-d3e">
         <name>DMA_INT1_IRQHandler</name>
         <value>0x7f9f</value>
      </symbol>
      <symbol id="sm-d3f">
         <name>DMA_INT0_IRQHandler</name>
         <value>0x7f9f</value>
      </symbol>
      <symbol id="sm-d40">
         <name>PORT1_IRQHandler</name>
         <value>0x7f9f</value>
      </symbol>
      <symbol id="sm-d41">
         <name>PORT2_IRQHandler</name>
         <value>0x2209</value>
      </symbol>
      <symbol id="sm-d42">
         <name>PORT3_IRQHandler</name>
         <value>0x24cd</value>
      </symbol>
      <symbol id="sm-d43">
         <name>PORT4_IRQHandler</name>
         <value>0x7f9f</value>
      </symbol>
      <symbol id="sm-d44">
         <name>PORT5_IRQHandler</name>
         <value>0x7f9f</value>
      </symbol>
      <symbol id="sm-d45">
         <name>PORT6_IRQHandler</name>
         <value>0x7f9f</value>
      </symbol>
   </symbol_table>
   <title>Link successful</title>
</link_info>
