<?xml version="1.0"?>
<link_info>
   <banner>TI ARM Linker PC v15.12.3.LTS</banner>
   <copyright>Copyright (c) 1996-2015 Texas Instruments Incorporated</copyright>
   <link_time>0x58eba195</link_time>
   <link_errors>0x0</link_errors>
   <output_file>rev1.0.out</output_file>
   <entry_point>
      <name>_c_int00</name>
      <address>0x5745</address>
   </entry_point>
   <input_file_list>
      <input_file id="fl-2">
         <path>.\</path>
         <kind>object</kind>
         <file>adc_rev1.obj</file>
         <name>adc_rev1.obj</name>
      </input_file>
      <input_file id="fl-3">
         <path>.\</path>
         <kind>object</kind>
         <file>gpio_rev1.obj</file>
         <name>gpio_rev1.obj</name>
      </input_file>
      <input_file id="fl-4">
         <path>.\</path>
         <kind>object</kind>
         <file>i2c_rev1.obj</file>
         <name>i2c_rev1.obj</name>
      </input_file>
      <input_file id="fl-5">
         <path>.\</path>
         <kind>object</kind>
         <file>main.obj</file>
         <name>main.obj</name>
      </input_file>
      <input_file id="fl-6">
         <path>.\</path>
         <kind>object</kind>
         <file>spi_rev1.obj</file>
         <name>spi_rev1.obj</name>
      </input_file>
      <input_file id="fl-7">
         <path>.\</path>
         <kind>object</kind>
         <file>startup_msp432p401r_ccs.obj</file>
         <name>startup_msp432p401r_ccs.obj</name>
      </input_file>
      <input_file id="fl-8">
         <path>.\</path>
         <kind>object</kind>
         <file>system_msp432p401r.obj</file>
         <name>system_msp432p401r.obj</name>
      </input_file>
      <input_file id="fl-9">
         <path>.\</path>
         <kind>object</kind>
         <file>uart_rev1.obj</file>
         <name>uart_rev1.obj</name>
      </input_file>
      <input_file id="fl-a">
         <path>.\driverlib\MSP432P4xx\</path>
         <kind>object</kind>
         <file>adc14.obj</file>
         <name>adc14.obj</name>
      </input_file>
      <input_file id="fl-b">
         <path>.\driverlib\MSP432P4xx\</path>
         <kind>object</kind>
         <file>aes256.obj</file>
         <name>aes256.obj</name>
      </input_file>
      <input_file id="fl-c">
         <path>.\driverlib\MSP432P4xx\</path>
         <kind>object</kind>
         <file>comp_e.obj</file>
         <name>comp_e.obj</name>
      </input_file>
      <input_file id="fl-d">
         <path>.\driverlib\MSP432P4xx\</path>
         <kind>object</kind>
         <file>cpu.obj</file>
         <name>cpu.obj</name>
      </input_file>
      <input_file id="fl-e">
         <path>.\driverlib\MSP432P4xx\</path>
         <kind>object</kind>
         <file>crc32.obj</file>
         <name>crc32.obj</name>
      </input_file>
      <input_file id="fl-f">
         <path>.\driverlib\MSP432P4xx\</path>
         <kind>object</kind>
         <file>cs.obj</file>
         <name>cs.obj</name>
      </input_file>
      <input_file id="fl-10">
         <path>.\driverlib\MSP432P4xx\</path>
         <kind>object</kind>
         <file>dma.obj</file>
         <name>dma.obj</name>
      </input_file>
      <input_file id="fl-11">
         <path>.\driverlib\MSP432P4xx\</path>
         <kind>object</kind>
         <file>flash.obj</file>
         <name>flash.obj</name>
      </input_file>
      <input_file id="fl-12">
         <path>.\driverlib\MSP432P4xx\</path>
         <kind>object</kind>
         <file>fpu.obj</file>
         <name>fpu.obj</name>
      </input_file>
      <input_file id="fl-13">
         <path>.\driverlib\MSP432P4xx\</path>
         <kind>object</kind>
         <file>gpio.obj</file>
         <name>gpio.obj</name>
      </input_file>
      <input_file id="fl-14">
         <path>.\driverlib\MSP432P4xx\</path>
         <kind>object</kind>
         <file>i2c.obj</file>
         <name>i2c.obj</name>
      </input_file>
      <input_file id="fl-15">
         <path>.\driverlib\MSP432P4xx\</path>
         <kind>object</kind>
         <file>interrupt.obj</file>
         <name>interrupt.obj</name>
      </input_file>
      <input_file id="fl-16">
         <path>.\driverlib\MSP432P4xx\</path>
         <kind>object</kind>
         <file>mpu.obj</file>
         <name>mpu.obj</name>
      </input_file>
      <input_file id="fl-17">
         <path>.\driverlib\MSP432P4xx\</path>
         <kind>object</kind>
         <file>pcm.obj</file>
         <name>pcm.obj</name>
      </input_file>
      <input_file id="fl-18">
         <path>.\driverlib\MSP432P4xx\</path>
         <kind>object</kind>
         <file>pmap.obj</file>
         <name>pmap.obj</name>
      </input_file>
      <input_file id="fl-19">
         <path>.\driverlib\MSP432P4xx\</path>
         <kind>object</kind>
         <file>pss.obj</file>
         <name>pss.obj</name>
      </input_file>
      <input_file id="fl-1a">
         <path>.\driverlib\MSP432P4xx\</path>
         <kind>object</kind>
         <file>ref_a.obj</file>
         <name>ref_a.obj</name>
      </input_file>
      <input_file id="fl-1b">
         <path>.\driverlib\MSP432P4xx\</path>
         <kind>object</kind>
         <file>reset.obj</file>
         <name>reset.obj</name>
      </input_file>
      <input_file id="fl-1c">
         <path>.\driverlib\MSP432P4xx\</path>
         <kind>object</kind>
         <file>rtc_c.obj</file>
         <name>rtc_c.obj</name>
      </input_file>
      <input_file id="fl-1d">
         <path>.\driverlib\MSP432P4xx\</path>
         <kind>object</kind>
         <file>spi.obj</file>
         <name>spi.obj</name>
      </input_file>
      <input_file id="fl-1e">
         <path>.\driverlib\MSP432P4xx\</path>
         <kind>object</kind>
         <file>sysctl.obj</file>
         <name>sysctl.obj</name>
      </input_file>
      <input_file id="fl-1f">
         <path>.\driverlib\MSP432P4xx\</path>
         <kind>object</kind>
         <file>systick.obj</file>
         <name>systick.obj</name>
      </input_file>
      <input_file id="fl-20">
         <path>.\driverlib\MSP432P4xx\</path>
         <kind>object</kind>
         <file>timer32.obj</file>
         <name>timer32.obj</name>
      </input_file>
      <input_file id="fl-21">
         <path>.\driverlib\MSP432P4xx\</path>
         <kind>object</kind>
         <file>timer_a.obj</file>
         <name>timer_a.obj</name>
      </input_file>
      <input_file id="fl-22">
         <path>.\driverlib\MSP432P4xx\</path>
         <kind>object</kind>
         <file>uart.obj</file>
         <name>uart.obj</name>
      </input_file>
      <input_file id="fl-23">
         <path>.\driverlib\MSP432P4xx\</path>
         <kind>object</kind>
         <file>wdt_a.obj</file>
         <name>wdt_a.obj</name>
      </input_file>
      <input_file id="fl-dd">
         <path>C:\ti\ccsv6\tools\compiler\arm_15.12.3.LTS\lib\</path>
         <kind>archive</kind>
         <file>rtsv7M4_T_le_v4SPD16_eabi.lib</file>
         <name>boot.obj</name>
      </input_file>
      <input_file id="fl-de">
         <path>C:\ti\ccsv6\tools\compiler\arm_15.12.3.LTS\lib\</path>
         <kind>archive</kind>
         <file>rtsv7M4_T_le_v4SPD16_eabi.lib</file>
         <name>copy_decompress_none.obj</name>
      </input_file>
      <input_file id="fl-df">
         <path>C:\ti\ccsv6\tools\compiler\arm_15.12.3.LTS\lib\</path>
         <kind>archive</kind>
         <file>rtsv7M4_T_le_v4SPD16_eabi.lib</file>
         <name>copy_decompress_rle.obj</name>
      </input_file>
      <input_file id="fl-e0">
         <path>C:\ti\ccsv6\tools\compiler\arm_15.12.3.LTS\lib\</path>
         <kind>archive</kind>
         <file>rtsv7M4_T_le_v4SPD16_eabi.lib</file>
         <name>copy_zero_init.obj</name>
      </input_file>
      <input_file id="fl-e1">
         <path>C:\ti\ccsv6\tools\compiler\arm_15.12.3.LTS\lib\</path>
         <kind>archive</kind>
         <file>rtsv7M4_T_le_v4SPD16_eabi.lib</file>
         <name>exit.obj</name>
      </input_file>
      <input_file id="fl-e2">
         <path>C:\ti\ccsv6\tools\compiler\arm_15.12.3.LTS\lib\</path>
         <kind>archive</kind>
         <file>rtsv7M4_T_le_v4SPD16_eabi.lib</file>
         <name>memcpy_t2.obj</name>
      </input_file>
      <input_file id="fl-e3">
         <path>C:\ti\ccsv6\tools\compiler\arm_15.12.3.LTS\lib\</path>
         <kind>archive</kind>
         <file>rtsv7M4_T_le_v4SPD16_eabi.lib</file>
         <name>memset_t2.obj</name>
      </input_file>
      <input_file id="fl-e4">
         <path>C:\ti\ccsv6\tools\compiler\arm_15.12.3.LTS\lib\</path>
         <kind>archive</kind>
         <file>rtsv7M4_T_le_v4SPD16_eabi.lib</file>
         <name>mpu_init.obj</name>
      </input_file>
      <input_file id="fl-e5">
         <path>C:\ti\ccsv6\tools\compiler\arm_15.12.3.LTS\lib\</path>
         <kind>archive</kind>
         <file>rtsv7M4_T_le_v4SPD16_eabi.lib</file>
         <name>pre_init.obj</name>
      </input_file>
      <input_file id="fl-e6">
         <path>C:\ti\ccsv6\tools\compiler\arm_15.12.3.LTS\lib\</path>
         <kind>archive</kind>
         <file>rtsv7M4_T_le_v4SPD16_eabi.lib</file>
         <name>stkdepth_vars.obj</name>
      </input_file>
      <input_file id="fl-e7">
         <path>C:\ti\ccsv6\tools\compiler\arm_15.12.3.LTS\lib\</path>
         <kind>archive</kind>
         <file>rtsv7M4_T_le_v4SPD16_eabi.lib</file>
         <name>strlen.obj</name>
      </input_file>
      <input_file id="fl-e8">
         <path>C:\ti\ccsv6\tools\compiler\arm_15.12.3.LTS\lib\</path>
         <kind>archive</kind>
         <file>rtsv7M4_T_le_v4SPD16_eabi.lib</file>
         <name>strncat.obj</name>
      </input_file>
      <input_file id="fl-e9">
         <path>C:\ti\ccsv6\tools\compiler\arm_15.12.3.LTS\lib\</path>
         <kind>archive</kind>
         <file>rtsv7M4_T_le_v4SPD16_eabi.lib</file>
         <name>strncpy.obj</name>
      </input_file>
      <input_file id="fl-ea">
         <path>C:\ti\ccsv6\tools\compiler\arm_15.12.3.LTS\lib\</path>
         <kind>archive</kind>
         <file>rtsv7M4_T_le_v4SPD16_eabi.lib</file>
         <name>_lock.obj</name>
      </input_file>
      <input_file id="fl-eb">
         <path>C:\ti\ccsv6\tools\compiler\arm_15.12.3.LTS\lib\</path>
         <kind>archive</kind>
         <file>rtsv7M4_T_le_v4SPD16_eabi.lib</file>
         <name>args_main.obj</name>
      </input_file>
      <input_file id="fl-ec">
         <path>C:\ti\ccsv6\tools\compiler\arm_15.12.3.LTS\lib\</path>
         <kind>archive</kind>
         <file>rtsv7M4_T_le_v4SPD16_eabi.lib</file>
         <name>autoinit.obj</name>
      </input_file>
      <input_file id="fl-ed">
         <path>C:\ti\ccsv6\tools\compiler\arm_15.12.3.LTS\lib\</path>
         <kind>archive</kind>
         <file>rtsv7M4_T_le_v4SPD16_eabi.lib</file>
         <name>cpy_tbl.obj</name>
      </input_file>
      <input_file id="fl-ee">
         <path>C:\ti\ccsv6\tools\compiler\arm_15.12.3.LTS\lib\</path>
         <kind>archive</kind>
         <file>rtsv7M4_T_le_v4SPD16_eabi.lib</file>
         <name>startup.obj</name>
      </input_file>
   </input_file_list>
   <object_component_list>
      <object_component id="oc-2c">
         <name>.intvecs:retain</name>
         <load_address>0x0</load_address>
         <run_address>0x0</run_address>
         <size>0xe4</size>
         <input_file_ref idref="fl-7"/>
      </object_component>
      <object_component id="oc-16b">
         <name>.text</name>
         <load_address>0xe4</load_address>
         <run_address>0xe4</run_address>
         <size>0x10b4</size>
         <input_file_ref idref="fl-11"/>
      </object_component>
      <object_component id="oc-7d">
         <name>.text</name>
         <load_address>0x1198</load_address>
         <run_address>0x1198</run_address>
         <size>0xd0c</size>
         <input_file_ref idref="fl-5"/>
      </object_component>
      <object_component id="oc-177">
         <name>.text</name>
         <load_address>0x1ea4</load_address>
         <run_address>0x1ea4</run_address>
         <size>0x8e0</size>
         <input_file_ref idref="fl-f"/>
      </object_component>
      <object_component id="oc-104">
         <name>.text</name>
         <load_address>0x2784</load_address>
         <run_address>0x2784</run_address>
         <size>0x6c4</size>
         <input_file_ref idref="fl-a"/>
      </object_component>
      <object_component id="oc-110">
         <name>.text</name>
         <load_address>0x2e48</load_address>
         <run_address>0x2e48</run_address>
         <size>0x584</size>
         <input_file_ref idref="fl-1d"/>
      </object_component>
      <object_component id="oc-171">
         <name>.text</name>
         <load_address>0x33cc</load_address>
         <run_address>0x33cc</run_address>
         <size>0x56c</size>
         <input_file_ref idref="fl-17"/>
      </object_component>
      <object_component id="oc-1a2">
         <name>.text</name>
         <load_address>0x3938</load_address>
         <run_address>0x3938</run_address>
         <size>0x4fc</size>
         <input_file_ref idref="fl-14"/>
      </object_component>
      <object_component id="oc-21c">
         <name>.text</name>
         <load_address>0x3e34</load_address>
         <run_address>0x3e34</run_address>
         <size>0x350</size>
         <input_file_ref idref="fl-1c"/>
      </object_component>
      <object_component id="oc-fe">
         <name>.text</name>
         <load_address>0x4184</load_address>
         <run_address>0x4184</run_address>
         <size>0x2c8</size>
         <input_file_ref idref="fl-15"/>
      </object_component>
      <object_component id="oc-f8">
         <name>.text</name>
         <load_address>0x444c</load_address>
         <run_address>0x444c</run_address>
         <size>0x278</size>
         <input_file_ref idref="fl-22"/>
      </object_component>
      <object_component id="oc-c8">
         <name>.text</name>
         <load_address>0x46c4</load_address>
         <run_address>0x46c4</run_address>
         <size>0x268</size>
         <input_file_ref idref="fl-2"/>
      </object_component>
      <object_component id="oc-10a">
         <name>.text</name>
         <load_address>0x492c</load_address>
         <run_address>0x492c</run_address>
         <size>0x260</size>
         <input_file_ref idref="fl-13"/>
      </object_component>
      <object_component id="oc-bb">
         <name>.text</name>
         <load_address>0x4b8c</load_address>
         <run_address>0x4b8c</run_address>
         <size>0x1e4</size>
         <input_file_ref idref="fl-8"/>
      </object_component>
      <object_component id="oc-e6">
         <name>.text</name>
         <load_address>0x4d70</load_address>
         <run_address>0x4d70</run_address>
         <size>0x17c</size>
         <input_file_ref idref="fl-6"/>
      </object_component>
      <object_component id="oc-f2">
         <name>.text</name>
         <load_address>0x4eec</load_address>
         <run_address>0x4eec</run_address>
         <size>0x16c</size>
         <input_file_ref idref="fl-3"/>
      </object_component>
      <object_component id="oc-11f">
         <name>.text</name>
         <load_address>0x5058</load_address>
         <run_address>0x5058</run_address>
         <size>0x16c</size>
         <input_file_ref idref="fl-1e"/>
      </object_component>
      <object_component id="oc-d4">
         <name>.text</name>
         <load_address>0x51c4</load_address>
         <run_address>0x51c4</run_address>
         <size>0x130</size>
         <input_file_ref idref="fl-9"/>
      </object_component>
      <object_component id="oc-ec">
         <name>.text</name>
         <load_address>0x52f4</load_address>
         <run_address>0x52f4</run_address>
         <size>0xf0</size>
         <input_file_ref idref="fl-4"/>
      </object_component>
      <object_component id="oc-30">
         <name>.text</name>
         <load_address>0x53e4</load_address>
         <run_address>0x53e4</run_address>
         <size>0x9c</size>
         <input_file_ref idref="fl-e2"/>
      </object_component>
      <object_component id="oc-17d">
         <name>.text</name>
         <load_address>0x5480</load_address>
         <run_address>0x5480</run_address>
         <size>0x88</size>
         <input_file_ref idref="fl-12"/>
      </object_component>
      <object_component id="oc-e0">
         <name>.text</name>
         <load_address>0x5508</load_address>
         <run_address>0x5508</run_address>
         <size>0x80</size>
         <input_file_ref idref="fl-23"/>
      </object_component>
      <object_component id="oc-49">
         <name>.text</name>
         <load_address>0x5588</load_address>
         <run_address>0x5588</run_address>
         <size>0x7a</size>
         <input_file_ref idref="fl-e3"/>
      </object_component>
      <object_component id="oc-55">
         <name>.text</name>
         <load_address>0x5602</load_address>
         <run_address>0x5602</run_address>
         <size>0x2</size>
         <input_file_ref idref="fl-e4"/>
      </object_component>
      <object_component id="oc-61">
         <name>.text</name>
         <load_address>0x5604</load_address>
         <run_address>0x5604</run_address>
         <size>0x70</size>
         <input_file_ref idref="fl-ec"/>
      </object_component>
      <object_component id="oc-3c">
         <name>.text</name>
         <load_address>0x5674</load_address>
         <run_address>0x5674</run_address>
         <size>0x6a</size>
         <input_file_ref idref="fl-df"/>
      </object_component>
      <object_component id="oc-a6">
         <name>.text</name>
         <load_address>0x56de</load_address>
         <run_address>0x56de</run_address>
         <size>0x2</size>
         <input_file_ref idref="fl-ee"/>
      </object_component>
      <object_component id="oc-119">
         <name>.text</name>
         <load_address>0x56e0</load_address>
         <run_address>0x56e0</run_address>
         <size>0x64</size>
         <input_file_ref idref="fl-1f"/>
      </object_component>
      <object_component id="oc-26">
         <name>.text</name>
         <load_address>0x5744</load_address>
         <run_address>0x5744</run_address>
         <size>0x54</size>
         <input_file_ref idref="fl-dd"/>
      </object_component>
      <object_component id="oc-6d">
         <name>.text</name>
         <load_address>0x5798</load_address>
         <run_address>0x5798</run_address>
         <size>0x54</size>
         <input_file_ref idref="fl-e1"/>
      </object_component>
      <object_component id="oc-a0">
         <name>.text</name>
         <load_address>0x57ec</load_address>
         <run_address>0x57ec</run_address>
         <size>0x4c</size>
         <input_file_ref idref="fl-ed"/>
      </object_component>
      <object_component id="oc-1b3">
         <name>.text</name>
         <load_address>0x5838</load_address>
         <run_address>0x5838</run_address>
         <size>0x36</size>
         <input_file_ref idref="fl-d"/>
      </object_component>
      <object_component id="oc-c2">
         <name>.text</name>
         <load_address>0x586e</load_address>
         <run_address>0x586e</run_address>
         <size>0x30</size>
         <input_file_ref idref="fl-e9"/>
      </object_component>
      <object_component id="oc-ce">
         <name>.text</name>
         <load_address>0x589e</load_address>
         <run_address>0x589e</run_address>
         <size>0x28</size>
         <input_file_ref idref="fl-e8"/>
      </object_component>
      <object_component id="oc-67">
         <name>.text</name>
         <load_address>0x58c8</load_address>
         <run_address>0x58c8</run_address>
         <size>0x18</size>
         <input_file_ref idref="fl-eb"/>
      </object_component>
      <object_component id="oc-153">
         <name>.text</name>
         <load_address>0x58e0</load_address>
         <run_address>0x58e0</run_address>
         <size>0x14</size>
         <input_file_ref idref="fl-ea"/>
      </object_component>
      <object_component id="oc-165">
         <name>.text</name>
         <load_address>0x58f4</load_address>
         <run_address>0x58f4</run_address>
         <size>0x14</size>
         <input_file_ref idref="fl-e7"/>
      </object_component>
      <object_component id="oc-14">
         <name>.text:decompress:none</name>
         <load_address>0x5908</load_address>
         <run_address>0x5908</run_address>
         <size>0xe</size>
         <input_file_ref idref="fl-de"/>
      </object_component>
      <object_component id="oc-77">
         <name>.text</name>
         <load_address>0x5916</load_address>
         <run_address>0x5916</run_address>
         <size>0xe</size>
         <input_file_ref idref="fl-7"/>
      </object_component>
      <object_component id="oc-1a">
         <name>.text:decompress:rle24</name>
         <load_address>0x5924</load_address>
         <run_address>0x5924</run_address>
         <size>0x6</size>
         <input_file_ref idref="fl-df"/>
      </object_component>
      <object_component id="oc-5b">
         <name>.text</name>
         <load_address>0x592a</load_address>
         <run_address>0x592a</run_address>
         <size>0x4</size>
         <input_file_ref idref="fl-e5"/>
      </object_component>
      <object_component id="oc-183">
         <name>.const:adc_info</name>
         <load_address>0x5930</load_address>
         <run_address>0x5930</run_address>
         <size>0xc0</size>
         <input_file_ref idref="fl-2"/>
      </object_component>
      <object_component id="oc-1d0">
         <name>.const:_ctlRegs</name>
         <load_address>0x59f0</load_address>
         <run_address>0x59f0</run_address>
         <size>0x80</size>
         <input_file_ref idref="fl-a"/>
      </object_component>
      <object_component id="oc-1c2">
         <name>.const:g_pulRegs</name>
         <load_address>0x5a70</load_address>
         <run_address>0x5a70</run_address>
         <size>0x50</size>
         <input_file_ref idref="fl-15"/>
      </object_component>
      <object_component id="oc-1a8">
         <name>.const:i2c_cs</name>
         <load_address>0x5ac0</load_address>
         <run_address>0x5ac0</run_address>
         <size>0x48</size>
         <input_file_ref idref="fl-4"/>
      </object_component>
      <object_component id="oc-197">
         <name>.const:spi_cs</name>
         <load_address>0x5b08</load_address>
         <run_address>0x5b08</run_address>
         <size>0x28</size>
         <input_file_ref idref="fl-6"/>
      </object_component>
      <object_component id="oc-18a">
         <name>.const:uartConfig</name>
         <load_address>0x5b30</load_address>
         <run_address>0x5b30</run_address>
         <size>0x24</size>
         <input_file_ref idref="fl-9"/>
      </object_component>
      <object_component id="oc-1bf">
         <name>.const:g_pulPriority</name>
         <load_address>0x5b54</load_address>
         <run_address>0x5b54</run_address>
         <size>0x20</size>
         <input_file_ref idref="fl-15"/>
      </object_component>
      <object_component id="oc-1d5">
         <name>.const:GPIO_PORT_TO_INT</name>
         <load_address>0x5b74</load_address>
         <run_address>0x5b74</run_address>
         <size>0x1c</size>
         <input_file_ref idref="fl-13"/>
      </object_component>
      <object_component id="oc-19a">
         <name>.const:spiMasterConfig_A</name>
         <load_address>0x5b90</load_address>
         <run_address>0x5b90</run_address>
         <size>0x1c</size>
         <input_file_ref idref="fl-6"/>
      </object_component>
      <object_component id="oc-19d">
         <name>.const:spiMasterConfig_B</name>
         <load_address>0x5bac</load_address>
         <run_address>0x5bac</run_address>
         <size>0x1c</size>
         <input_file_ref idref="fl-6"/>
      </object_component>
      <object_component id="oc-1ab">
         <name>.const:i2cConfig</name>
         <load_address>0x5bc8</load_address>
         <run_address>0x5bc8</run_address>
         <size>0x14</size>
         <input_file_ref idref="fl-4"/>
      </object_component>
      <object_component id="oc-1cb">
         <name>.const:g_pulDisRegs</name>
         <load_address>0x5bdc</load_address>
         <run_address>0x5bdc</run_address>
         <size>0x8</size>
         <input_file_ref idref="fl-15"/>
      </object_component>
      <object_component id="oc-1c8">
         <name>.const:g_pulEnRegs</name>
         <load_address>0x5be4</load_address>
         <run_address>0x5be4</run_address>
         <size>0x8</size>
         <input_file_ref idref="fl-15"/>
      </object_component>
      <object_component id="oc-1c5">
         <name>.const:g_pulPendRegs</name>
         <load_address>0x5bec</load_address>
         <run_address>0x5bec</run_address>
         <size>0x8</size>
         <input_file_ref idref="fl-15"/>
      </object_component>
      <object_component id="oc-1bc">
         <name>.const:g_pulUnpendRegs</name>
         <load_address>0x5bf4</load_address>
         <run_address>0x5bf4</run_address>
         <size>0x8</size>
         <input_file_ref idref="fl-15"/>
      </object_component>
      <object_component id="oc-2ba">
         <name>.cinit..data.load</name>
         <load_address>0x5c00</load_address>
         <run_address>0x5c00</run_address>
         <size>0x114</size>
      </object_component>
      <object_component id="oc-2bb">
         <name>.cinit..bss.load</name>
         <load_address>0x5d18</load_address>
         <run_address>0x5d18</run_address>
         <size>0x9</size>
      </object_component>
      <object_component id="oc-2b9">
         <name>.cinit..vtable.load</name>
         <load_address>0x5d28</load_address>
         <run_address>0x5d28</run_address>
         <size>0x9</size>
      </object_component>
      <object_component id="oc-2b7">
         <name>__TI_handler_table</name>
         <load_address>0x5d34</load_address>
         <run_address>0x5d34</run_address>
         <size>0x8</size>
      </object_component>
      <object_component id="oc-2b8">
         <name>__TI_cinit_table</name>
         <load_address>0x5d3c</load_address>
         <run_address>0x5d3c</run_address>
         <size>0x18</size>
      </object_component>
      <object_component id="oc-294">
         <name>.binit</name>
         <load_address>0x0</load_address>
         <run_address>0x0</run_address>
         <size>0x0</size>
      </object_component>
      <object_component id="oc-1b9">
         <name>.vtable</name>
         <uninitialized>true</uninitialized>
         <run_address>0x20000000</run_address>
         <size>0xe4</size>
         <input_file_ref idref="fl-15"/>
      </object_component>
      <object_component id="oc-116">
         <name>.data:uart_data</name>
         <load_address>0x2000f524</load_address>
         <run_address>0x2000f524</run_address>
         <size>0x101</size>
         <input_file_ref idref="fl-5"/>
      </object_component>
      <object_component id="oc-da">
         <name>.data</name>
         <load_address>0x2000f734</load_address>
         <run_address>0x2000f734</run_address>
         <size>0x17</size>
         <input_file_ref idref="fl-5"/>
      </object_component>
      <object_component id="oc-dd">
         <name>.data:gpio_info</name>
         <load_address>0x200000e4</load_address>
         <run_address>0x200000e4</run_address>
         <size>0xf440</size>
         <input_file_ref idref="fl-5"/>
      </object_component>
      <object_component id="oc-125">
         <name>.data:spiMasterConfig_A2</name>
         <load_address>0x2000f718</load_address>
         <run_address>0x2000f718</run_address>
         <size>0x1c</size>
         <input_file_ref idref="fl-5"/>
      </object_component>
      <object_component id="oc-15f">
         <name>.data</name>
         <load_address>0x2000f764</load_address>
         <run_address>0x2000f764</run_address>
         <size>0x4</size>
         <input_file_ref idref="fl-8"/>
      </object_component>
      <object_component id="oc-18d">
         <name>.data</name>
         <load_address>0x2000f6a5</load_address>
         <run_address>0x2000f6a5</run_address>
         <size>0x2</size>
         <input_file_ref idref="fl-9"/>
      </object_component>
      <object_component id="oc-18e">
         <name>.data:pieceOfString$2</name>
         <load_address>0x2000f625</load_address>
         <run_address>0x2000f625</run_address>
         <size>0x80</size>
         <input_file_ref idref="fl-9"/>
      </object_component>
      <object_component id="oc-217">
         <name>.data:__getBurstProgramRegs</name>
         <load_address>0x2000f6a8</load_address>
         <run_address>0x2000f6a8</run_address>
         <size>0x40</size>
         <input_file_ref idref="fl-11"/>
      </object_component>
      <object_component id="oc-1d8">
         <name>.data:GPIO_PORT_TO_BASE</name>
         <load_address>0x2000f6e8</load_address>
         <run_address>0x2000f6e8</run_address>
         <size>0x30</size>
         <input_file_ref idref="fl-13"/>
      </object_component>
      <object_component id="oc-b0">
         <name>.data:$O1$$</name>
         <load_address>0x2000f74c</load_address>
         <run_address>0x2000f74c</run_address>
         <size>0xc</size>
         <input_file_ref idref="fl-e1"/>
      </object_component>
      <object_component id="oc-73">
         <name>.data</name>
         <load_address>0x2000f760</load_address>
         <run_address>0x2000f760</run_address>
         <size>0x4</size>
         <input_file_ref idref="fl-e6"/>
      </object_component>
      <object_component id="oc-b3">
         <name>.data:$O1$$</name>
         <load_address>0x2000f758</load_address>
         <run_address>0x2000f758</run_address>
         <size>0x8</size>
         <input_file_ref idref="fl-ea"/>
      </object_component>
      <object_component id="oc-224">
         <name>.bss</name>
         <uninitialized>true</uninitialized>
         <run_address>0x2000f7b8</run_address>
         <size>0x8</size>
         <input_file_ref idref="fl-f"/>
      </object_component>
      <object_component id="oc-12b">
         <name>.common:gpio_io_input</name>
         <uninitialized>true</uninitialized>
         <run_address>0x2000f790</run_address>
         <size>0x14</size>
      </object_component>
      <object_component id="oc-128">
         <name>.common:gpio_io_output</name>
         <uninitialized>true</uninitialized>
         <run_address>0x2000f7a4</run_address>
         <size>0x14</size>
      </object_component>
      <object_component id="oc-12d">
         <name>.common:gpio_edge_rising</name>
         <uninitialized>true</uninitialized>
         <run_address>0x2000f77c</run_address>
         <size>0x14</size>
      </object_component>
      <object_component id="oc-12c">
         <name>.common:gpio_edge_falling</name>
         <uninitialized>true</uninitialized>
         <run_address>0x2000f768</run_address>
         <size>0x14</size>
      </object_component>
      <object_component id="oc-2f">
         <name>.stack</name>
         <uninitialized>true</uninitialized>
         <run_address>0x2000fe00</run_address>
         <size>0x0</size>
         <input_file_ref idref="fl-dd"/>
      </object_component>
      <object_component id="oc-2bc">
         <name>.stack</name>
         <uninitialized>true</uninitialized>
         <run_address>0x2000fe00</run_address>
         <size>0x0</size>
      </object_component>
      <object_component id="oc-187">
         <name>.debug_info</name>
         <load_address>0x0</load_address>
         <run_address>0x0</run_address>
         <size>0x81c</size>
         <input_file_ref idref="fl-2"/>
      </object_component>
      <object_component id="oc-184">
         <name>.debug_info</name>
         <load_address>0x81c</load_address>
         <run_address>0x81c</run_address>
         <size>0xd8</size>
         <input_file_ref idref="fl-2"/>
      </object_component>
      <object_component id="oc-c9">
         <name>.debug_info</name>
         <load_address>0x8f4</load_address>
         <run_address>0x8f4</run_address>
         <size>0x916</size>
         <input_file_ref idref="fl-2"/>
      </object_component>
      <object_component id="oc-1f8">
         <name>.debug_info</name>
         <load_address>0x120a</load_address>
         <run_address>0x120a</run_address>
         <size>0x103e</size>
         <input_file_ref idref="fl-2"/>
      </object_component>
      <object_component id="oc-1f3">
         <name>.debug_info</name>
         <load_address>0x2248</load_address>
         <run_address>0x2248</run_address>
         <size>0x37a3</size>
         <input_file_ref idref="fl-2"/>
      </object_component>
      <object_component id="oc-202">
         <name>.debug_info</name>
         <load_address>0x59eb</load_address>
         <run_address>0x59eb</run_address>
         <size>0xc8</size>
         <input_file_ref idref="fl-2"/>
      </object_component>
      <object_component id="oc-24c">
         <name>.debug_info</name>
         <load_address>0x5ab3</load_address>
         <run_address>0x5ab3</run_address>
         <size>0x9a</size>
         <input_file_ref idref="fl-2"/>
      </object_component>
      <object_component id="oc-27a">
         <name>.debug_info</name>
         <load_address>0x5b4d</load_address>
         <run_address>0x5b4d</run_address>
         <size>0x1b5</size>
         <input_file_ref idref="fl-2"/>
      </object_component>
      <object_component id="oc-281">
         <name>.debug_info</name>
         <load_address>0x5d02</load_address>
         <run_address>0x5d02</run_address>
         <size>0xc6</size>
         <input_file_ref idref="fl-2"/>
      </object_component>
      <object_component id="oc-12f">
         <name>.debug_info</name>
         <load_address>0x5dc8</load_address>
         <run_address>0x5dc8</run_address>
         <size>0x8b</size>
         <input_file_ref idref="fl-2"/>
      </object_component>
      <object_component id="oc-134">
         <name>.debug_info</name>
         <load_address>0x5e53</load_address>
         <run_address>0x5e53</run_address>
         <size>0x18b</size>
         <input_file_ref idref="fl-2"/>
      </object_component>
      <object_component id="oc-1ec">
         <name>.debug_info</name>
         <load_address>0x5fde</load_address>
         <run_address>0x5fde</run_address>
         <size>0x131</size>
         <input_file_ref idref="fl-2"/>
      </object_component>
      <object_component id="oc-235">
         <name>.debug_info</name>
         <load_address>0x610f</load_address>
         <run_address>0x610f</run_address>
         <size>0xee</size>
         <input_file_ref idref="fl-2"/>
      </object_component>
      <object_component id="oc-1fd">
         <name>.debug_info</name>
         <load_address>0x61fd</load_address>
         <run_address>0x61fd</run_address>
         <size>0x1e2</size>
         <input_file_ref idref="fl-2"/>
      </object_component>
      <object_component id="oc-f3">
         <name>.debug_info</name>
         <load_address>0x63df</load_address>
         <run_address>0x63df</run_address>
         <size>0x53b</size>
         <input_file_ref idref="fl-3"/>
      </object_component>
      <object_component id="oc-1af">
         <name>.debug_info</name>
         <load_address>0x691a</load_address>
         <run_address>0x691a</run_address>
         <size>0x628</size>
         <input_file_ref idref="fl-4"/>
      </object_component>
      <object_component id="oc-1ac">
         <name>.debug_info</name>
         <load_address>0x6f42</load_address>
         <run_address>0x6f42</run_address>
         <size>0xda</size>
         <input_file_ref idref="fl-4"/>
      </object_component>
      <object_component id="oc-1a9">
         <name>.debug_info</name>
         <load_address>0x701c</load_address>
         <run_address>0x701c</run_address>
         <size>0xd4</size>
         <input_file_ref idref="fl-4"/>
      </object_component>
      <object_component id="oc-ed">
         <name>.debug_info</name>
         <load_address>0x70f0</load_address>
         <run_address>0x70f0</run_address>
         <size>0x52e</size>
         <input_file_ref idref="fl-4"/>
      </object_component>
      <object_component id="oc-8e">
         <name>.debug_info</name>
         <load_address>0x761e</load_address>
         <run_address>0x761e</run_address>
         <size>0x84</size>
         <input_file_ref idref="fl-4"/>
      </object_component>
      <object_component id="oc-129">
         <name>.debug_info</name>
         <load_address>0x76a2</load_address>
         <run_address>0x76a2</run_address>
         <size>0xf4d</size>
         <input_file_ref idref="fl-5"/>
      </object_component>
      <object_component id="oc-117">
         <name>.debug_info</name>
         <load_address>0x85ef</load_address>
         <run_address>0x85ef</run_address>
         <size>0xd6</size>
         <input_file_ref idref="fl-5"/>
      </object_component>
      <object_component id="oc-db">
         <name>.debug_info</name>
         <load_address>0x86c5</load_address>
         <run_address>0x86c5</run_address>
         <size>0x307</size>
         <input_file_ref idref="fl-5"/>
      </object_component>
      <object_component id="oc-de">
         <name>.debug_info</name>
         <load_address>0x89cc</load_address>
         <run_address>0x89cc</run_address>
         <size>0xd6</size>
         <input_file_ref idref="fl-5"/>
      </object_component>
      <object_component id="oc-126">
         <name>.debug_info</name>
         <load_address>0x8aa2</load_address>
         <run_address>0x8aa2</run_address>
         <size>0xe8</size>
         <input_file_ref idref="fl-5"/>
      </object_component>
      <object_component id="oc-7f">
         <name>.debug_info</name>
         <load_address>0x8b8a</load_address>
         <run_address>0x8b8a</run_address>
         <size>0x11cd</size>
         <input_file_ref idref="fl-5"/>
      </object_component>
      <object_component id="oc-1e1">
         <name>.debug_info</name>
         <load_address>0x9d57</load_address>
         <run_address>0x9d57</run_address>
         <size>0x6b</size>
         <input_file_ref idref="fl-5"/>
      </object_component>
      <object_component id="oc-1a1">
         <name>.debug_info</name>
         <load_address>0x9dc2</load_address>
         <run_address>0x9dc2</run_address>
         <size>0x6c7</size>
         <input_file_ref idref="fl-6"/>
      </object_component>
      <object_component id="oc-19b">
         <name>.debug_info</name>
         <load_address>0xa489</load_address>
         <run_address>0xa489</run_address>
         <size>0xea</size>
         <input_file_ref idref="fl-6"/>
      </object_component>
      <object_component id="oc-19e">
         <name>.debug_info</name>
         <load_address>0xa573</load_address>
         <run_address>0xa573</run_address>
         <size>0xea</size>
         <input_file_ref idref="fl-6"/>
      </object_component>
      <object_component id="oc-198">
         <name>.debug_info</name>
         <load_address>0xa65d</load_address>
         <run_address>0xa65d</run_address>
         <size>0xd4</size>
         <input_file_ref idref="fl-6"/>
      </object_component>
      <object_component id="oc-e7">
         <name>.debug_info</name>
         <load_address>0xa731</load_address>
         <run_address>0xa731</run_address>
         <size>0x5b4</size>
         <input_file_ref idref="fl-6"/>
      </object_component>
      <object_component id="oc-85">
         <name>.debug_info</name>
         <load_address>0xace5</load_address>
         <run_address>0xace5</run_address>
         <size>0x11f</size>
         <input_file_ref idref="fl-7"/>
      </object_component>
      <object_component id="oc-2d">
         <name>.debug_info</name>
         <load_address>0xae04</load_address>
         <run_address>0xae04</run_address>
         <size>0xf7</size>
         <input_file_ref idref="fl-7"/>
      </object_component>
      <object_component id="oc-79">
         <name>.debug_info</name>
         <load_address>0xaefb</load_address>
         <run_address>0xaefb</run_address>
         <size>0x1be</size>
         <input_file_ref idref="fl-7"/>
      </object_component>
      <object_component id="oc-160">
         <name>.debug_info</name>
         <load_address>0xb0b9</load_address>
         <run_address>0xb0b9</run_address>
         <size>0xf0</size>
         <input_file_ref idref="fl-8"/>
      </object_component>
      <object_component id="oc-bd">
         <name>.debug_info</name>
         <load_address>0xb1a9</load_address>
         <run_address>0xb1a9</run_address>
         <size>0x25c</size>
         <input_file_ref idref="fl-8"/>
      </object_component>
      <object_component id="oc-190">
         <name>.debug_info</name>
         <load_address>0xb405</load_address>
         <run_address>0xb405</run_address>
         <size>0x53e</size>
         <input_file_ref idref="fl-9"/>
      </object_component>
      <object_component id="oc-18b">
         <name>.debug_info</name>
         <load_address>0xb943</load_address>
         <run_address>0xb943</run_address>
         <size>0xdd</size>
         <input_file_ref idref="fl-9"/>
      </object_component>
      <object_component id="oc-d7">
         <name>.debug_info</name>
         <load_address>0xba20</load_address>
         <run_address>0xba20</run_address>
         <size>0x3b5</size>
         <input_file_ref idref="fl-9"/>
      </object_component>
      <object_component id="oc-1d4">
         <name>.debug_info</name>
         <load_address>0xbdd5</load_address>
         <run_address>0xbdd5</run_address>
         <size>0x4fb</size>
         <input_file_ref idref="fl-a"/>
      </object_component>
      <object_component id="oc-1d1">
         <name>.debug_info</name>
         <load_address>0xc2d0</load_address>
         <run_address>0xc2d0</run_address>
         <size>0xe9</size>
         <input_file_ref idref="fl-a"/>
      </object_component>
      <object_component id="oc-106">
         <name>.debug_info</name>
         <load_address>0xc3b9</load_address>
         <run_address>0xc3b9</run_address>
         <size>0x227d</size>
         <input_file_ref idref="fl-a"/>
      </object_component>
      <object_component id="oc-1b6">
         <name>.debug_info</name>
         <load_address>0xe636</load_address>
         <run_address>0xe636</run_address>
         <size>0x3a8</size>
         <input_file_ref idref="fl-d"/>
      </object_component>
      <object_component id="oc-228">
         <name>.debug_info</name>
         <load_address>0xe9de</load_address>
         <run_address>0xe9de</run_address>
         <size>0x652</size>
         <input_file_ref idref="fl-f"/>
      </object_component>
      <object_component id="oc-225">
         <name>.debug_info</name>
         <load_address>0xf030</load_address>
         <run_address>0xf030</run_address>
         <size>0x106</size>
         <input_file_ref idref="fl-f"/>
      </object_component>
      <object_component id="oc-178">
         <name>.debug_info</name>
         <load_address>0xf136</load_address>
         <run_address>0xf136</run_address>
         <size>0x2163</size>
         <input_file_ref idref="fl-f"/>
      </object_component>
      <object_component id="oc-21b">
         <name>.debug_info</name>
         <load_address>0x11299</load_address>
         <run_address>0x11299</run_address>
         <size>0x611</size>
         <input_file_ref idref="fl-11"/>
      </object_component>
      <object_component id="oc-218">
         <name>.debug_info</name>
         <load_address>0x118aa</load_address>
         <run_address>0x118aa</run_address>
         <size>0x103</size>
         <input_file_ref idref="fl-11"/>
      </object_component>
      <object_component id="oc-16e">
         <name>.debug_info</name>
         <load_address>0x119ad</load_address>
         <run_address>0x119ad</run_address>
         <size>0x3ac8</size>
         <input_file_ref idref="fl-11"/>
      </object_component>
      <object_component id="oc-22a">
         <name>.debug_info</name>
         <load_address>0x15475</load_address>
         <run_address>0x15475</run_address>
         <size>0x398</size>
         <input_file_ref idref="fl-12"/>
      </object_component>
      <object_component id="oc-17e">
         <name>.debug_info</name>
         <load_address>0x1580d</load_address>
         <run_address>0x1580d</run_address>
         <size>0x5e0</size>
         <input_file_ref idref="fl-12"/>
      </object_component>
      <object_component id="oc-1dc">
         <name>.debug_info</name>
         <load_address>0x15ded</load_address>
         <run_address>0x15ded</run_address>
         <size>0x4ec</size>
         <input_file_ref idref="fl-13"/>
      </object_component>
      <object_component id="oc-1d6">
         <name>.debug_info</name>
         <load_address>0x162d9</load_address>
         <run_address>0x162d9</run_address>
         <size>0xf8</size>
         <input_file_ref idref="fl-13"/>
      </object_component>
      <object_component id="oc-1d9">
         <name>.debug_info</name>
         <load_address>0x163d1</load_address>
         <run_address>0x163d1</run_address>
         <size>0xfa</size>
         <input_file_ref idref="fl-13"/>
      </object_component>
      <object_component id="oc-10b">
         <name>.debug_info</name>
         <load_address>0x164cb</load_address>
         <run_address>0x164cb</run_address>
         <size>0x17e1</size>
         <input_file_ref idref="fl-13"/>
      </object_component>
      <object_component id="oc-245">
         <name>.debug_info</name>
         <load_address>0x17cac</load_address>
         <run_address>0x17cac</run_address>
         <size>0x4f4</size>
         <input_file_ref idref="fl-14"/>
      </object_component>
      <object_component id="oc-1a4">
         <name>.debug_info</name>
         <load_address>0x181a0</load_address>
         <run_address>0x181a0</run_address>
         <size>0x2b84</size>
         <input_file_ref idref="fl-14"/>
      </object_component>
      <object_component id="oc-1cf">
         <name>.debug_info</name>
         <load_address>0x1ad24</load_address>
         <run_address>0x1ad24</run_address>
         <size>0x47a</size>
         <input_file_ref idref="fl-15"/>
      </object_component>
      <object_component id="oc-1c0">
         <name>.debug_info</name>
         <load_address>0x1b19e</load_address>
         <run_address>0x1b19e</run_address>
         <size>0xf7</size>
         <input_file_ref idref="fl-15"/>
      </object_component>
      <object_component id="oc-1c3">
         <name>.debug_info</name>
         <load_address>0x1b295</load_address>
         <run_address>0x1b295</run_address>
         <size>0xef</size>
         <input_file_ref idref="fl-15"/>
      </object_component>
      <object_component id="oc-1c9">
         <name>.debug_info</name>
         <load_address>0x1b384</load_address>
         <run_address>0x1b384</run_address>
         <size>0xf3</size>
         <input_file_ref idref="fl-15"/>
      </object_component>
      <object_component id="oc-1cc">
         <name>.debug_info</name>
         <load_address>0x1b477</load_address>
         <run_address>0x1b477</run_address>
         <size>0xf5</size>
         <input_file_ref idref="fl-15"/>
      </object_component>
      <object_component id="oc-1c6">
         <name>.debug_info</name>
         <load_address>0x1b56c</load_address>
         <run_address>0x1b56c</run_address>
         <size>0xf7</size>
         <input_file_ref idref="fl-15"/>
      </object_component>
      <object_component id="oc-1bd">
         <name>.debug_info</name>
         <load_address>0x1b663</load_address>
         <run_address>0x1b663</run_address>
         <size>0xfb</size>
         <input_file_ref idref="fl-15"/>
      </object_component>
      <object_component id="oc-1ba">
         <name>.debug_info</name>
         <load_address>0x1b75e</load_address>
         <run_address>0x1b75e</run_address>
         <size>0xfc</size>
         <input_file_ref idref="fl-15"/>
      </object_component>
      <object_component id="oc-ff">
         <name>.debug_info</name>
         <load_address>0x1b85a</load_address>
         <run_address>0x1b85a</run_address>
         <size>0x116a</size>
         <input_file_ref idref="fl-15"/>
      </object_component>
      <object_component id="oc-223">
         <name>.debug_info</name>
         <load_address>0x1c9c4</load_address>
         <run_address>0x1c9c4</run_address>
         <size>0x5a8</size>
         <input_file_ref idref="fl-17"/>
      </object_component>
      <object_component id="oc-173">
         <name>.debug_info</name>
         <load_address>0x1cf6c</load_address>
         <run_address>0x1cf6c</run_address>
         <size>0x2125</size>
         <input_file_ref idref="fl-17"/>
      </object_component>
      <object_component id="oc-280">
         <name>.debug_info</name>
         <load_address>0x1f091</load_address>
         <run_address>0x1f091</run_address>
         <size>0x4eb</size>
         <input_file_ref idref="fl-1c"/>
      </object_component>
      <object_component id="oc-21e">
         <name>.debug_info</name>
         <load_address>0x1f57c</load_address>
         <run_address>0x1f57c</run_address>
         <size>0x1431</size>
         <input_file_ref idref="fl-1c"/>
      </object_component>
      <object_component id="oc-1de">
         <name>.debug_info</name>
         <load_address>0x209ad</load_address>
         <run_address>0x209ad</run_address>
         <size>0x4f9</size>
         <input_file_ref idref="fl-1d"/>
      </object_component>
      <object_component id="oc-113">
         <name>.debug_info</name>
         <load_address>0x20ea6</load_address>
         <run_address>0x20ea6</run_address>
         <size>0x3b25</size>
         <input_file_ref idref="fl-1d"/>
      </object_component>
      <object_component id="oc-1e9">
         <name>.debug_info</name>
         <load_address>0x249cb</load_address>
         <run_address>0x249cb</run_address>
         <size>0x3c1</size>
         <input_file_ref idref="fl-1e"/>
      </object_component>
      <object_component id="oc-121">
         <name>.debug_info</name>
         <load_address>0x24d8c</load_address>
         <run_address>0x24d8c</run_address>
         <size>0xe8d</size>
         <input_file_ref idref="fl-1e"/>
      </object_component>
      <object_component id="oc-1e7">
         <name>.debug_info</name>
         <load_address>0x25c19</load_address>
         <run_address>0x25c19</run_address>
         <size>0x442</size>
         <input_file_ref idref="fl-1f"/>
      </object_component>
      <object_component id="oc-11d">
         <name>.debug_info</name>
         <load_address>0x2605b</load_address>
         <run_address>0x2605b</run_address>
         <size>0x672</size>
         <input_file_ref idref="fl-1f"/>
      </object_component>
      <object_component id="oc-1b2">
         <name>.debug_info</name>
         <load_address>0x266cd</load_address>
         <run_address>0x266cd</run_address>
         <size>0x4e0</size>
         <input_file_ref idref="fl-22"/>
      </object_component>
      <object_component id="oc-f9">
         <name>.debug_info</name>
         <load_address>0x26bad</load_address>
         <run_address>0x26bad</run_address>
         <size>0x14a1</size>
         <input_file_ref idref="fl-22"/>
      </object_component>
      <object_component id="oc-196">
         <name>.debug_info</name>
         <load_address>0x2804e</load_address>
         <run_address>0x2804e</run_address>
         <size>0x57a</size>
         <input_file_ref idref="fl-23"/>
      </object_component>
      <object_component id="oc-e2">
         <name>.debug_info</name>
         <load_address>0x285c8</load_address>
         <run_address>0x285c8</run_address>
         <size>0x6c0</size>
         <input_file_ref idref="fl-23"/>
      </object_component>
      <object_component id="oc-27">
         <name>.debug_info</name>
         <load_address>0x28c88</load_address>
         <run_address>0x28c88</run_address>
         <size>0x161</size>
         <input_file_ref idref="fl-dd"/>
      </object_component>
      <object_component id="oc-3b">
         <name>.debug_info</name>
         <load_address>0x28de9</load_address>
         <run_address>0x28de9</run_address>
         <size>0x141</size>
         <input_file_ref idref="fl-de"/>
      </object_component>
      <object_component id="oc-15">
         <name>.debug_info</name>
         <load_address>0x28f2a</load_address>
         <run_address>0x28f2a</run_address>
         <size>0x1e0</size>
         <input_file_ref idref="fl-de"/>
      </object_component>
      <object_component id="oc-36">
         <name>.debug_info</name>
         <load_address>0x2910a</load_address>
         <run_address>0x2910a</run_address>
         <size>0x46</size>
         <input_file_ref idref="fl-de"/>
      </object_component>
      <object_component id="oc-87">
         <name>.debug_info</name>
         <load_address>0x29150</load_address>
         <run_address>0x29150</run_address>
         <size>0x2c</size>
         <input_file_ref idref="fl-de"/>
      </object_component>
      <object_component id="oc-43">
         <name>.debug_info</name>
         <load_address>0x2917c</load_address>
         <run_address>0x2917c</run_address>
         <size>0x135</size>
         <input_file_ref idref="fl-df"/>
      </object_component>
      <object_component id="oc-40">
         <name>.debug_info</name>
         <load_address>0x292b1</load_address>
         <run_address>0x292b1</run_address>
         <size>0x248</size>
         <input_file_ref idref="fl-df"/>
      </object_component>
      <object_component id="oc-1e">
         <name>.debug_info</name>
         <load_address>0x294f9</load_address>
         <run_address>0x294f9</run_address>
         <size>0x1b2</size>
         <input_file_ref idref="fl-df"/>
      </object_component>
      <object_component id="oc-44">
         <name>.debug_info</name>
         <load_address>0x296ab</load_address>
         <run_address>0x296ab</run_address>
         <size>0x39</size>
         <input_file_ref idref="fl-df"/>
      </object_component>
      <object_component id="oc-96">
         <name>.debug_info</name>
         <load_address>0x296e4</load_address>
         <run_address>0x296e4</run_address>
         <size>0x2c</size>
         <input_file_ref idref="fl-df"/>
      </object_component>
      <object_component id="oc-b7">
         <name>.debug_info</name>
         <load_address>0x29710</load_address>
         <run_address>0x29710</run_address>
         <size>0x235</size>
         <input_file_ref idref="fl-e1"/>
      </object_component>
      <object_component id="oc-b1">
         <name>.debug_info</name>
         <load_address>0x29945</load_address>
         <run_address>0x29945</run_address>
         <size>0x186</size>
         <input_file_ref idref="fl-e1"/>
      </object_component>
      <object_component id="oc-6e">
         <name>.debug_info</name>
         <load_address>0x29acb</load_address>
         <run_address>0x29acb</run_address>
         <size>0x215</size>
         <input_file_ref idref="fl-e1"/>
      </object_component>
      <object_component id="oc-31">
         <name>.debug_info</name>
         <load_address>0x29ce0</load_address>
         <run_address>0x29ce0</run_address>
         <size>0x112</size>
         <input_file_ref idref="fl-e2"/>
      </object_component>
      <object_component id="oc-4c">
         <name>.debug_info</name>
         <load_address>0x29df2</load_address>
         <run_address>0x29df2</run_address>
         <size>0x140</size>
         <input_file_ref idref="fl-e3"/>
      </object_component>
      <object_component id="oc-56">
         <name>.debug_info</name>
         <load_address>0x29f32</load_address>
         <run_address>0x29f32</run_address>
         <size>0x139</size>
         <input_file_ref idref="fl-e4"/>
      </object_component>
      <object_component id="oc-5c">
         <name>.debug_info</name>
         <load_address>0x2a06b</load_address>
         <run_address>0x2a06b</run_address>
         <size>0x149</size>
         <input_file_ref idref="fl-e5"/>
      </object_component>
      <object_component id="oc-74">
         <name>.debug_info</name>
         <load_address>0x2a1b4</load_address>
         <run_address>0x2a1b4</run_address>
         <size>0x10a</size>
         <input_file_ref idref="fl-e6"/>
      </object_component>
      <object_component id="oc-216">
         <name>.debug_info</name>
         <load_address>0x2a2be</load_address>
         <run_address>0x2a2be</run_address>
         <size>0xeb</size>
         <input_file_ref idref="fl-e7"/>
      </object_component>
      <object_component id="oc-168">
         <name>.debug_info</name>
         <load_address>0x2a3a9</load_address>
         <run_address>0x2a3a9</run_address>
         <size>0x22b</size>
         <input_file_ref idref="fl-e7"/>
      </object_component>
      <object_component id="oc-189">
         <name>.debug_info</name>
         <load_address>0x2a5d4</load_address>
         <run_address>0x2a5d4</run_address>
         <size>0xf2</size>
         <input_file_ref idref="fl-e8"/>
      </object_component>
      <object_component id="oc-cf">
         <name>.debug_info</name>
         <load_address>0x2a6c6</load_address>
         <run_address>0x2a6c6</run_address>
         <size>0x24b</size>
         <input_file_ref idref="fl-e8"/>
      </object_component>
      <object_component id="oc-164">
         <name>.debug_info</name>
         <load_address>0x2a911</load_address>
         <run_address>0x2a911</run_address>
         <size>0xf7</size>
         <input_file_ref idref="fl-e9"/>
      </object_component>
      <object_component id="oc-c3">
         <name>.debug_info</name>
         <load_address>0x2aa08</load_address>
         <run_address>0x2aa08</run_address>
         <size>0x25a</size>
         <input_file_ref idref="fl-e9"/>
      </object_component>
      <object_component id="oc-15b">
         <name>.debug_info</name>
         <load_address>0x2ac62</load_address>
         <run_address>0x2ac62</run_address>
         <size>0x125</size>
         <input_file_ref idref="fl-ea"/>
      </object_component>
      <object_component id="oc-b4">
         <name>.debug_info</name>
         <load_address>0x2ad87</load_address>
         <run_address>0x2ad87</run_address>
         <size>0x114</size>
         <input_file_ref idref="fl-ea"/>
      </object_component>
      <object_component id="oc-155">
         <name>.debug_info</name>
         <load_address>0x2ae9b</load_address>
         <run_address>0x2ae9b</run_address>
         <size>0x220</size>
         <input_file_ref idref="fl-ea"/>
      </object_component>
      <object_component id="oc-af">
         <name>.debug_info</name>
         <load_address>0x2b0bb</load_address>
         <run_address>0x2b0bb</run_address>
         <size>0x167</size>
         <input_file_ref idref="fl-eb"/>
      </object_component>
      <object_component id="oc-69">
         <name>.debug_info</name>
         <load_address>0x2b222</load_address>
         <run_address>0x2b222</run_address>
         <size>0x168</size>
         <input_file_ref idref="fl-eb"/>
      </object_component>
      <object_component id="oc-14c">
         <name>.debug_info</name>
         <load_address>0x2b38a</load_address>
         <run_address>0x2b38a</run_address>
         <size>0x5e</size>
         <input_file_ref idref="fl-eb"/>
      </object_component>
      <object_component id="oc-ad">
         <name>.debug_info</name>
         <load_address>0x2b3e8</load_address>
         <run_address>0x2b3e8</run_address>
         <size>0x2ea</size>
         <input_file_ref idref="fl-ec"/>
      </object_component>
      <object_component id="oc-63">
         <name>.debug_info</name>
         <load_address>0x2b6d2</load_address>
         <run_address>0x2b6d2</run_address>
         <size>0x191</size>
         <input_file_ref idref="fl-ec"/>
      </object_component>
      <object_component id="oc-140">
         <name>.debug_info</name>
         <load_address>0x2b863</load_address>
         <run_address>0x2b863</run_address>
         <size>0x39</size>
         <input_file_ref idref="fl-ec"/>
      </object_component>
      <object_component id="oc-145">
         <name>.debug_info</name>
         <load_address>0x2b89c</load_address>
         <run_address>0x2b89c</run_address>
         <size>0xcd</size>
         <input_file_ref idref="fl-ec"/>
      </object_component>
      <object_component id="oc-13c">
         <name>.debug_info</name>
         <load_address>0x2b969</load_address>
         <run_address>0x2b969</run_address>
         <size>0x1e1</size>
         <input_file_ref idref="fl-ed"/>
      </object_component>
      <object_component id="oc-a1">
         <name>.debug_info</name>
         <load_address>0x2bb4a</load_address>
         <run_address>0x2bb4a</run_address>
         <size>0x184</size>
         <input_file_ref idref="fl-ed"/>
      </object_component>
      <object_component id="oc-209">
         <name>.debug_info</name>
         <load_address>0x2bcce</load_address>
         <run_address>0x2bcce</run_address>
         <size>0x2c</size>
         <input_file_ref idref="fl-ed"/>
      </object_component>
      <object_component id="oc-a7">
         <name>.debug_info</name>
         <load_address>0x2bcfa</load_address>
         <run_address>0x2bcfa</run_address>
         <size>0x146</size>
         <input_file_ref idref="fl-ee"/>
      </object_component>
      <object_component id="oc-2bd">
         <name>.debug_info</name>
         <load_address>0x2be40</load_address>
         <run_address>0x2be40</run_address>
         <size>0xa6</size>
      </object_component>
      <object_component id="oc-22e">
         <name>.debug_line</name>
         <load_address>0x0</load_address>
         <run_address>0x0</run_address>
         <size>0x231</size>
         <input_file_ref idref="fl-2"/>
      </object_component>
      <object_component id="oc-22c">
         <name>.debug_line</name>
         <load_address>0x231</load_address>
         <run_address>0x231</run_address>
         <size>0x31</size>
         <input_file_ref idref="fl-2"/>
      </object_component>
      <object_component id="oc-cd">
         <name>.debug_line</name>
         <load_address>0x262</load_address>
         <run_address>0x262</run_address>
         <size>0x15e</size>
         <input_file_ref idref="fl-2"/>
      </object_component>
      <object_component id="oc-1fb">
         <name>.debug_line</name>
         <load_address>0x3c0</load_address>
         <run_address>0x3c0</run_address>
         <size>0x55</size>
         <input_file_ref idref="fl-2"/>
      </object_component>
      <object_component id="oc-1f6">
         <name>.debug_line</name>
         <load_address>0x415</load_address>
         <run_address>0x415</run_address>
         <size>0x52</size>
         <input_file_ref idref="fl-2"/>
      </object_component>
      <object_component id="oc-205">
         <name>.debug_line</name>
         <load_address>0x467</load_address>
         <run_address>0x467</run_address>
         <size>0x5e</size>
         <input_file_ref idref="fl-2"/>
      </object_component>
      <object_component id="oc-24f">
         <name>.debug_line</name>
         <load_address>0x4c5</load_address>
         <run_address>0x4c5</run_address>
         <size>0x6d</size>
         <input_file_ref idref="fl-2"/>
      </object_component>
      <object_component id="oc-27d">
         <name>.debug_line</name>
         <load_address>0x532</load_address>
         <run_address>0x532</run_address>
         <size>0x70</size>
         <input_file_ref idref="fl-2"/>
      </object_component>
      <object_component id="oc-284">
         <name>.debug_line</name>
         <load_address>0x5a2</load_address>
         <run_address>0x5a2</run_address>
         <size>0x6f</size>
         <input_file_ref idref="fl-2"/>
      </object_component>
      <object_component id="oc-132">
         <name>.debug_line</name>
         <load_address>0x611</load_address>
         <run_address>0x611</run_address>
         <size>0x20</size>
         <input_file_ref idref="fl-2"/>
      </object_component>
      <object_component id="oc-137">
         <name>.debug_line</name>
         <load_address>0x631</load_address>
         <run_address>0x631</run_address>
         <size>0x5f</size>
         <input_file_ref idref="fl-2"/>
      </object_component>
      <object_component id="oc-1ef">
         <name>.debug_line</name>
         <load_address>0x690</load_address>
         <run_address>0x690</run_address>
         <size>0x6d</size>
         <input_file_ref idref="fl-2"/>
      </object_component>
      <object_component id="oc-238">
         <name>.debug_line</name>
         <load_address>0x6fd</load_address>
         <run_address>0x6fd</run_address>
         <size>0x6e</size>
         <input_file_ref idref="fl-2"/>
      </object_component>
      <object_component id="oc-200">
         <name>.debug_line</name>
         <load_address>0x76b</load_address>
         <run_address>0x76b</run_address>
         <size>0x2d</size>
         <input_file_ref idref="fl-2"/>
      </object_component>
      <object_component id="oc-f6">
         <name>.debug_line</name>
         <load_address>0x798</load_address>
         <run_address>0x798</run_address>
         <size>0x70</size>
         <input_file_ref idref="fl-3"/>
      </object_component>
      <object_component id="oc-24b">
         <name>.debug_line</name>
         <load_address>0x808</load_address>
         <run_address>0x808</run_address>
         <size>0xbb</size>
         <input_file_ref idref="fl-4"/>
      </object_component>
      <object_component id="oc-249">
         <name>.debug_line</name>
         <load_address>0x8c3</load_address>
         <run_address>0x8c3</run_address>
         <size>0x31</size>
         <input_file_ref idref="fl-4"/>
      </object_component>
      <object_component id="oc-247">
         <name>.debug_line</name>
         <load_address>0x8f4</load_address>
         <run_address>0x8f4</run_address>
         <size>0x31</size>
         <input_file_ref idref="fl-4"/>
      </object_component>
      <object_component id="oc-f1">
         <name>.debug_line</name>
         <load_address>0x925</load_address>
         <run_address>0x925</run_address>
         <size>0xbf</size>
         <input_file_ref idref="fl-4"/>
      </object_component>
      <object_component id="oc-91">
         <name>.debug_line</name>
         <load_address>0x9e4</load_address>
         <run_address>0x9e4</run_address>
         <size>0x20</size>
         <input_file_ref idref="fl-4"/>
      </object_component>
      <object_component id="oc-1f2">
         <name>.debug_line</name>
         <load_address>0xa04</load_address>
         <run_address>0xa04</run_address>
         <size>0x33e</size>
         <input_file_ref idref="fl-5"/>
      </object_component>
      <object_component id="oc-1e0">
         <name>.debug_line</name>
         <load_address>0xd42</load_address>
         <run_address>0xd42</run_address>
         <size>0x2d</size>
         <input_file_ref idref="fl-5"/>
      </object_component>
      <object_component id="oc-192">
         <name>.debug_line</name>
         <load_address>0xd6f</load_address>
         <run_address>0xd6f</run_address>
         <size>0x2d</size>
         <input_file_ref idref="fl-5"/>
      </object_component>
      <object_component id="oc-194">
         <name>.debug_line</name>
         <load_address>0xd9c</load_address>
         <run_address>0xd9c</run_address>
         <size>0x2d</size>
         <input_file_ref idref="fl-5"/>
      </object_component>
      <object_component id="oc-1eb">
         <name>.debug_line</name>
         <load_address>0xdc9</load_address>
         <run_address>0xdc9</run_address>
         <size>0x2d</size>
         <input_file_ref idref="fl-5"/>
      </object_component>
      <object_component id="oc-82">
         <name>.debug_line</name>
         <load_address>0xdf6</load_address>
         <run_address>0xdf6</run_address>
         <size>0x60a</size>
         <input_file_ref idref="fl-5"/>
      </object_component>
      <object_component id="oc-1e4">
         <name>.debug_line</name>
         <load_address>0x1400</load_address>
         <run_address>0x1400</run_address>
         <size>0x32</size>
         <input_file_ref idref="fl-5"/>
      </object_component>
      <object_component id="oc-243">
         <name>.debug_line</name>
         <load_address>0x1432</load_address>
         <run_address>0x1432</run_address>
         <size>0xbb</size>
         <input_file_ref idref="fl-6"/>
      </object_component>
      <object_component id="oc-23f">
         <name>.debug_line</name>
         <load_address>0x14ed</load_address>
         <run_address>0x14ed</run_address>
         <size>0x31</size>
         <input_file_ref idref="fl-6"/>
      </object_component>
      <object_component id="oc-241">
         <name>.debug_line</name>
         <load_address>0x151e</load_address>
         <run_address>0x151e</run_address>
         <size>0x31</size>
         <input_file_ref idref="fl-6"/>
      </object_component>
      <object_component id="oc-23d">
         <name>.debug_line</name>
         <load_address>0x154f</load_address>
         <run_address>0x154f</run_address>
         <size>0x31</size>
         <input_file_ref idref="fl-6"/>
      </object_component>
      <object_component id="oc-eb">
         <name>.debug_line</name>
         <load_address>0x1580</load_address>
         <run_address>0x1580</run_address>
         <size>0xc0</size>
         <input_file_ref idref="fl-6"/>
      </object_component>
      <object_component id="oc-13a">
         <name>.debug_line</name>
         <load_address>0x1640</load_address>
         <run_address>0x1640</run_address>
         <size>0x40</size>
         <input_file_ref idref="fl-7"/>
      </object_component>
      <object_component id="oc-84">
         <name>.debug_line</name>
         <load_address>0x1680</load_address>
         <run_address>0x1680</run_address>
         <size>0x40</size>
         <input_file_ref idref="fl-7"/>
      </object_component>
      <object_component id="oc-78">
         <name>.debug_line</name>
         <load_address>0x16c0</load_address>
         <run_address>0x16c0</run_address>
         <size>0x6d</size>
         <input_file_ref idref="fl-7"/>
      </object_component>
      <object_component id="oc-212">
         <name>.debug_line</name>
         <load_address>0x172d</load_address>
         <run_address>0x172d</run_address>
         <size>0x3b</size>
         <input_file_ref idref="fl-8"/>
      </object_component>
      <object_component id="oc-bc">
         <name>.debug_line</name>
         <load_address>0x1768</load_address>
         <run_address>0x1768</run_address>
         <size>0x146</size>
         <input_file_ref idref="fl-8"/>
      </object_component>
      <object_component id="oc-234">
         <name>.debug_line</name>
         <load_address>0x18ae</load_address>
         <run_address>0x18ae</run_address>
         <size>0x10d</size>
         <input_file_ref idref="fl-9"/>
      </object_component>
      <object_component id="oc-232">
         <name>.debug_line</name>
         <load_address>0x19bb</load_address>
         <run_address>0x19bb</run_address>
         <size>0x32</size>
         <input_file_ref idref="fl-9"/>
      </object_component>
      <object_component id="oc-d6">
         <name>.debug_line</name>
         <load_address>0x19ed</load_address>
         <run_address>0x19ed</run_address>
         <size>0xf6</size>
         <input_file_ref idref="fl-9"/>
      </object_component>
      <object_component id="oc-267">
         <name>.debug_line</name>
         <load_address>0x1ae3</load_address>
         <run_address>0x1ae3</run_address>
         <size>0x73</size>
         <input_file_ref idref="fl-a"/>
      </object_component>
      <object_component id="oc-265">
         <name>.debug_line</name>
         <load_address>0x1b56</load_address>
         <run_address>0x1b56</run_address>
         <size>0x43</size>
         <input_file_ref idref="fl-a"/>
      </object_component>
      <object_component id="oc-109">
         <name>.debug_line</name>
         <load_address>0x1b99</load_address>
         <run_address>0x1b99</run_address>
         <size>0x5cd</size>
         <input_file_ref idref="fl-a"/>
      </object_component>
      <object_component id="oc-1b5">
         <name>.debug_line</name>
         <load_address>0x2166</load_address>
         <run_address>0x2166</run_address>
         <size>0xc8</size>
         <input_file_ref idref="fl-d"/>
      </object_component>
      <object_component id="oc-28b">
         <name>.debug_line</name>
         <load_address>0x222e</load_address>
         <run_address>0x222e</run_address>
         <size>0xc3</size>
         <input_file_ref idref="fl-f"/>
      </object_component>
      <object_component id="oc-289">
         <name>.debug_line</name>
         <load_address>0x22f1</load_address>
         <run_address>0x22f1</run_address>
         <size>0x40</size>
         <input_file_ref idref="fl-f"/>
      </object_component>
      <object_component id="oc-17b">
         <name>.debug_line</name>
         <load_address>0x2331</load_address>
         <run_address>0x2331</run_address>
         <size>0x74c</size>
         <input_file_ref idref="fl-f"/>
      </object_component>
      <object_component id="oc-279">
         <name>.debug_line</name>
         <load_address>0x2a7d</load_address>
         <run_address>0x2a7d</run_address>
         <size>0x110</size>
         <input_file_ref idref="fl-11"/>
      </object_component>
      <object_component id="oc-277">
         <name>.debug_line</name>
         <load_address>0x2b8d</load_address>
         <run_address>0x2b8d</run_address>
         <size>0x43</size>
         <input_file_ref idref="fl-11"/>
      </object_component>
      <object_component id="oc-170">
         <name>.debug_line</name>
         <load_address>0x2bd0</load_address>
         <run_address>0x2bd0</run_address>
         <size>0xb86</size>
         <input_file_ref idref="fl-11"/>
      </object_component>
      <object_component id="oc-28d">
         <name>.debug_line</name>
         <load_address>0x3756</load_address>
         <run_address>0x3756</run_address>
         <size>0x20</size>
         <input_file_ref idref="fl-12"/>
      </object_component>
      <object_component id="oc-181">
         <name>.debug_line</name>
         <load_address>0x3776</load_address>
         <run_address>0x3776</run_address>
         <size>0x113</size>
         <input_file_ref idref="fl-12"/>
      </object_component>
      <object_component id="oc-26d">
         <name>.debug_line</name>
         <load_address>0x3889</load_address>
         <run_address>0x3889</run_address>
         <size>0x73</size>
         <input_file_ref idref="fl-13"/>
      </object_component>
      <object_component id="oc-269">
         <name>.debug_line</name>
         <load_address>0x38fc</load_address>
         <run_address>0x38fc</run_address>
         <size>0x42</size>
         <input_file_ref idref="fl-13"/>
      </object_component>
      <object_component id="oc-26b">
         <name>.debug_line</name>
         <load_address>0x393e</load_address>
         <run_address>0x393e</run_address>
         <size>0x42</size>
         <input_file_ref idref="fl-13"/>
      </object_component>
      <object_component id="oc-10e">
         <name>.debug_line</name>
         <load_address>0x3980</load_address>
         <run_address>0x3980</run_address>
         <size>0x29a</size>
         <input_file_ref idref="fl-13"/>
      </object_component>
      <object_component id="oc-28f">
         <name>.debug_line</name>
         <load_address>0x3c1a</load_address>
         <run_address>0x3c1a</run_address>
         <size>0x73</size>
         <input_file_ref idref="fl-14"/>
      </object_component>
      <object_component id="oc-1a3">
         <name>.debug_line</name>
         <load_address>0x3c8d</load_address>
         <run_address>0x3c8d</run_address>
         <size>0x5b6</size>
         <input_file_ref idref="fl-14"/>
      </object_component>
      <object_component id="oc-263">
         <name>.debug_line</name>
         <load_address>0x4243</load_address>
         <run_address>0x4243</run_address>
         <size>0x6d</size>
         <input_file_ref idref="fl-15"/>
      </object_component>
      <object_component id="oc-259">
         <name>.debug_line</name>
         <load_address>0x42b0</load_address>
         <run_address>0x42b0</run_address>
         <size>0x47</size>
         <input_file_ref idref="fl-15"/>
      </object_component>
      <object_component id="oc-25b">
         <name>.debug_line</name>
         <load_address>0x42f7</load_address>
         <run_address>0x42f7</run_address>
         <size>0x47</size>
         <input_file_ref idref="fl-15"/>
      </object_component>
      <object_component id="oc-25f">
         <name>.debug_line</name>
         <load_address>0x433e</load_address>
         <run_address>0x433e</run_address>
         <size>0x47</size>
         <input_file_ref idref="fl-15"/>
      </object_component>
      <object_component id="oc-261">
         <name>.debug_line</name>
         <load_address>0x4385</load_address>
         <run_address>0x4385</run_address>
         <size>0x47</size>
         <input_file_ref idref="fl-15"/>
      </object_component>
      <object_component id="oc-25d">
         <name>.debug_line</name>
         <load_address>0x43cc</load_address>
[...]
         <object_component_ref idref="oc-11f"/>
      </symbol>
      <symbol id="sm-912">
         <name>SysCtl_disableGlitchFilter</name>
         <value>0x51ad</value>
         <object_component_ref idref="oc-11f"/>
      </symbol>
      <symbol id="sm-913">
         <name>SysCtl_disableNMISource</name>
         <value>0x51a1</value>
         <object_component_ref idref="oc-11f"/>
      </symbol>
      <symbol id="sm-914">
         <name>SysCtl_setWDTPasswordViolationResetType</name>
         <value>0x5073</value>
         <object_component_ref idref="oc-11f"/>
      </symbol>
      <symbol id="sm-915">
         <name>SysCtl_rebootDevice</name>
         <value>0x508d</value>
         <object_component_ref idref="oc-11f"/>
      </symbol>
      <symbol id="sm-916">
         <name>SysCtl_getFlashSize</name>
         <value>0x50f5</value>
         <object_component_ref idref="oc-11f"/>
      </symbol>
      <symbol id="sm-917">
         <name>SysCtl_getTLVInfo</name>
         <value>0x509f</value>
         <object_component_ref idref="oc-11f"/>
      </symbol>
      <symbol id="sm-918">
         <name>SysCtl_enableGlitchFilter</name>
         <value>0x5133</value>
         <object_component_ref idref="oc-11f"/>
      </symbol>
      <symbol id="sm-919">
         <name>SysCtl_enableSRAMBankRetention</name>
         <value>0x50fd</value>
         <object_component_ref idref="oc-11f"/>
      </symbol>
      <symbol id="sm-930">
         <name>SysTick_setPeriod</name>
         <value>0x56e7</value>
         <object_component_ref idref="oc-119"/>
      </symbol>
      <symbol id="sm-931">
         <name>SysTick_disableModule</name>
         <value>0x5723</value>
         <object_component_ref idref="oc-119"/>
      </symbol>
      <symbol id="sm-932">
         <name>SysTick_disableInterrupt</name>
         <value>0x5731</value>
         <object_component_ref idref="oc-119"/>
      </symbol>
      <symbol id="sm-933">
         <name>SysTick_getPeriod</name>
         <value>0x56ff</value>
         <object_component_ref idref="oc-119"/>
      </symbol>
      <symbol id="sm-934">
         <name>SysTick_registerInterrupt</name>
         <value>0x56ef</value>
         <object_component_ref idref="oc-119"/>
      </symbol>
      <symbol id="sm-935">
         <name>SysTick_getValue</name>
         <value>0x56f7</value>
         <object_component_ref idref="oc-119"/>
      </symbol>
      <symbol id="sm-936">
         <name>SysTick_enableInterrupt</name>
         <value>0x5715</value>
         <object_component_ref idref="oc-119"/>
      </symbol>
      <symbol id="sm-937">
         <name>SysTick_unregisterInterrupt</name>
         <value>0x56e1</value>
         <object_component_ref idref="oc-119"/>
      </symbol>
      <symbol id="sm-938">
         <name>SysTick_enableModule</name>
         <value>0x5707</value>
         <object_component_ref idref="oc-119"/>
      </symbol>
      <symbol id="sm-973">
         <name>UART_unregisterInterrupt</name>
         <value>0x444d</value>
         <object_component_ref idref="oc-f8"/>
      </symbol>
      <symbol id="sm-974">
         <name>UART_enableInterrupt</name>
         <value>0x4663</value>
         <object_component_ref idref="oc-f8"/>
      </symbol>
      <symbol id="sm-975">
         <name>UART_receiveData</name>
         <value>0x4567</value>
         <object_component_ref idref="oc-f8"/>
      </symbol>
      <symbol id="sm-976">
         <name>UART_enableModule</name>
         <value>0x4657</value>
         <object_component_ref idref="oc-f8"/>
      </symbol>
      <symbol id="sm-977">
         <name>UART_disableModule</name>
         <value>0x4679</value>
         <object_component_ref idref="oc-f8"/>
      </symbol>
      <symbol id="sm-978">
         <name>UART_getEnabledInterruptStatus</name>
         <value>0x4627</value>
         <object_component_ref idref="oc-f8"/>
      </symbol>
      <symbol id="sm-979">
         <name>UART_transmitData</name>
         <value>0x4493</value>
         <object_component_ref idref="oc-f8"/>
      </symbol>
      <symbol id="sm-97a">
         <name>UART_transmitBreak</name>
         <value>0x44b3</value>
         <object_component_ref idref="oc-f8"/>
      </symbol>
      <symbol id="sm-97b">
         <name>UART_registerInterrupt</name>
         <value>0x4521</value>
         <object_component_ref idref="oc-f8"/>
      </symbol>
      <symbol id="sm-97c">
         <name>UART_selectDeglitchTime</name>
         <value>0x4505</value>
         <object_component_ref idref="oc-f8"/>
      </symbol>
      <symbol id="sm-97d">
         <name>UART_getInterruptStatus</name>
         <value>0x461f</value>
         <object_component_ref idref="oc-f8"/>
      </symbol>
      <symbol id="sm-97e">
         <name>UART_getReceiveBufferAddressForDMA</name>
         <value>0x461b</value>
         <object_component_ref idref="oc-f8"/>
      </symbol>
      <symbol id="sm-97f">
         <name>UART_getTransmitBufferAddressForDMA</name>
         <value>0x4617</value>
         <object_component_ref idref="oc-f8"/>
      </symbol>
      <symbol id="sm-980">
         <name>UART_initModule</name>
         <value>0x4593</value>
         <object_component_ref idref="oc-f8"/>
      </symbol>
      <symbol id="sm-981">
         <name>UART_transmitAddress</name>
         <value>0x44e7</value>
         <object_component_ref idref="oc-f8"/>
      </symbol>
      <symbol id="sm-982">
         <name>UART_clearInterruptFlag</name>
         <value>0x46a7</value>
         <object_component_ref idref="oc-f8"/>
      </symbol>
      <symbol id="sm-983">
         <name>UART_queryStatusFlags</name>
         <value>0x458b</value>
         <object_component_ref idref="oc-f8"/>
      </symbol>
      <symbol id="sm-984">
         <name>UART_disableInterrupt</name>
         <value>0x4685</value>
         <object_component_ref idref="oc-f8"/>
      </symbol>
      <symbol id="sm-985">
         <name>UART_setDormant</name>
         <value>0x44f7</value>
         <object_component_ref idref="oc-f8"/>
      </symbol>
      <symbol id="sm-986">
         <name>UART_resetDormant</name>
         <value>0x4513</value>
         <object_component_ref idref="oc-f8"/>
      </symbol>
      <symbol id="sm-99b">
         <name>WDT_A_registerInterrupt</name>
         <value>0x5529</value>
         <object_component_ref idref="oc-e0"/>
      </symbol>
      <symbol id="sm-99c">
         <name>WDT_A_initIntervalTimer</name>
         <value>0x554d</value>
         <object_component_ref idref="oc-e0"/>
      </symbol>
      <symbol id="sm-99d">
         <name>WDT_A_clearTimer</name>
         <value>0x5571</value>
         <object_component_ref idref="oc-e0"/>
      </symbol>
      <symbol id="sm-99e">
         <name>WDT_A_holdTimer</name>
         <value>0x555f</value>
         <object_component_ref idref="oc-e0"/>
      </symbol>
      <symbol id="sm-99f">
         <name>WDT_A_initWatchdogTimer</name>
         <value>0x553b</value>
         <object_component_ref idref="oc-e0"/>
      </symbol>
      <symbol id="sm-9a0">
         <name>WDT_A_startTimer</name>
         <value>0x5519</value>
         <object_component_ref idref="oc-e0"/>
      </symbol>
      <symbol id="sm-9a1">
         <name>WDT_A_unregisterInterrupt</name>
         <value>0x5509</value>
         <object_component_ref idref="oc-e0"/>
      </symbol>
      <symbol id="sm-9b2">
         <name>_c_int00</name>
         <value>0x5745</value>
         <object_component_ref idref="oc-26"/>
      </symbol>
      <symbol id="sm-9b3">
         <name>__stack</name>
         <value>0x2000fe00</value>
         <object_component_ref idref="oc-2f"/>
      </symbol>
      <symbol id="sm-9ca">
         <name>__TI_decompress_none</name>
         <value>0x5909</value>
         <object_component_ref idref="oc-14"/>
      </symbol>
      <symbol id="sm-9f2">
         <name>__TI_decompress_rle24</name>
         <value>0x5925</value>
         <object_component_ref idref="oc-1a"/>
      </symbol>
      <symbol id="sm-a14">
         <name>C$$EXIT</name>
         <value>0x5799</value>
         <object_component_ref idref="oc-6d"/>
      </symbol>
      <symbol id="sm-a15">
         <name>abort</name>
         <value>0x579d</value>
         <object_component_ref idref="oc-6d"/>
      </symbol>
      <symbol id="sm-a16">
         <name>exit</name>
         <value>0x57a5</value>
         <object_component_ref idref="oc-6d"/>
      </symbol>
      <symbol id="sm-a17">
         <name>__TI_dtors_ptr</name>
         <value>0x2000f750</value>
         <object_component_ref idref="oc-b0"/>
      </symbol>
      <symbol id="sm-a18">
         <name>__TI_cleanup_ptr</name>
         <value>0x2000f74c</value>
         <object_component_ref idref="oc-b0"/>
      </symbol>
      <symbol id="sm-a19">
         <name>__TI_enable_exit_profile_output</name>
         <value>0x2000f754</value>
         <object_component_ref idref="oc-b0"/>
      </symbol>
      <symbol id="sm-a34">
         <name>memcpy</name>
         <value>0x53e5</value>
         <object_component_ref idref="oc-30"/>
      </symbol>
      <symbol id="sm-a35">
         <name>__aeabi_memcpy</name>
         <value>0x53e5</value>
         <object_component_ref idref="oc-30"/>
      </symbol>
      <symbol id="sm-a36">
         <name>__aeabi_memcpy8</name>
         <value>0x53e5</value>
         <object_component_ref idref="oc-30"/>
      </symbol>
      <symbol id="sm-a37">
         <name>__aeabi_memcpy4</name>
         <value>0x53e5</value>
         <object_component_ref idref="oc-30"/>
      </symbol>
      <symbol id="sm-a46">
         <name>__aeabi_memset</name>
         <value>0x558b</value>
         <object_component_ref idref="oc-49"/>
      </symbol>
      <symbol id="sm-a47">
         <name>memset</name>
         <value>0x5591</value>
         <object_component_ref idref="oc-49"/>
      </symbol>
      <symbol id="sm-a48">
         <name>__aeabi_memset8</name>
         <value>0x558b</value>
         <object_component_ref idref="oc-49"/>
      </symbol>
      <symbol id="sm-a49">
         <name>__aeabi_memset4</name>
         <value>0x558b</value>
         <object_component_ref idref="oc-49"/>
      </symbol>
      <symbol id="sm-a4a">
         <name>__aeabi_memclr8</name>
         <value>0x5589</value>
         <object_component_ref idref="oc-49"/>
      </symbol>
      <symbol id="sm-a4b">
         <name>__aeabi_memclr4</name>
         <value>0x5589</value>
         <object_component_ref idref="oc-49"/>
      </symbol>
      <symbol id="sm-a4c">
         <name>__aeabi_memclr</name>
         <value>0x5589</value>
         <object_component_ref idref="oc-49"/>
      </symbol>
      <symbol id="sm-a56">
         <name>__mpu_init</name>
         <value>0x5603</value>
         <object_component_ref idref="oc-55"/>
      </symbol>
      <symbol id="sm-a60">
         <name>_system_pre_init</name>
         <value>0x592b</value>
         <object_component_ref idref="oc-5b"/>
      </symbol>
      <symbol id="sm-a68">
         <name>main_func_sp</name>
         <value>0x2000f760</value>
         <object_component_ref idref="oc-73"/>
      </symbol>
      <symbol id="sm-a76">
         <name>strlen</name>
         <value>0x58f5</value>
         <object_component_ref idref="oc-165"/>
      </symbol>
      <symbol id="sm-a87">
         <name>strncat</name>
         <value>0x589f</value>
         <object_component_ref idref="oc-ce"/>
      </symbol>
      <symbol id="sm-a97">
         <name>strncpy</name>
         <value>0x586f</value>
         <object_component_ref idref="oc-c2"/>
      </symbol>
      <symbol id="sm-ab0">
         <name>_nop</name>
         <value>0x58ef</value>
         <object_component_ref idref="oc-153"/>
      </symbol>
      <symbol id="sm-ab1">
         <name>_lock</name>
         <value>0x2000f758</value>
         <object_component_ref idref="oc-b3"/>
      </symbol>
      <symbol id="sm-ab2">
         <name>_unlock</name>
         <value>0x2000f75c</value>
         <object_component_ref idref="oc-b3"/>
      </symbol>
      <symbol id="sm-ab3">
         <name>_register_lock</name>
         <value>0x58e7</value>
         <object_component_ref idref="oc-153"/>
      </symbol>
      <symbol id="sm-ab4">
         <name>_register_unlock</name>
         <value>0x58e1</value>
         <object_component_ref idref="oc-153"/>
      </symbol>
      <symbol id="sm-ac8">
         <name>_args_main</name>
         <value>0x58c9</value>
         <object_component_ref idref="oc-67"/>
      </symbol>
      <symbol id="sm-aed">
         <name>__TI_auto_init</name>
         <value>0x5605</value>
         <object_component_ref idref="oc-61"/>
      </symbol>
      <symbol id="sm-b07">
         <name>copy_in</name>
         <value>0x57ed</value>
         <object_component_ref idref="oc-a0"/>
      </symbol>
      <symbol id="sm-b11">
         <name>_system_post_cinit</name>
         <value>0x56df</value>
         <object_component_ref idref="oc-a6"/>
      </symbol>
      <symbol id="sm-b12">
         <name>__TI_static_base__</name>
         <value>0x0</value>
      </symbol>
      <symbol id="sm-b15">
         <name>SHT$$INIT_ARRAY$$Limit</name>
         <value>0x0</value>
      </symbol>
      <symbol id="sm-b16">
         <name>SHT$$INIT_ARRAY$$Base</name>
         <value>0x0</value>
      </symbol>
      <symbol id="sm-b17">
         <name>NMI_Handler</name>
         <value>0x5923</value>
      </symbol>
      <symbol id="sm-b18">
         <name>HardFault_Handler</name>
         <value>0x5923</value>
      </symbol>
      <symbol id="sm-b19">
         <name>MemManage_Handler</name>
         <value>0x5923</value>
      </symbol>
      <symbol id="sm-b1a">
         <name>BusFault_Handler</name>
         <value>0x5923</value>
      </symbol>
      <symbol id="sm-b1b">
         <name>UsageFault_Handler</name>
         <value>0x5923</value>
      </symbol>
      <symbol id="sm-b1c">
         <name>SVC_Handler</name>
         <value>0x5923</value>
      </symbol>
      <symbol id="sm-b1d">
         <name>DebugMon_Handler</name>
         <value>0x5923</value>
      </symbol>
      <symbol id="sm-b1e">
         <name>PendSV_Handler</name>
         <value>0x5923</value>
      </symbol>
      <symbol id="sm-b1f">
         <name>SysTick_Handler</name>
         <value>0x1aad</value>
      </symbol>
      <symbol id="sm-b20">
         <name>PSS_IRQHandler</name>
         <value>0x5923</value>
      </symbol>
      <symbol id="sm-b21">
         <name>CS_IRQHandler</name>
         <value>0x5923</value>
      </symbol>
      <symbol id="sm-b22">
         <name>PCM_IRQHandler</name>
         <value>0x5923</value>
      </symbol>
      <symbol id="sm-b23">
         <name>WDT_A_IRQHandler</name>
         <value>0x5923</value>
      </symbol>
      <symbol id="sm-b24">
         <name>FPU_IRQHandler</name>
         <value>0x5923</value>
      </symbol>
      <symbol id="sm-b25">
         <name>FLCTL_IRQHandler</name>
         <value>0x5923</value>
      </symbol>
      <symbol id="sm-b26">
         <name>COMP_E0_IRQHandler</name>
         <value>0x5923</value>
      </symbol>
      <symbol id="sm-b27">
         <name>COMP_E1_IRQHandler</name>
         <value>0x5923</value>
      </symbol>
      <symbol id="sm-b28">
         <name>TA0_0_IRQHandler</name>
         <value>0x5923</value>
      </symbol>
      <symbol id="sm-b29">
         <name>TA0_N_IRQHandler</name>
         <value>0x5923</value>
      </symbol>
      <symbol id="sm-b2a">
         <name>TA1_0_IRQHandler</name>
         <value>0x5923</value>
      </symbol>
      <symbol id="sm-b2b">
         <name>TA1_N_IRQHandler</name>
         <value>0x5923</value>
      </symbol>
      <symbol id="sm-b2c">
         <name>TA2_0_IRQHandler</name>
         <value>0x5923</value>
      </symbol>
      <symbol id="sm-b2d">
         <name>TA2_N_IRQHandler</name>
         <value>0x5923</value>
      </symbol>
      <symbol id="sm-b2e">
         <name>TA3_0_IRQHandler</name>
         <value>0x5923</value>
      </symbol>
      <symbol id="sm-b2f">
         <name>TA3_N_IRQHandler</name>
         <value>0x5923</value>
      </symbol>
      <symbol id="sm-b30">
         <name>EUSCIA0_IRQHandler</name>
         <value>0x1e55</value>
      </symbol>
      <symbol id="sm-b31">
         <name>EUSCIA1_IRQHandler</name>
         <value>0x5923</value>
      </symbol>
      <symbol id="sm-b32">
         <name>EUSCIA2_IRQHandler</name>
         <value>0x5923</value>
      </symbol>
      <symbol id="sm-b33">
         <name>EUSCIA3_IRQHandler</name>
         <value>0x5923</value>
      </symbol>
      <symbol id="sm-b34">
         <name>EUSCIB0_IRQHandler</name>
         <value>0x5923</value>
      </symbol>
      <symbol id="sm-b35">
         <name>EUSCIB1_IRQHandler</name>
         <value>0x5923</value>
      </symbol>
      <symbol id="sm-b36">
         <name>EUSCIB2_IRQHandler</name>
         <value>0x5923</value>
      </symbol>
      <symbol id="sm-b37">
         <name>EUSCIB3_IRQHandler</name>
         <value>0x5923</value>
      </symbol>
      <symbol id="sm-b38">
         <name>ADC14_IRQHandler</name>
         <value>0x1e7b</value>
      </symbol>
      <symbol id="sm-b39">
         <name>T32_INT1_IRQHandler</name>
         <value>0x5923</value>
      </symbol>
      <symbol id="sm-b3a">
         <name>T32_INT2_IRQHandler</name>
         <value>0x5923</value>
      </symbol>
      <symbol id="sm-b3b">
         <name>T32_INTC_IRQHandler</name>
         <value>0x5923</value>
      </symbol>
      <symbol id="sm-b3c">
         <name>AES256_IRQHandler</name>
         <value>0x5923</value>
      </symbol>
      <symbol id="sm-b3d">
         <name>RTC_C_IRQHandler</name>
         <value>0x5923</value>
      </symbol>
      <symbol id="sm-b3e">
         <name>DMA_ERR_IRQHandler</name>
         <value>0x5923</value>
      </symbol>
      <symbol id="sm-b3f">
         <name>DMA_INT3_IRQHandler</name>
         <value>0x5923</value>
      </symbol>
      <symbol id="sm-b40">
         <name>DMA_INT2_IRQHandler</name>
         <value>0x5923</value>
      </symbol>
      <symbol id="sm-b41">
         <name>DMA_INT1_IRQHandler</name>
         <value>0x5923</value>
      </symbol>
      <symbol id="sm-b42">
         <name>DMA_INT0_IRQHandler</name>
         <value>0x5923</value>
      </symbol>
      <symbol id="sm-b43">
         <name>PORT1_IRQHandler</name>
         <value>0x5923</value>
      </symbol>
      <symbol id="sm-b44">
         <name>PORT2_IRQHandler</name>
         <value>0x1ccd</value>
      </symbol>
      <symbol id="sm-b45">
         <name>PORT3_IRQHandler</name>
         <value>0x1bb9</value>
      </symbol>
      <symbol id="sm-b46">
         <name>PORT4_IRQHandler</name>
         <value>0x5923</value>
      </symbol>
      <symbol id="sm-b47">
         <name>PORT5_IRQHandler</name>
         <value>0x5923</value>
      </symbol>
      <symbol id="sm-b48">
         <name>PORT6_IRQHandler</name>
         <value>0x5923</value>
      </symbol>
      <symbol id="sm-b49">
         <name>WDT_A_setPasswordViolationReset</name>
         <value>0x5073</value>
      </symbol>
      <symbol id="sm-b4a">
         <name>WDT_A_setTimeoutReset</name>
         <value>0x5059</value>
      </symbol>
   </symbol_table>
   <title>Link successful</title>
</link_info>
